Component: ARM Compiler 5.06 update 1 (build 61) Tool: armlink [4d35a8]

==============================================================================

Section Cross References

    startup_stm32f407xx.o(STACK) refers (Special) to heapauxi.o(.text) for __use_two_region_memory
    startup_stm32f407xx.o(HEAP) refers (Special) to heapauxi.o(.text) for __use_two_region_memory
    startup_stm32f407xx.o(RESET) refers (Special) to heapauxi.o(.text) for __use_two_region_memory
    startup_stm32f407xx.o(RESET) refers to startup_stm32f407xx.o(STACK) for __initial_sp
    startup_stm32f407xx.o(RESET) refers to startup_stm32f407xx.o(.text) for Reset_Handler
    startup_stm32f407xx.o(RESET) refers to stm32f4xx_it.o(.text) for NMI_Handler
    startup_stm32f407xx.o(RESET) refers to tm_stm32f4_rtc.o(.text) for RTC_WKUP_IRQHandler
    startup_stm32f407xx.o(RESET) refers to tm_stm32f4_dma.o(.text) for DMA1_Stream0_IRQHandler
    startup_stm32f407xx.o(.text) refers (Special) to heapauxi.o(.text) for __use_two_region_memory
    startup_stm32f407xx.o(.text) refers to system_stm32f4xx.o(.text) for SystemInit
    startup_stm32f407xx.o(.text) refers to __main.o(!!!main) for __main
    startup_stm32f407xx.o(.text) refers to startup_stm32f407xx.o(HEAP) for Heap_Mem
    startup_stm32f407xx.o(.text) refers to startup_stm32f407xx.o(STACK) for Stack_Mem
    stm32f4xx_rcc.o(.text) refers to stm32f4xx_rcc.o(.data) for .data
    stm32f4xx_gpio.o(.text) refers to stm32f4xx_rcc.o(.text) for RCC_AHB1PeriphResetCmd
    stm32f4xx_i2c.o(.text) refers to stm32f4xx_rcc.o(.text) for RCC_APB1PeriphResetCmd
    stm32f4xx_spi.o(.text) refers to stm32f4xx_rcc.o(.text) for RCC_APB1PeriphResetCmd
    stm32f4xx_adc.o(.text) refers to stm32f4xx_rcc.o(.text) for RCC_APB2PeriphResetCmd
    stm32f4xx_dac.o(.text) refers to stm32f4xx_rcc.o(.text) for RCC_APB1PeriphResetCmd
    stm32f4xx_tim.o(.text) refers to stm32f4xx_rcc.o(.text) for RCC_APB2PeriphResetCmd
    tm_stm32f4_delay.o(.text) refers to h1_alloc.o(.text) for malloc
    tm_stm32f4_delay.o(.text) refers to h1_free.o(.text) for free
    tm_stm32f4_delay.o(.text) refers to tm_stm32f4_delay.o(.data) for .data
    tm_stm32f4_delay.o(.text) refers to tm_stm32f4_delay.o(.bss) for .bss
    tm_stm32f4_delay.o(.text) refers to system_stm32f4xx.o(.data) for SystemCoreClock
    tm_stm32f4_fonts.o(.text) refers to strlen.o(.text) for strlen
    tm_stm32f4_fonts.o(.data) refers to tm_stm32f4_fonts.o(.constdata) for TM_Font7x10
    tm_stm32f4_fonts.o(.data) refers to tm_stm32f4_fonts.o(.constdata) for TM_Font11x18
    tm_stm32f4_fonts.o(.data) refers to tm_stm32f4_fonts.o(.constdata) for TM_Font16x26
    tm_stm32f4_ili9341.o(.text) refers to stm32f4xx_gpio.o(.text) for GPIO_ResetBits
    tm_stm32f4_ili9341.o(.text) refers to tm_stm32f4_spi.o(.text) for TM_SPI_SetDataSize
    tm_stm32f4_ili9341.o(.text) refers to tm_stm32f4_spi_dma.o(.text) for TM_SPI_DMA_SendHalfWord
    tm_stm32f4_ili9341.o(.text) refers to tm_stm32f4_gpio.o(.text) for TM_GPIO_Init
    tm_stm32f4_ili9341.o(.text) refers to tm_stm32f4_ili9341.o(.data) for .data
    tm_stm32f4_ili9341.o(.text) refers to tm_stm32f4_delay.o(.data) for mult
    tm_stm32f4_ili9341.o(.text) refers to llshl.o(.text) for __aeabi_llsl
    tm_stm32f4_ili9341.o(.text) refers to tm_stm32f4_ili9341.o(.constdata) for .constdata
    tm_stm32f4_spi.o(.text) refers to tm_stm32f4_gpio.o(.text) for TM_GPIO_InitAlternate
    tm_stm32f4_spi.o(.text) refers to stm32f4xx_spi.o(.text) for SPI_StructInit
    tm_stm32f4_spi.o(.text) refers to stm32f4xx_rcc.o(.text) for RCC_GetClocksFreq
    tm_stm32f4_i2c.o(.text) refers to tm_stm32f4_gpio.o(.text) for TM_GPIO_InitAlternate
    tm_stm32f4_i2c.o(.text) refers to stm32f4xx_i2c.o(.text) for I2C_Init
    tm_stm32f4_i2c.o(.text) refers to tm_stm32f4_i2c.o(.data) for .data
    tm_stm32f4_gpio.o(.text) refers to tm_stm32f4_gpio.o(.bss) for .bss
    tm_stm32f4_spi_dma.o(.text) refers to stm32f4xx_dma.o(.text) for DMA_DeInit
    tm_stm32f4_spi_dma.o(.text) refers to tm_stm32f4_dma.o(.text) for TM_DMA_ClearFlag
    tm_stm32f4_spi_dma.o(.text) refers to tm_stm32f4_spi_dma.o(.data) for .data
    tm_stm32f4_spi_dma.o(.text) refers to tm_stm32f4_spi_dma.o(.bss) for .bss
    tm_stm32f4_dma.o(.text) refers to misc.o(.text) for NVIC_Init
    tm_stm32f4_dma.o(.text) refers to tm_stm32f4_dma.o(.constdata) for .constdata
    tm_stm32f4_button.o(.text) refers to tm_stm32f4_delay.o(.text) for TM_DELAY_Init
    tm_stm32f4_button.o(.text) refers to h1_alloc.o(.text) for malloc
    tm_stm32f4_button.o(.text) refers to tm_stm32f4_gpio.o(.text) for TM_GPIO_Init
    tm_stm32f4_button.o(.text) refers to tm_stm32f4_button.o(.bss) for .bss
    tm_stm32f4_button.o(.text) refers to tm_stm32f4_delay.o(.data) for TM_Time
    tm_stm32f4_rtc.o(.text) refers to stm32f4xx_rtc.o(.text) for RTC_Init
    tm_stm32f4_rtc.o(.text) refers to stm32f4xx_rcc.o(.text) for RCC_LSICmd
    tm_stm32f4_rtc.o(.text) refers to tm_stm32f4_rtc.o(.data) for .data
[...]
    ETH_IRQHandler                           0x080002ab   Thumb Code     0  startup_stm32f407xx.o(.text)
    ETH_WKUP_IRQHandler                      0x080002ab   Thumb Code     0  startup_stm32f407xx.o(.text)
    EXTI0_IRQHandler                         0x080002ab   Thumb Code     0  startup_stm32f407xx.o(.text)
    EXTI15_10_IRQHandler                     0x080002ab   Thumb Code     0  startup_stm32f407xx.o(.text)
    EXTI1_IRQHandler                         0x080002ab   Thumb Code     0  startup_stm32f407xx.o(.text)
    EXTI2_IRQHandler                         0x080002ab   Thumb Code     0  startup_stm32f407xx.o(.text)
    EXTI3_IRQHandler                         0x080002ab   Thumb Code     0  startup_stm32f407xx.o(.text)
    EXTI4_IRQHandler                         0x080002ab   Thumb Code     0  startup_stm32f407xx.o(.text)
    EXTI9_5_IRQHandler                       0x080002ab   Thumb Code     0  startup_stm32f407xx.o(.text)
    FLASH_IRQHandler                         0x080002ab   Thumb Code     0  startup_stm32f407xx.o(.text)
    FMC_IRQHandler                           0x080002ab   Thumb Code     0  startup_stm32f407xx.o(.text)
    FPU_IRQHandler                           0x080002ab   Thumb Code     0  startup_stm32f407xx.o(.text)
    HASH_RNG_IRQHandler                      0x080002ab   Thumb Code     0  startup_stm32f407xx.o(.text)
    I2C1_ER_IRQHandler                       0x080002ab   Thumb Code     0  startup_stm32f407xx.o(.text)
    I2C1_EV_IRQHandler                       0x080002ab   Thumb Code     0  startup_stm32f407xx.o(.text)
    I2C2_ER_IRQHandler                       0x080002ab   Thumb Code     0  startup_stm32f407xx.o(.text)
    I2C2_EV_IRQHandler                       0x080002ab   Thumb Code     0  startup_stm32f407xx.o(.text)
    I2C3_ER_IRQHandler                       0x080002ab   Thumb Code     0  startup_stm32f407xx.o(.text)
    I2C3_EV_IRQHandler                       0x080002ab   Thumb Code     0  startup_stm32f407xx.o(.text)
    OTG_FS_IRQHandler                        0x080002ab   Thumb Code     0  startup_stm32f407xx.o(.text)
    OTG_FS_WKUP_IRQHandler                   0x080002ab   Thumb Code     0  startup_stm32f407xx.o(.text)
    OTG_HS_EP1_IN_IRQHandler                 0x080002ab   Thumb Code     0  startup_stm32f407xx.o(.text)
    OTG_HS_EP1_OUT_IRQHandler                0x080002ab   Thumb Code     0  startup_stm32f407xx.o(.text)
    OTG_HS_IRQHandler                        0x080002ab   Thumb Code     0  startup_stm32f407xx.o(.text)
    OTG_HS_WKUP_IRQHandler                   0x080002ab   Thumb Code     0  startup_stm32f407xx.o(.text)
    PVD_IRQHandler                           0x080002ab   Thumb Code     0  startup_stm32f407xx.o(.text)
    RCC_IRQHandler                           0x080002ab   Thumb Code     0  startup_stm32f407xx.o(.text)
    SDIO_IRQHandler                          0x080002ab   Thumb Code     0  startup_stm32f407xx.o(.text)
    SPI1_IRQHandler                          0x080002ab   Thumb Code     0  startup_stm32f407xx.o(.text)
    SPI2_IRQHandler                          0x080002ab   Thumb Code     0  startup_stm32f407xx.o(.text)
    SPI3_IRQHandler                          0x080002ab   Thumb Code     0  startup_stm32f407xx.o(.text)
    TAMP_STAMP_IRQHandler                    0x080002ab   Thumb Code     0  startup_stm32f407xx.o(.text)
    TIM1_BRK_TIM9_IRQHandler                 0x080002ab   Thumb Code     0  startup_stm32f407xx.o(.text)
    TIM1_CC_IRQHandler                       0x080002ab   Thumb Code     0  startup_stm32f407xx.o(.text)
    TIM1_TRG_COM_TIM11_IRQHandler            0x080002ab   Thumb Code     0  startup_stm32f407xx.o(.text)
    TIM1_UP_TIM10_IRQHandler                 0x080002ab   Thumb Code     0  startup_stm32f407xx.o(.text)
    TIM2_IRQHandler                          0x080002ab   Thumb Code     0  startup_stm32f407xx.o(.text)
    TIM3_IRQHandler                          0x080002ab   Thumb Code     0  startup_stm32f407xx.o(.text)
    TIM4_IRQHandler                          0x080002ab   Thumb Code     0  startup_stm32f407xx.o(.text)
    TIM5_IRQHandler                          0x080002ab   Thumb Code     0  startup_stm32f407xx.o(.text)
    TIM6_DAC_IRQHandler                      0x080002ab   Thumb Code     0  startup_stm32f407xx.o(.text)
    TIM7_IRQHandler                          0x080002ab   Thumb Code     0  startup_stm32f407xx.o(.text)
    TIM8_BRK_TIM12_IRQHandler                0x080002ab   Thumb Code     0  startup_stm32f407xx.o(.text)
    TIM8_CC_IRQHandler                       0x080002ab   Thumb Code     0  startup_stm32f407xx.o(.text)
    TIM8_TRG_COM_TIM14_IRQHandler            0x080002ab   Thumb Code     0  startup_stm32f407xx.o(.text)
    TIM8_UP_TIM13_IRQHandler                 0x080002ab   Thumb Code     0  startup_stm32f407xx.o(.text)
    UART4_IRQHandler                         0x080002ab   Thumb Code     0  startup_stm32f407xx.o(.text)
    UART5_IRQHandler                         0x080002ab   Thumb Code     0  startup_stm32f407xx.o(.text)
    USART1_IRQHandler                        0x080002ab   Thumb Code     0  startup_stm32f407xx.o(.text)
    USART2_IRQHandler                        0x080002ab   Thumb Code     0  startup_stm32f407xx.o(.text)
    USART3_IRQHandler                        0x080002ab   Thumb Code     0  startup_stm32f407xx.o(.text)
    USART6_IRQHandler                        0x080002ab   Thumb Code     0  startup_stm32f407xx.o(.text)
    WWDG_IRQHandler                          0x080002ab   Thumb Code     0  startup_stm32f407xx.o(.text)
    __user_initial_stackheap                 0x080002ad   Thumb Code     0  startup_stm32f407xx.o(.text)
    NVIC_PriorityGroupConfig                 0x080002d1   Thumb Code    10  misc.o(.text)
    NVIC_Init                                0x080002db   Thumb Code    96  misc.o(.text)
    NVIC_SetVectorTable                      0x0800033b   Thumb Code    14  misc.o(.text)
    NVIC_SystemLPConfig                      0x08000349   Thumb Code    20  misc.o(.text)
    SysTick_CLKSourceConfig                  0x0800035d   Thumb Code    24  misc.o(.text)
    RCC_DeInit                               0x08000381   Thumb Code    68  stm32f4xx_rcc.o(.text)
    RCC_HSEConfig                            0x080003c5   Thumb Code    12  stm32f4xx_rcc.o(.text)
    RCC_GetFlagStatus                        0x080003d1   Thumb Code    46  stm32f4xx_rcc.o(.text)
    RCC_WaitForHSEStartUp                    0x080003ff   Thumb Code    44  stm32f4xx_rcc.o(.text)
    RCC_AdjustHSICalibrationValue            0x0800042b   Thumb Code    16  stm32f4xx_rcc.o(.text)
    RCC_HSICmd                               0x0800043b   Thumb Code     6  stm32f4xx_rcc.o(.text)
    RCC_LSEConfig                            0x08000441   Thumb Code    24  stm32f4xx_rcc.o(.text)
    RCC_LSICmd                               0x08000459   Thumb Code     6  stm32f4xx_rcc.o(.text)
    RCC_PLLConfig                            0x0800045f   Thumb Code    32  stm32f4xx_rcc.o(.text)
    RCC_PLLCmd                               0x0800047f   Thumb Code     6  stm32f4xx_rcc.o(.text)
    RCC_PLLI2SConfig                         0x08000485   Thumb Code    14  stm32f4xx_rcc.o(.text)
    RCC_PLLI2SCmd                            0x08000493   Thumb Code     6  stm32f4xx_rcc.o(.text)
    RCC_PLLSAIConfig                         0x08000499   Thumb Code    18  stm32f4xx_rcc.o(.text)
    RCC_PLLSAICmd                            0x080004ab   Thumb Code     6  stm32f4xx_rcc.o(.text)
    RCC_ClockSecuritySystemCmd               0x080004b1   Thumb Code     6  stm32f4xx_rcc.o(.text)
    RCC_MCO1Config                           0x080004b7   Thumb Code    18  stm32f4xx_rcc.o(.text)
    RCC_MCO2Config                           0x080004c9   Thumb Code    18  stm32f4xx_rcc.o(.text)
    RCC_SYSCLKConfig                         0x080004db   Thumb Code    16  stm32f4xx_rcc.o(.text)
    RCC_GetSYSCLKSource                      0x080004eb   Thumb Code    12  stm32f4xx_rcc.o(.text)
    RCC_HCLKConfig                           0x080004f7   Thumb Code    16  stm32f4xx_rcc.o(.text)
    RCC_PCLK1Config                          0x08000507   Thumb Code    16  stm32f4xx_rcc.o(.text)
    RCC_PCLK2Config                          0x08000517   Thumb Code    18  stm32f4xx_rcc.o(.text)
    RCC_GetClocksFreq                        0x08000529   Thumb Code   134  stm32f4xx_rcc.o(.text)
    RCC_RTCCLKConfig                         0x080005af   Thumb Code    42  stm32f4xx_rcc.o(.text)
    RCC_RTCCLKCmd                            0x080005d9   Thumb Code     8  stm32f4xx_rcc.o(.text)
    RCC_BackupResetCmd                       0x080005e1   Thumb Code     8  stm32f4xx_rcc.o(.text)
    RCC_I2SCLKConfig                         0x080005e9   Thumb Code     8  stm32f4xx_rcc.o(.text)
    RCC_SAIBlockACLKConfig                   0x080005f1   Thumb Code    16  stm32f4xx_rcc.o(.text)
    RCC_SAIBlockBCLKConfig                   0x08000601   Thumb Code    16  stm32f4xx_rcc.o(.text)
    RCC_SAIPLLI2SClkDivConfig                0x08000611   Thumb Code    18  stm32f4xx_rcc.o(.text)
    RCC_SAIPLLSAIClkDivConfig                0x08000623   Thumb Code    24  stm32f4xx_rcc.o(.text)
    RCC_LTDCCLKDivConfig                     0x0800063b   Thumb Code    16  stm32f4xx_rcc.o(.text)
    RCC_TIMCLKPresConfig                     0x0800064b   Thumb Code     8  stm32f4xx_rcc.o(.text)
    RCC_AHB1PeriphClockCmd                   0x08000653   Thumb Code    20  stm32f4xx_rcc.o(.text)
    RCC_AHB2PeriphClockCmd                   0x08000667   Thumb Code    20  stm32f4xx_rcc.o(.text)
    RCC_AHB3PeriphClockCmd                   0x0800067b   Thumb Code    20  stm32f4xx_rcc.o(.text)
    RCC_APB1PeriphClockCmd                   0x0800068f   Thumb Code    20  stm32f4xx_rcc.o(.text)
    RCC_APB2PeriphClockCmd                   0x080006a3   Thumb Code    20  stm32f4xx_rcc.o(.text)
    RCC_AHB1PeriphResetCmd                   0x080006b7   Thumb Code    20  stm32f4xx_rcc.o(.text)
    RCC_AHB2PeriphResetCmd                   0x080006cb   Thumb Code    20  stm32f4xx_rcc.o(.text)
    RCC_AHB3PeriphResetCmd                   0x080006df   Thumb Code    20  stm32f4xx_rcc.o(.text)
    RCC_APB1PeriphResetCmd                   0x080006f3   Thumb Code    20  stm32f4xx_rcc.o(.text)
    RCC_APB2PeriphResetCmd                   0x08000707   Thumb Code    20  stm32f4xx_rcc.o(.text)
    RCC_AHB1PeriphClockLPModeCmd             0x0800071b   Thumb Code    20  stm32f4xx_rcc.o(.text)
    RCC_AHB2PeriphClockLPModeCmd             0x0800072f   Thumb Code    20  stm32f4xx_rcc.o(.text)
    RCC_AHB3PeriphClockLPModeCmd             0x08000743   Thumb Code    20  stm32f4xx_rcc.o(.text)
    RCC_APB1PeriphClockLPModeCmd             0x08000757   Thumb Code    68  stm32f4xx_rcc.o(.text)
    RCC_APB2PeriphClockLPModeCmd             0x0800079b   Thumb Code    18  stm32f4xx_rcc.o(.text)
    RCC_LSEModeConfig                        0x080007ad   Thumb Code    24  stm32f4xx_rcc.o(.text)
    RCC_ITConfig                             0x080007c5   Thumb Code    20  stm32f4xx_rcc.o(.text)
    RCC_ClearFlag                            0x080007d9   Thumb Code    14  stm32f4xx_rcc.o(.text)
    RCC_GetITStatus                          0x080007e7   Thumb Code    18  stm32f4xx_rcc.o(.text)
    RCC_ClearITPendingBit                    0x080007f9   Thumb Code     8  stm32f4xx_rcc.o(.text)
    GPIO_DeInit                              0x08000805   Thumb Code   216  stm32f4xx_gpio.o(.text)
    GPIO_Init                                0x080008dd   Thumb Code   120  stm32f4xx_gpio.o(.text)
    GPIO_StructInit                          0x08000955   Thumb Code    18  stm32f4xx_gpio.o(.text)
    GPIO_PinLockConfig                       0x08000967   Thumb Code    24  stm32f4xx_gpio.o(.text)
    GPIO_ReadInputDataBit                    0x0800097f   Thumb Code    14  stm32f4xx_gpio.o(.text)
    GPIO_ReadInputData                       0x0800098d   Thumb Code     6  stm32f4xx_gpio.o(.text)
    GPIO_ReadOutputDataBit                   0x08000993   Thumb Code    14  stm32f4xx_gpio.o(.text)
    GPIO_ReadOutputData                      0x080009a1   Thumb Code     6  stm32f4xx_gpio.o(.text)
    GPIO_SetBits                             0x080009a7   Thumb Code     4  stm32f4xx_gpio.o(.text)
    GPIO_ResetBits                           0x080009ab   Thumb Code     4  stm32f4xx_gpio.o(.text)
    GPIO_WriteBit                            0x080009af   Thumb Code    10  stm32f4xx_gpio.o(.text)
    GPIO_Write                               0x080009b9   Thumb Code     4  stm32f4xx_gpio.o(.text)
    GPIO_ToggleBits                          0x080009bd   Thumb Code     8  stm32f4xx_gpio.o(.text)
    GPIO_PinAFConfig                         0x080009c5   Thumb Code    32  stm32f4xx_gpio.o(.text)
    DMA_DeInit                               0x08000a11   Thumb Code   272  stm32f4xx_dma.o(.text)
    DMA_Init                                 0x08000b21   Thumb Code    80  stm32f4xx_dma.o(.text)
    DMA_StructInit                           0x08000b71   Thumb Code    34  stm32f4xx_dma.o(.text)
    DMA_Cmd                                  0x08000b93   Thumb Code    20  stm32f4xx_dma.o(.text)
    DMA_PeriphIncOffsetSizeConfig            0x08000ba7   Thumb Code    20  stm32f4xx_dma.o(.text)
    DMA_FlowControllerConfig                 0x08000bbb   Thumb Code    20  stm32f4xx_dma.o(.text)
    DMA_SetCurrDataCounter                   0x08000bcf   Thumb Code     4  stm32f4xx_dma.o(.text)
    DMA_GetCurrDataCounter                   0x08000bd3   Thumb Code     6  stm32f4xx_dma.o(.text)
    DMA_DoubleBufferModeConfig               0x08000bd9   Thumb Code    22  stm32f4xx_dma.o(.text)
    DMA_DoubleBufferModeCmd                  0x08000bef   Thumb Code    20  stm32f4xx_dma.o(.text)
    DMA_MemoryTargetConfig                   0x08000c03   Thumb Code    10  stm32f4xx_dma.o(.text)
    DMA_GetCurrentMemoryTarget               0x08000c0d   Thumb Code    14  stm32f4xx_dma.o(.text)
    DMA_GetCmdStatus                         0x08000c1b   Thumb Code    14  stm32f4xx_dma.o(.text)
    DMA_GetFIFOStatus                        0x08000c29   Thumb Code     8  stm32f4xx_dma.o(.text)
    DMA_GetFlagStatus                        0x08000c31   Thumb Code    42  stm32f4xx_dma.o(.text)
    DMA_ClearFlag                            0x08000c5b   Thumb Code    34  stm32f4xx_dma.o(.text)
    DMA_ITConfig                             0x08000c7d   Thumb Code    44  stm32f4xx_dma.o(.text)
    DMA_GetITStatus                          0x08000ca9   Thumb Code    70  stm32f4xx_dma.o(.text)
    DMA_ClearITPendingBit                    0x08000cef   Thumb Code    34  stm32f4xx_dma.o(.text)
    SPI_I2S_DeInit                           0x08000d31   Thumb Code   108  stm32f4xx_spi.o(.text)
    SPI_Init                                 0x08000d9d   Thumb Code    56  stm32f4xx_spi.o(.text)
    I2S_Init                                 0x08000dd5   Thumb Code   198  stm32f4xx_spi.o(.text)
    SPI_StructInit                           0x08000e9b   Thumb Code    24  stm32f4xx_spi.o(.text)
    I2S_StructInit                           0x08000eb3   Thumb Code    18  stm32f4xx_spi.o(.text)
    SPI_Cmd                                  0x08000ec5   Thumb Code    20  stm32f4xx_spi.o(.text)
    I2S_Cmd                                  0x08000ed9   Thumb Code    20  stm32f4xx_spi.o(.text)
    SPI_DataSizeConfig                       0x08000eed   Thumb Code    16  stm32f4xx_spi.o(.text)
    SPI_BiDirectionalLineConfig              0x08000efd   Thumb Code    22  stm32f4xx_spi.o(.text)
    SPI_NSSInternalSoftwareConfig            0x08000f13   Thumb Code    24  stm32f4xx_spi.o(.text)
    SPI_SSOutputCmd                          0x08000f2b   Thumb Code    20  stm32f4xx_spi.o(.text)
    SPI_TIModeCmd                            0x08000f3f   Thumb Code    20  stm32f4xx_spi.o(.text)
    I2S_FullDuplexConfig                     0x08000f53   Thumb Code    58  stm32f4xx_spi.o(.text)
    SPI_I2S_ReceiveData                      0x08000f8d   Thumb Code     4  stm32f4xx_spi.o(.text)
    SPI_I2S_SendData                         0x08000f91   Thumb Code     4  stm32f4xx_spi.o(.text)
    SPI_CalculateCRC                         0x08000f95   Thumb Code    20  stm32f4xx_spi.o(.text)
    SPI_TransmitCRC                          0x08000fa9   Thumb Code    10  stm32f4xx_spi.o(.text)
    SPI_GetCRC                               0x08000fb3   Thumb Code    12  stm32f4xx_spi.o(.text)
    SPI_GetCRCPolynomial                     0x08000fbf   Thumb Code     4  stm32f4xx_spi.o(.text)
    SPI_I2S_DMACmd                           0x08000fc3   Thumb Code    16  stm32f4xx_spi.o(.text)
    SPI_I2S_ITConfig                         0x08000fd3   Thumb Code    24  stm32f4xx_spi.o(.text)
    SPI_I2S_GetFlagStatus                    0x08000feb   Thumb Code    14  stm32f4xx_spi.o(.text)
    SPI_I2S_ClearFlag                        0x08000ff9   Thumb Code     6  stm32f4xx_spi.o(.text)
    SPI_I2S_GetITStatus                      0x08000fff   Thumb Code    44  stm32f4xx_spi.o(.text)
    SPI_I2S_ClearITPendingBit                0x0800102b   Thumb Code    14  stm32f4xx_spi.o(.text)
    RTC_WaitForSynchro                       0x0800105d   Thumb Code    70  stm32f4xx_rtc.o(.text)
    RTC_EnterInitMode                        0x080010a3   Thumb Code    58  stm32f4xx_rtc.o(.text)
    RTC_DeInit                               0x080010dd   Thumb Code   168  stm32f4xx_rtc.o(.text)
    RTC_ExitInitMode                         0x08001185   Thumb Code    14  stm32f4xx_rtc.o(.text)
    RTC_Init                                 0x08001193   Thumb Code    74  stm32f4xx_rtc.o(.text)
    RTC_StructInit                           0x080011dd   Thumb Code    14  stm32f4xx_rtc.o(.text)
    RTC_WriteProtectionCmd                   0x080011eb   Thumb Code    18  stm32f4xx_rtc.o(.text)
    RTC_RefClockCmd                          0x080011fd   Thumb Code    56  stm32f4xx_rtc.o(.text)
    RTC_BypassShadowCmd                      0x08001235   Thumb Code    38  stm32f4xx_rtc.o(.text)
    RTC_SetTime                              0x0800125b   Thumb Code   148  stm32f4xx_rtc.o(.text)
    RTC_TimeStructInit                       0x080012ef   Thumb Code    12  stm32f4xx_rtc.o(.text)
    RTC_GetTime                              0x080012fb   Thumb Code    70  stm32f4xx_rtc.o(.text)
    RTC_GetSubSecond                         0x08001341   Thumb Code    14  stm32f4xx_rtc.o(.text)
    RTC_SetDate                              0x0800134f   Thumb Code   142  stm32f4xx_rtc.o(.text)
    RTC_DateStructInit                       0x080013dd   Thumb Code    14  stm32f4xx_rtc.o(.text)
    RTC_GetDate                              0x080013eb   Thumb Code    66  stm32f4xx_rtc.o(.text)
    RTC_SetAlarm                             0x0800142d   Thumb Code   184  stm32f4xx_rtc.o(.text)
    RTC_AlarmStructInit                      0x080014e5   Thumb Code    20  stm32f4xx_rtc.o(.text)
    RTC_GetAlarm                             0x080014f9   Thumb Code   104  stm32f4xx_rtc.o(.text)
    RTC_AlarmCmd                             0x08001561   Thumb Code    78  stm32f4xx_rtc.o(.text)
    RTC_AlarmSubSecondConfig                 0x080015af   Thumb Code    38  stm32f4xx_rtc.o(.text)
    RTC_GetAlarmSubSecond                    0x080015d5   Thumb Code    24  stm32f4xx_rtc.o(.text)
    RTC_WakeUpClockConfig                    0x080015ed   Thumb Code    34  stm32f4xx_rtc.o(.text)
    RTC_SetWakeUpCounter                     0x0800160f   Thumb Code    22  stm32f4xx_rtc.o(.text)
    RTC_GetWakeUpCounter                     0x08001625   Thumb Code    10  stm32f4xx_rtc.o(.text)
    RTC_WakeUpCmd                            0x0800162f   Thumb Code    84  stm32f4xx_rtc.o(.text)
    RTC_DayLightSavingConfig                 0x08001683   Thumb Code    38  stm32f4xx_rtc.o(.text)
    RTC_GetStoreOperation                    0x080016a9   Thumb Code    12  stm32f4xx_rtc.o(.text)
    RTC_OutputConfig                         0x080016b5   Thumb Code    38  stm32f4xx_rtc.o(.text)
    RTC_CoarseCalibConfig                    0x080016db   Thumb Code    46  stm32f4xx_rtc.o(.text)
    RTC_CoarseCalibCmd                       0x08001709   Thumb Code    56  stm32f4xx_rtc.o(.text)
    RTC_CalibOutputCmd                       0x08001741   Thumb Code    38  stm32f4xx_rtc.o(.text)
    RTC_CalibOutputConfig                    0x08001767   Thumb Code    34  stm32f4xx_rtc.o(.text)
    RTC_SmoothCalibConfig                    0x08001789   Thumb Code    70  stm32f4xx_rtc.o(.text)
    RTC_TimeStampCmd                         0x080017cf   Thumb Code    42  stm32f4xx_rtc.o(.text)
    RTC_GetTimeStamp                         0x080017f9   Thumb Code   130  stm32f4xx_rtc.o(.text)
    RTC_GetTimeStampSubSecond                0x0800187b   Thumb Code     8  stm32f4xx_rtc.o(.text)
    RTC_TamperTriggerConfig                  0x08001883   Thumb Code    24  stm32f4xx_rtc.o(.text)
    RTC_TamperCmd                            0x0800189b   Thumb Code    28  stm32f4xx_rtc.o(.text)
    RTC_TamperFilterConfig                   0x080018b7   Thumb Code    18  stm32f4xx_rtc.o(.text)
    RTC_TamperSamplingFreqConfig             0x080018c9   Thumb Code    18  stm32f4xx_rtc.o(.text)
    RTC_TamperPinsPrechargeDuration          0x080018db   Thumb Code    18  stm32f4xx_rtc.o(.text)
    RTC_TimeStampOnTamperDetectionCmd        0x080018ed   Thumb Code    22  stm32f4xx_rtc.o(.text)
    RTC_TamperPullUpCmd                      0x08001903   Thumb Code    22  stm32f4xx_rtc.o(.text)
    RTC_WriteBackupRegister                  0x08001919   Thumb Code    16  stm32f4xx_rtc.o(.text)
    RTC_ReadBackupRegister                   0x08001929   Thumb Code    16  stm32f4xx_rtc.o(.text)
    RTC_TamperPinSelection                   0x08001939   Thumb Code    18  stm32f4xx_rtc.o(.text)
    RTC_TimeStampPinSelection                0x0800194b   Thumb Code    18  stm32f4xx_rtc.o(.text)
    RTC_OutputTypeConfig                     0x0800195d   Thumb Code    18  stm32f4xx_rtc.o(.text)
    RTC_SynchroShiftConfig                   0x0800196f   Thumb Code    84  stm32f4xx_rtc.o(.text)
    RTC_ITConfig                             0x080019c3   Thumb Code    60  stm32f4xx_rtc.o(.text)
    RTC_GetFlagStatus                        0x080019ff   Thumb Code    22  stm32f4xx_rtc.o(.text)
    RTC_ClearFlag                            0x08001a15   Thumb Code    24  stm32f4xx_rtc.o(.text)
    RTC_GetITStatus                          0x08001a2d   Thumb Code    54  stm32f4xx_rtc.o(.text)
    RTC_ClearITPendingBit                    0x08001a63   Thumb Code    24  stm32f4xx_rtc.o(.text)
    ADC_DeInit                               0x08001ab1   Thumb Code    24  stm32f4xx_adc.o(.text)
    ADC_Init                                 0x08001ac9   Thumb Code    66  stm32f4xx_adc.o(.text)
    ADC_StructInit                           0x08001b0b   Thumb Code    20  stm32f4xx_adc.o(.text)
    ADC_CommonInit                           0x08001b1f   Thumb Code    34  stm32f4xx_adc.o(.text)
    ADC_CommonStructInit                     0x08001b41   Thumb Code    12  stm32f4xx_adc.o(.text)
    ADC_Cmd                                  0x08001b4d   Thumb Code    20  stm32f4xx_adc.o(.text)
    ADC_AnalogWatchdogCmd                    0x08001b61   Thumb Code    12  stm32f4xx_adc.o(.text)
    ADC_AnalogWatchdogThresholdsConfig       0x08001b6d   Thumb Code     6  stm32f4xx_adc.o(.text)
    ADC_AnalogWatchdogSingleChannelConfig    0x08001b73   Thumb Code    12  stm32f4xx_adc.o(.text)
    ADC_TempSensorVrefintCmd                 0x08001b7f   Thumb Code    26  stm32f4xx_adc.o(.text)
    ADC_VBATCmd                              0x08001b99   Thumb Code    26  stm32f4xx_adc.o(.text)
    ADC_RegularChannelConfig                 0x08001bb3   Thumb Code   116  stm32f4xx_adc.o(.text)
    ADC_SoftwareStartConv                    0x08001c27   Thumb Code    10  stm32f4xx_adc.o(.text)
    ADC_GetSoftwareStartConvStatus           0x08001c31   Thumb Code    14  stm32f4xx_adc.o(.text)
    ADC_EOCOnEachRegularChannelCmd           0x08001c3f   Thumb Code    20  stm32f4xx_adc.o(.text)
    ADC_ContinuousModeCmd                    0x08001c53   Thumb Code    20  stm32f4xx_adc.o(.text)
    ADC_DiscModeChannelCountConfig           0x08001c67   Thumb Code    16  stm32f4xx_adc.o(.text)
    ADC_DiscModeCmd                          0x08001c77   Thumb Code    20  stm32f4xx_adc.o(.text)
    ADC_GetConversionValue                   0x08001c8b   Thumb Code     6  stm32f4xx_adc.o(.text)
    ADC_GetMultiModeConversionValue          0x08001c91   Thumb Code     8  stm32f4xx_adc.o(.text)
    ADC_DMACmd                               0x08001c99   Thumb Code    20  stm32f4xx_adc.o(.text)
    ADC_DMARequestAfterLastTransferCmd       0x08001cad   Thumb Code    20  stm32f4xx_adc.o(.text)
    ADC_MultiModeDMARequestAfterLastTransferCmd 0x08001cc1   Thumb Code    26  stm32f4xx_adc.o(.text)
    ADC_InjectedChannelConfig                0x08001cdb   Thumb Code    74  stm32f4xx_adc.o(.text)
    ADC_InjectedSequencerLengthConfig        0x08001d25   Thumb Code    16  stm32f4xx_adc.o(.text)
    ADC_SetInjectedOffset                    0x08001d35   Thumb Code    10  stm32f4xx_adc.o(.text)
    ADC_ExternalTrigInjectedConvConfig       0x08001d3f   Thumb Code    12  stm32f4xx_adc.o(.text)
    ADC_ExternalTrigInjectedConvEdgeConfig   0x08001d4b   Thumb Code    12  stm32f4xx_adc.o(.text)
    ADC_SoftwareStartInjectedConv            0x08001d57   Thumb Code    10  stm32f4xx_adc.o(.text)
    ADC_GetSoftwareStartInjectedConvCmdStatus 0x08001d61   Thumb Code    14  stm32f4xx_adc.o(.text)
    ADC_AutoInjectedConvCmd                  0x08001d6f   Thumb Code    20  stm32f4xx_adc.o(.text)
    ADC_InjectedDiscModeCmd                  0x08001d83   Thumb Code    20  stm32f4xx_adc.o(.text)
    ADC_GetInjectedConversionValue           0x08001d97   Thumb Code    14  stm32f4xx_adc.o(.text)
    ADC_ITConfig                             0x08001da5   Thumb Code    18  stm32f4xx_adc.o(.text)
    ADC_GetFlagStatus                        0x08001db7   Thumb Code    14  stm32f4xx_adc.o(.text)
    ADC_ClearFlag                            0x08001dc5   Thumb Code     6  stm32f4xx_adc.o(.text)
    ADC_GetITStatus                          0x08001dcb   Thumb Code    30  stm32f4xx_adc.o(.text)
    ADC_ClearITPendingBit                    0x08001de9   Thumb Code     8  stm32f4xx_adc.o(.text)
    DAC_DeInit                               0x08001e05   Thumb Code    24  stm32f4xx_dac.o(.text)
    DAC_Init                                 0x08001e1d   Thumb Code    36  stm32f4xx_dac.o(.text)
    DAC_StructInit                           0x08001e41   Thumb Code    12  stm32f4xx_dac.o(.text)
    DAC_Cmd                                  0x08001e4d   Thumb Code    20  stm32f4xx_dac.o(.text)
    DAC_SoftwareTriggerCmd                   0x08001e61   Thumb Code    26  stm32f4xx_dac.o(.text)
    DAC_DualSoftwareTriggerCmd               0x08001e7b   Thumb Code    24  stm32f4xx_dac.o(.text)
    DAC_WaveGenerationCmd                    0x08001e93   Thumb Code    18  stm32f4xx_dac.o(.text)
    DAC_SetChannel1Data                      0x08001ea5   Thumb Code    14  stm32f4xx_dac.o(.text)
    DAC_SetChannel2Data                      0x08001eb3   Thumb Code    14  stm32f4xx_dac.o(.text)
    DAC_SetDualChannelData                   0x08001ec1   Thumb Code    22  stm32f4xx_dac.o(.text)
    DAC_GetDataOutputValue                   0x08001ed7   Thumb Code    18  stm32f4xx_dac.o(.text)
    DAC_DMACmd                               0x08001ee9   Thumb Code    20  stm32f4xx_dac.o(.text)
    DAC_ITConfig                             0x08001efd   Thumb Code    18  stm32f4xx_dac.o(.text)
    DAC_GetFlagStatus                        0x08001f0f   Thumb Code    20  stm32f4xx_dac.o(.text)
    DAC_ClearFlag                            0x08001f23   Thumb Code    10  stm32f4xx_dac.o(.text)
    DAC_GetITStatus                          0x08001f2d   Thumb Code    30  stm32f4xx_dac.o(.text)
    DAC_ClearITPendingBit                    0x08001f4b   Thumb Code    10  stm32f4xx_dac.o(.text)
    TIM_DeInit                               0x08001f59   Thumb Code   284  stm32f4xx_tim.o(.text)
    TIM_TimeBaseInit                         0x08002075   Thumb Code    96  stm32f4xx_tim.o(.text)
    TIM_TimeBaseStructInit                   0x080020d5   Thumb Code    18  stm32f4xx_tim.o(.text)
    TIM_PrescalerConfig                      0x080020e7   Thumb Code     6  stm32f4xx_tim.o(.text)
    TIM_CounterModeConfig                    0x080020ed   Thumb Code    12  stm32f4xx_tim.o(.text)
    TIM_SetCounter                           0x080020f9   Thumb Code     4  stm32f4xx_tim.o(.text)
    TIM_SetAutoreload                        0x080020fd   Thumb Code     4  stm32f4xx_tim.o(.text)
    TIM_GetCounter                           0x08002101   Thumb Code     4  stm32f4xx_tim.o(.text)
    TIM_GetPrescaler                         0x08002105   Thumb Code     4  stm32f4xx_tim.o(.text)
    TIM_UpdateDisableConfig                  0x08002109   Thumb Code    20  stm32f4xx_tim.o(.text)
    TIM_UpdateRequestConfig                  0x0800211d   Thumb Code    20  stm32f4xx_tim.o(.text)
    TIM_ARRPreloadConfig                     0x08002131   Thumb Code    20  stm32f4xx_tim.o(.text)
    TIM_SelectOnePulseMode                   0x08002145   Thumb Code    16  stm32f4xx_tim.o(.text)
    TIM_SetClockDivision                     0x08002155   Thumb Code    16  stm32f4xx_tim.o(.text)
    TIM_Cmd                                  0x08002165   Thumb Code    20  stm32f4xx_tim.o(.text)
    TIM_OC1Init                              0x08002179   Thumb Code    88  stm32f4xx_tim.o(.text)
    TIM_OC2Init                              0x080021d1   Thumb Code   120  stm32f4xx_tim.o(.text)
    TIM_OC3Init                              0x08002249   Thumb Code   116  stm32f4xx_tim.o(.text)
    TIM_OC4Init                              0x080022bd   Thumb Code    88  stm32f4xx_tim.o(.text)
    TIM_OCStructInit                         0x08002315   Thumb Code    20  stm32f4xx_tim.o(.text)
    TIM_SelectOCxM                           0x08002329   Thumb Code   130  stm32f4xx_tim.o(.text)
    TIM_SetCompare1                          0x080023ab   Thumb Code     4  stm32f4xx_tim.o(.text)
    TIM_SetCompare2                          0x080023af   Thumb Code     4  stm32f4xx_tim.o(.text)
    TIM_SetCompare3                          0x080023b3   Thumb Code     4  stm32f4xx_tim.o(.text)
    TIM_SetCompare4                          0x080023b7   Thumb Code     4  stm32f4xx_tim.o(.text)
    TIM_ForcedOC1Config                      0x080023bb   Thumb Code    12  stm32f4xx_tim.o(.text)
    TIM_ForcedOC2Config                      0x080023c7   Thumb Code    20  stm32f4xx_tim.o(.text)
    TIM_ForcedOC3Config                      0x080023db   Thumb Code    12  stm32f4xx_tim.o(.text)
    TIM_ForcedOC4Config                      0x080023e7   Thumb Code    20  stm32f4xx_tim.o(.text)
    TIM_OC1PreloadConfig                     0x080023fb   Thumb Code    12  stm32f4xx_tim.o(.text)
    TIM_OC2PreloadConfig                     0x08002407   Thumb Code    20  stm32f4xx_tim.o(.text)
    TIM_OC3PreloadConfig                     0x0800241b   Thumb Code    12  stm32f4xx_tim.o(.text)
    TIM_OC4PreloadConfig                     0x08002427   Thumb Code    20  stm32f4xx_tim.o(.text)
    TIM_OC1FastConfig                        0x0800243b   Thumb Code    12  stm32f4xx_tim.o(.text)
    TIM_OC2FastConfig                        0x08002447   Thumb Code    20  stm32f4xx_tim.o(.text)
    TIM_OC3FastConfig                        0x0800245b   Thumb Code    12  stm32f4xx_tim.o(.text)
    TIM_OC4FastConfig                        0x08002467   Thumb Code    20  stm32f4xx_tim.o(.text)
    TIM_ClearOC1Ref                          0x0800247b   Thumb Code    12  stm32f4xx_tim.o(.text)
    TIM_ClearOC2Ref                          0x08002487   Thumb Code    20  stm32f4xx_tim.o(.text)
    TIM_ClearOC3Ref                          0x0800249b   Thumb Code    12  stm32f4xx_tim.o(.text)
    TIM_ClearOC4Ref                          0x080024a7   Thumb Code    20  stm32f4xx_tim.o(.text)
    TIM_OC1PolarityConfig                    0x080024bb   Thumb Code    12  stm32f4xx_tim.o(.text)
    TIM_OC1NPolarityConfig                   0x080024c7   Thumb Code    12  stm32f4xx_tim.o(.text)
    TIM_OC2PolarityConfig                    0x080024d3   Thumb Code    20  stm32f4xx_tim.o(.text)
    TIM_OC2NPolarityConfig                   0x080024e7   Thumb Code    20  stm32f4xx_tim.o(.text)
    TIM_OC3PolarityConfig                    0x080024fb   Thumb Code    20  stm32f4xx_tim.o(.text)
    TIM_OC3NPolarityConfig                   0x0800250f   Thumb Code    20  stm32f4xx_tim.o(.text)
    TIM_OC4PolarityConfig                    0x08002523   Thumb Code    20  stm32f4xx_tim.o(.text)
    TIM_CCxCmd                               0x08002537   Thumb Code    22  stm32f4xx_tim.o(.text)
    TIM_CCxNCmd                              0x0800254d   Thumb Code    22  stm32f4xx_tim.o(.text)
    TIM_SetIC4Prescaler                      0x08002563   Thumb Code    24  stm32f4xx_tim.o(.text)
    TIM_SetIC3Prescaler                      0x0800257b   Thumb Code    16  stm32f4xx_tim.o(.text)
    TIM_SetIC2Prescaler                      0x0800258b   Thumb Code    24  stm32f4xx_tim.o(.text)
    TIM_SetIC1Prescaler                      0x080025d9   Thumb Code    16  stm32f4xx_tim.o(.text)
    TIM_ICInit                               0x080025e9   Thumb Code   164  stm32f4xx_tim.o(.text)
    TIM_ICStructInit                         0x0800268d   Thumb Code    16  stm32f4xx_tim.o(.text)
    TIM_PWMIConfig                           0x0800269d   Thumb Code   104  stm32f4xx_tim.o(.text)
    TIM_GetCapture1                          0x08002705   Thumb Code     4  stm32f4xx_tim.o(.text)
    TIM_GetCapture2                          0x08002709   Thumb Code     4  stm32f4xx_tim.o(.text)
    TIM_GetCapture3                          0x0800270d   Thumb Code     4  stm32f4xx_tim.o(.text)
    TIM_GetCapture4                          0x08002711   Thumb Code     4  stm32f4xx_tim.o(.text)
    TIM_BDTRConfig                           0x08002715   Thumb Code    34  stm32f4xx_tim.o(.text)
    TIM_BDTRStructInit                       0x08002737   Thumb Code    18  stm32f4xx_tim.o(.text)
    TIM_CtrlPWMOutputs                       0x08002749   Thumb Code    22  stm32f4xx_tim.o(.text)
    TIM_SelectCOM                            0x0800275f   Thumb Code    20  stm32f4xx_tim.o(.text)
    TIM_CCPreloadControl                     0x08002773   Thumb Code    20  stm32f4xx_tim.o(.text)
    TIM_ITConfig                             0x08002787   Thumb Code    16  stm32f4xx_tim.o(.text)
    TIM_GenerateEvent                        0x08002797   Thumb Code     4  stm32f4xx_tim.o(.text)
    TIM_GetFlagStatus                        0x0800279b   Thumb Code    14  stm32f4xx_tim.o(.text)
    TIM_ClearFlag                            0x080027a9   Thumb Code     6  stm32f4xx_tim.o(.text)
    TIM_GetITStatus                          0x080027af   Thumb Code    24  stm32f4xx_tim.o(.text)
    TIM_ClearITPendingBit                    0x080027c7   Thumb Code     6  stm32f4xx_tim.o(.text)
    TIM_DMAConfig                            0x080027cd   Thumb Code     8  stm32f4xx_tim.o(.text)
    TIM_DMACmd                               0x080027d5   Thumb Code    16  stm32f4xx_tim.o(.text)
    TIM_SelectCCDMA                          0x080027e5   Thumb Code    20  stm32f4xx_tim.o(.text)
    TIM_InternalClockConfig                  0x080027f9   Thumb Code    10  stm32f4xx_tim.o(.text)
    TIM_SelectInputTrigger                   0x08002803   Thumb Code    12  stm32f4xx_tim.o(.text)
    TIM_ITRxExternalClockConfig              0x0800280f   Thumb Code    18  stm32f4xx_tim.o(.text)
    TIM_TIxExternalClockConfig               0x08002821   Thumb Code    46  stm32f4xx_tim.o(.text)
    TIM_ETRConfig                            0x0800284f   Thumb Code    24  stm32f4xx_tim.o(.text)
    TIM_ETRClockMode1Config                  0x08002867   Thumb Code    18  stm32f4xx_tim.o(.text)
    TIM_ETRClockMode2Config                  0x08002879   Thumb Code    18  stm32f4xx_tim.o(.text)
    TIM_SelectOutputTrigger                  0x0800288b   Thumb Code    16  stm32f4xx_tim.o(.text)
    TIM_SelectSlaveMode                      0x0800289b   Thumb Code    16  stm32f4xx_tim.o(.text)
    TIM_SelectMasterSlaveMode                0x080028ab   Thumb Code    16  stm32f4xx_tim.o(.text)
    TIM_EncoderInterfaceConfig               0x080028bb   Thumb Code    50  stm32f4xx_tim.o(.text)
    TIM_SelectHallSensor                     0x080028ed   Thumb Code    20  stm32f4xx_tim.o(.text)
    TIM_RemapConfig                          0x08002901   Thumb Code     6  stm32f4xx_tim.o(.text)
    TimingDelay_Decrement                    0x08002935   Thumb Code    88  tm_stm32f4_delay.o(.text)
    TM_DELAY_Init                            0x0800298d   Thumb Code    60  tm_stm32f4_delay.o(.text)
    TM_DELAY_EnableDelayTimer                0x080029c9   Thumb Code    22  tm_stm32f4_delay.o(.text)
    TM_DELAY_DisableDelayTimer               0x080029df   Thumb Code    14  tm_stm32f4_delay.o(.text)
    TM_DELAY_TimerCreate                     0x080029ed   Thumb Code    68  tm_stm32f4_delay.o(.text)
    TM_DELAY_TimerDelete                     0x08002a31   Thumb Code    86  tm_stm32f4_delay.o(.text)
    TM_DELAY_TimerStop                       0x08002a87   Thumb Code     6  tm_stm32f4_delay.o(.text)
    TM_DELAY_TimerStart                      0x08002a8d   Thumb Code     6  tm_stm32f4_delay.o(.text)
    TM_DELAY_TimerReset                      0x08002a93   Thumb Code     6  tm_stm32f4_delay.o(.text)
    TM_DELAY_TimerAutoReload                 0x08002a99   Thumb Code     4  tm_stm32f4_delay.o(.text)
    TM_DELAY_TimerAutoReloadValue            0x08002a9d   Thumb Code     4  tm_stm32f4_delay.o(.text)
    TM_ILI9341_SendCommand                   0x08002adf   Thumb Code    42  tm_stm32f4_ili9341.o(.text)
    TM_ILI9341_SendData                      0x08002b09   Thumb Code    42  tm_stm32f4_ili9341.o(.text)
    TM_ILI9341_SetCursorPosition             0x08002b33   Thumb Code    74  tm_stm32f4_ili9341.o(.text)
    TM_ILI9341_INT_Fill                      0x08002b7d   Thumb Code   142  tm_stm32f4_ili9341.o(.text)
    TM_ILI9341_Fill                          0x08002c0b   Thumb Code    26  tm_stm32f4_ili9341.o(.text)
    TM_ILI9341_InitLCD                       0x08002c25   Thumb Code   622  tm_stm32f4_ili9341.o(.text)
    TM_ILI9341_Init                          0x08002e93   Thumb Code   132  tm_stm32f4_ili9341.o(.text)
    TM_ILI9341_DisplayOn                     0x08002f17   Thumb Code     4  tm_stm32f4_ili9341.o(.text)
    TM_ILI9341_DisplayOff                    0x08002f1b   Thumb Code     4  tm_stm32f4_ili9341.o(.text)
    TM_ILI9341_DrawPixel                     0x08002f1f   Thumb Code    34  tm_stm32f4_ili9341.o(.text)
    TM_ILI9341_Delay                         0x08002f41   Thumb Code    16  tm_stm32f4_ili9341.o(.text)
    TM_ILI9341_Rotate                        0x08002f51   Thumb Code    78  tm_stm32f4_ili9341.o(.text)
    TM_ILI9341_Putc                          0x08002f9f   Thumb Code   152  tm_stm32f4_ili9341.o(.text)
    TM_ILI9341_Puts                          0x08003037   Thumb Code    86  tm_stm32f4_ili9341.o(.text)
    TM_ILI9341_GetStringSize                 0x0800308d   Thumb Code    28  tm_stm32f4_ili9341.o(.text)
    SendChar                                 0x080030a9   Thumb Code   400  tm_stm32f4_ili9341.o(.text)
    SendString                               0x08003239   Thumb Code   144  tm_stm32f4_ili9341.o(.text)
    TM_ILI9341_DrawLine                      0x080032c9   Thumb Code   228  tm_stm32f4_ili9341.o(.text)
    TM_ILI9341_DrawRectangle                 0x080033ad   Thumb Code    68  tm_stm32f4_ili9341.o(.text)
    TM_ILI9341_DrawFilledRectangle           0x080033f1   Thumb Code    44  tm_stm32f4_ili9341.o(.text)
    TM_ILI9341_DrawCircle                    0x0800341d   Thumb Code   268  tm_stm32f4_ili9341.o(.text)
    TM_ILI9341_DrawFilledCircle              0x08003529   Thumb Code   248  tm_stm32f4_ili9341.o(.text)
    TM_SPI_InitCustomPinsCallback            0x08003655   Thumb Code     2  tm_stm32f4_spi.o(.text)
    TM_SPI6_INT_InitPins                     0x08003657   Thumb Code    42  tm_stm32f4_spi.o(.text)
    TM_SPI5_INT_InitPins                     0x08003681   Thumb Code    76  tm_stm32f4_spi.o(.text)
    TM_SPI4_INT_InitPins                     0x080036cd   Thumb Code    60  tm_stm32f4_spi.o(.text)
    TM_SPI3_INT_InitPins                     0x08003709   Thumb Code    60  tm_stm32f4_spi.o(.text)
    TM_SPI2_INT_InitPins                     0x08003745   Thumb Code    90  tm_stm32f4_spi.o(.text)
    TM_SPI1_INT_InitPins                     0x0800379f   Thumb Code    58  tm_stm32f4_spi.o(.text)
    TM_SPI_Init                              0x080038fb   Thumb Code   136  tm_stm32f4_spi.o(.text)
    TM_SPI_InitWithMode                      0x08003983   Thumb Code   134  tm_stm32f4_spi.o(.text)
    TM_SPI_InitFull                          0x08003a09   Thumb Code   200  tm_stm32f4_spi.o(.text)
    TM_SPI_GetPrescalerFromMaxFrequency      0x08003ad1   Thumb Code    78  tm_stm32f4_spi.o(.text)
    TM_SPI_SetDataSize                       0x08003b1f   Thumb Code    44  tm_stm32f4_spi.o(.text)
    TM_SPI_SendMulti                         0x08003b4b   Thumb Code    52  tm_stm32f4_spi.o(.text)
    TM_SPI_WriteMulti                        0x08003b7f   Thumb Code    50  tm_stm32f4_spi.o(.text)
    TM_SPI_ReadMulti                         0x08003bb1   Thumb Code    50  tm_stm32f4_spi.o(.text)
    TM_SPI_SendMulti16                       0x08003be3   Thumb Code    56  tm_stm32f4_spi.o(.text)
    TM_SPI_WriteMulti16                      0x08003c1b   Thumb Code    52  tm_stm32f4_spi.o(.text)
    TM_SPI_ReadMulti16                       0x08003c4f   Thumb Code    52  tm_stm32f4_spi.o(.text)
    TM_GPIO_GetPortSource                    0x08003c95   Thumb Code    10  tm_stm32f4_gpio.o(.text)
    TM_GPIO_INT_Init                         0x08003c9f   Thumb Code   130  tm_stm32f4_gpio.o(.text)
    TM_GPIO_INT_EnableClock                  0x08003d21   Thumb Code    20  tm_stm32f4_gpio.o(.text)
    TM_GPIO_Init                             0x08003d35   Thumb Code    34  tm_stm32f4_gpio.o(.text)
    TM_GPIO_InitAlternate                    0x08003d57   Thumb Code    92  tm_stm32f4_gpio.o(.text)
    TM_GPIO_DeInit                           0x08003db3   Thumb Code    66  tm_stm32f4_gpio.o(.text)
    TM_GPIO_SetPinAsInput                    0x08003df5   Thumb Code    38  tm_stm32f4_gpio.o(.text)
    TM_GPIO_SetPinAsOutput                   0x08003e1b   Thumb Code    46  tm_stm32f4_gpio.o(.text)
    TM_GPIO_SetPinAsAnalog                   0x08003e49   Thumb Code    38  tm_stm32f4_gpio.o(.text)
    TM_GPIO_SetPinAsAlternate                0x08003e6f   Thumb Code    48  tm_stm32f4_gpio.o(.text)
    TM_GPIO_SetPullResistor                  0x08003e9f   Thumb Code    46  tm_stm32f4_gpio.o(.text)
    TM_GPIO_Lock                             0x08003ecd   Thumb Code    16  tm_stm32f4_gpio.o(.text)
    TM_GPIO_GetPinSource                     0x08003edd   Thumb Code    18  tm_stm32f4_gpio.o(.text)
    TM_GPIO_INT_DisableClock                 0x08003eef   Thumb Code    20  tm_stm32f4_gpio.o(.text)
    TM_GPIO_GetUsedPins                      0x08003f03   Thumb Code    14  tm_stm32f4_gpio.o(.text)
    TM_GPIO_GetFreePins                      0x08003f11   Thumb Code    18  tm_stm32f4_gpio.o(.text)
    TM_SPI_DMA_Init                          0x08003f6f   Thumb Code    74  tm_stm32f4_spi_dma.o(.text)
    TM_SPI_DMA_InitWithStreamAndChannel      0x08003fb9   Thumb Code    30  tm_stm32f4_spi_dma.o(.text)
    TM_SPI_DMA_Deinit                        0x08003fd7   Thumb Code    24  tm_stm32f4_spi_dma.o(.text)
    TM_SPI_DMA_Transmit                      0x08003fef   Thumb Code   210  tm_stm32f4_spi_dma.o(.text)
    TM_SPI_DMA_SendByte                      0x080040c1   Thumb Code    94  tm_stm32f4_spi_dma.o(.text)
    TM_SPI_DMA_SendHalfWord                  0x0800411f   Thumb Code   102  tm_stm32f4_spi_dma.o(.text)
    TM_SPI_DMA_Working                       0x08004185   Thumb Code    40  tm_stm32f4_spi_dma.o(.text)
    TM_SPI_DMA_GetStreamTX                   0x080041ad   Thumb Code    10  tm_stm32f4_spi_dma.o(.text)
    TM_SPI_DMA_GetStreamRX                   0x080041b7   Thumb Code    10  tm_stm32f4_spi_dma.o(.text)
    TM_SPI_DMA_EnableInterrupts              0x080041c1   Thumb Code    24  tm_stm32f4_spi_dma.o(.text)
    TM_SPI_DMA_DisableInterrupts             0x080041d9   Thumb Code    24  tm_stm32f4_spi_dma.o(.text)
    TM_DMA_ClearFlag                         0x08004219   Thumb Code    52  tm_stm32f4_dma.o(.text)
    TM_DMA_ClearFlags                        0x0800424d   Thumb Code     4  tm_stm32f4_dma.o(.text)
    TM_DMA_GetFlags                          0x08004251   Thumb Code    52  tm_stm32f4_dma.o(.text)
    TM_DMA_EnableInterrupts                  0x08004285   Thumb Code    94  tm_stm32f4_dma.o(.text)
    TM_DMA_DisableInterrupts                 0x080042e3   Thumb Code    76  tm_stm32f4_dma.o(.text)
    TM_DMA_TransferCompleteHandler           0x0800432f   Thumb Code     2  tm_stm32f4_dma.o(.text)
    TM_DMA_HalfTransferCompleteHandler       0x08004331   Thumb Code     2  tm_stm32f4_dma.o(.text)
    TM_DMA_TransferErrorHandler              0x08004333   Thumb Code     2  tm_stm32f4_dma.o(.text)
    TM_DMA_DirectModeErrorHandler            0x08004335   Thumb Code     2  tm_stm32f4_dma.o(.text)
    TM_DMA_FIFOErrorHandler                  0x08004337   Thumb Code     2  tm_stm32f4_dma.o(.text)
    DMA1_Stream0_IRQHandler                  0x0800439f   Thumb Code     6  tm_stm32f4_dma.o(.text)
    DMA1_Stream1_IRQHandler                  0x080043a5   Thumb Code     6  tm_stm32f4_dma.o(.text)
    DMA1_Stream2_IRQHandler                  0x080043ab   Thumb Code     6  tm_stm32f4_dma.o(.text)
    DMA1_Stream3_IRQHandler                  0x080043b1   Thumb Code     6  tm_stm32f4_dma.o(.text)
    DMA1_Stream4_IRQHandler                  0x080043b7   Thumb Code     6  tm_stm32f4_dma.o(.text)
    DMA1_Stream5_IRQHandler                  0x080043bd   Thumb Code     6  tm_stm32f4_dma.o(.text)
    DMA1_Stream6_IRQHandler                  0x080043c3   Thumb Code     6  tm_stm32f4_dma.o(.text)
    DMA1_Stream7_IRQHandler                  0x080043c9   Thumb Code     6  tm_stm32f4_dma.o(.text)
    DMA2_Stream0_IRQHandler                  0x080043cf   Thumb Code     4  tm_stm32f4_dma.o(.text)
    DMA2_Stream1_IRQHandler                  0x080043d3   Thumb Code     6  tm_stm32f4_dma.o(.text)
    DMA2_Stream2_IRQHandler                  0x080043d9   Thumb Code     6  tm_stm32f4_dma.o(.text)
    DMA2_Stream3_IRQHandler                  0x080043df   Thumb Code     6  tm_stm32f4_dma.o(.text)
    DMA2_Stream4_IRQHandler                  0x080043e5   Thumb Code     6  tm_stm32f4_dma.o(.text)
    DMA2_Stream5_IRQHandler                  0x080043eb   Thumb Code     6  tm_stm32f4_dma.o(.text)
    DMA2_Stream6_IRQHandler                  0x080043f1   Thumb Code     6  tm_stm32f4_dma.o(.text)
    DMA2_Stream7_IRQHandler                  0x080043f7   Thumb Code     6  tm_stm32f4_dma.o(.text)
    TM_RTC_SetDateTime                       0x0800440d   Thumb Code   470  tm_stm32f4_rtc.o(.text)
    TM_RTC_Config                            0x080045e3   Thumb Code    92  tm_stm32f4_rtc.o(.text)
    TM_RTC_GetUnixTimeStamp                  0x0800463f   Thumb Code   180  tm_stm32f4_rtc.o(.text)
    TM_RTC_GetDateTime                       0x080046f3   Thumb Code    92  tm_stm32f4_rtc.o(.text)
    TM_RTC_Init                              0x0800474f   Thumb Code   166  tm_stm32f4_rtc.o(.text)
    TM_RTC_SetDateTimeString                 0x080047f5   Thumb Code   312  tm_stm32f4_rtc.o(.text)
    TM_RTC_GetDaysInMonth                    0x0800492d   Thumb Code    88  tm_stm32f4_rtc.o(.text)
    TM_RTC_GetDaysInYear                     0x08004985   Thumb Code    46  tm_stm32f4_rtc.o(.text)
    TM_RTC_Interrupts                        0x080049b3   Thumb Code   234  tm_stm32f4_rtc.o(.text)
    TM_RTC_GetDateTimeFromUnix               0x08004a9d   Thumb Code   210  tm_stm32f4_rtc.o(.text)
    TM_RTC_DisableAlarm                      0x08004b6f   Thumb Code   102  tm_stm32f4_rtc.o(.text)
    TM_RTC_SetAlarm                          0x08004bd5   Thumb Code   156  tm_stm32f4_rtc.o(.text)
    TM_RTC_WriteBackupRegister               0x08004c71   Thumb Code    16  tm_stm32f4_rtc.o(.text)
    TM_RTC_ReadBackupRegister                0x08004c81   Thumb Code    20  tm_stm32f4_rtc.o(.text)
    TM_RTC_RequestHandler                    0x08004c95   Thumb Code     2  tm_stm32f4_rtc.o(.text)
    TM_RTC_AlarmAHandler                     0x08004c97   Thumb Code     2  tm_stm32f4_rtc.o(.text)
    TM_RTC_AlarmBHandler                     0x08004c99   Thumb Code     2  tm_stm32f4_rtc.o(.text)
    RTC_WKUP_IRQHandler                      0x08004c9b   Thumb Code    34  tm_stm32f4_rtc.o(.text)
    RTC_Alarm_IRQHandler                     0x08004cbd   Thumb Code    56  tm_stm32f4_rtc.o(.text)
    TM_ADC_InitADC                           0x08004d09   Thumb Code   116  tm_stm32f4_adc.o(.text)
    TM_ADC_INT_InitPin                       0x08004d7d   Thumb Code    20  tm_stm32f4_adc.o(.text)
    TM_ADC_INT_Channel_15_Init               0x08004d91   Thumb Code    32  tm_stm32f4_adc.o(.text)
    TM_ADC_INT_Channel_14_Init               0x08004db1   Thumb Code    42  tm_stm32f4_adc.o(.text)
    TM_ADC_INT_Channel_13_Init               0x08004ddb   Thumb Code     6  tm_stm32f4_adc.o(.text)
    TM_ADC_INT_Channel_12_Init               0x08004de1   Thumb Code     6  tm_stm32f4_adc.o(.text)
    TM_ADC_INT_Channel_11_Init               0x08004de7   Thumb Code     6  tm_stm32f4_adc.o(.text)
    TM_ADC_INT_Channel_10_Init               0x08004ded   Thumb Code     6  tm_stm32f4_adc.o(.text)
    TM_ADC_INT_Channel_9_Init                0x08004df3   Thumb Code    42  tm_stm32f4_adc.o(.text)
    TM_ADC_INT_Channel_8_Init                0x08004e1d   Thumb Code    42  tm_stm32f4_adc.o(.text)
    TM_ADC_INT_Channel_7_Init                0x08004e47   Thumb Code    42  tm_stm32f4_adc.o(.text)
    TM_ADC_INT_Channel_6_Init                0x08004e71   Thumb Code    42  tm_stm32f4_adc.o(.text)
    TM_ADC_INT_Channel_5_Init                0x08004e9b   Thumb Code    42  tm_stm32f4_adc.o(.text)
    TM_ADC_INT_Channel_4_Init                0x08004ec5   Thumb Code    42  tm_stm32f4_adc.o(.text)
    TM_ADC_INT_Channel_3_Init                0x08004eef   Thumb Code     6  tm_stm32f4_adc.o(.text)
    TM_ADC_INT_Channel_2_Init                0x08004ef5   Thumb Code     6  tm_stm32f4_adc.o(.text)
    TM_ADC_INT_Channel_1_Init                0x08004efb   Thumb Code     6  tm_stm32f4_adc.o(.text)
    TM_ADC_INT_Channel_0_Init                0x08004f01   Thumb Code     6  tm_stm32f4_adc.o(.text)
    TM_ADC_Init                              0x08004f07   Thumb Code   162  tm_stm32f4_adc.o(.text)
    TM_ADC_Read                              0x08004fa9   Thumb Code    44  tm_stm32f4_adc.o(.text)
    TM_ADC_EnableVbat                        0x08004fd5   Thumb Code    16  tm_stm32f4_adc.o(.text)
    TM_ADC_DisableVbat                       0x08004fe5   Thumb Code    16  tm_stm32f4_adc.o(.text)
    TM_ADC_ReadVbat                          0x08004ff5   Thumb Code    48  tm_stm32f4_adc.o(.text)
    TM_DAC_Init                              0x08005045   Thumb Code    86  tm_stm32f4_dac.o(.text)
    TM_DAC_SetValue                          0x0800509b   Thumb Code    26  tm_stm32f4_dac.o(.text)
    TM_PWM_InitTimer                         0x080050c1   Thumb Code   232  tm_stm32f4_pwm.o(.text)
    TM_PWM_INT_InitTIM14Pins                 0x080051a9   Thumb Code    58  tm_stm32f4_pwm.o(.text)
    TM_PWM_INT_InitTIM13Pins                 0x080051e3   Thumb Code    58  tm_stm32f4_pwm.o(.text)
    TM_PWM_INT_InitTIM12Pins                 0x0800521d   Thumb Code   106  tm_stm32f4_pwm.o(.text)
    TM_PWM_INT_InitTIM11Pins                 0x08005287   Thumb Code    58  tm_stm32f4_pwm.o(.text)
    TM_PWM_INT_InitTIM10Pins                 0x080052c1   Thumb Code    58  tm_stm32f4_pwm.o(.text)
    TM_PWM_INT_InitTIM9Pins                  0x080052fb   Thumb Code    98  tm_stm32f4_pwm.o(.text)
    TM_PWM_INT_InitTIM8Pins                  0x0800535d   Thumb Code   170  tm_stm32f4_pwm.o(.text)
    TM_PWM_INT_InitTIM5Pins                  0x08005407   Thumb Code   218  tm_stm32f4_pwm.o(.text)
    TM_PWM_INT_InitTIM4Pins                  0x080054e1   Thumb Code   174  tm_stm32f4_pwm.o(.text)
    TM_PWM_INT_InitTIM3Pins                  0x0800558f   Thumb Code   210  tm_stm32f4_pwm.o(.text)
    TM_PWM_INT_InitTIM2Pins                  0x08005661   Thumb Code   186  tm_stm32f4_pwm.o(.text)
    TM_PWM_INT_InitTIM1Pins                  0x0800571b   Thumb Code   208  tm_stm32f4_pwm.o(.text)
    TM_PWM_InitChannel                       0x080057eb   Thumb Code   152  tm_stm32f4_pwm.o(.text)
    TM_PWM_SetChannel                        0x08005883   Thumb Code   320  tm_stm32f4_pwm.o(.text)
    TM_PWM_SetChannelPercent                 0x080059c3   Thumb Code    72  tm_stm32f4_pwm.o(.text)
    TM_PWM_SetChannelMicros                  0x08005a0b   Thumb Code    40  tm_stm32f4_pwm.o(.text)
    TM_TIMER_PROPERTIES_GetTimerProperties   0x08005a3d   Thumb Code   138  tm_stm32f4_timer_properties.o(.text)
    TM_TIMER_PROPERTIES_GenerateDataForWorkingFrequency 0x08005ac7   Thumb Code   146  tm_stm32f4_timer_properties.o(.text)
    TM_TIMER_PROPERTIES_EnableClock          0x08005b59   Thumb Code   206  tm_stm32f4_timer_properties.o(.text)
    TM_TIMER_PROPERTIES_DisableClock         0x08005c27   Thumb Code   206  tm_stm32f4_timer_properties.o(.text)
    Page_00                                  0x08005d41   Thumb Code   168  main.o(.text)
    Page_01                                  0x08005de9   Thumb Code   172  main.o(.text)
    Page_02                                  0x08005e95   Thumb Code   152  main.o(.text)
    GPIO_ALL_OUT_Init                        0x08005f2d   Thumb Code    98  main.o(.text)
    BUTTON_Init                              0x08005f8f   Thumb Code    42  main.o(.text)
    Set_PinsNUMB_OUT                         0x08005fb9   Thumb Code   856  main.o(.text)
    FreqSendDisplay                          0x08006311   Thumb Code   102  main.o(.text)
    SetFreq1                                 0x08006377   Thumb Code   186  main.o(.text)
    SetFreq2                                 0x08006431   Thumb Code   168  main.o(.text)
    FreqOFF                                  0x080064d9   Thumb Code    90  main.o(.text)
    Volt                                     0x08006533   Thumb Code   568  main.o(.text)
    SetVolt                                  0x0800676b   Thumb Code    38  main.o(.text)
    SetVoltUP                                0x08006791   Thumb Code    78  main.o(.text)
    FreqSendDisplay2                         0x080067df   Thumb Code    92  main.o(.text)
    DisplayTIMER                             0x0800683b   Thumb Code   106  main.o(.text)
    LED1_PULS                                0x080068a5   Thumb Code    18  main.o(.text)
    LED2_PULS                                0x080068b7   Thumb Code    18  main.o(.text)
    LED_ALL_PULS                             0x080068c9   Thumb Code    32  main.o(.text)
    PageSetTimers                            0x080068e9   Thumb Code   128  main.o(.text)
    ForPins                                  0x08006969   Thumb Code   284  main.o(.text)
    ForPins1                                 0x08006a85   Thumb Code   574  main.o(.text)
    SetTimer                                 0x08006cc3   Thumb Code   108  main.o(.text)
    main                                     0x08006d2f   Thumb Code   262  main.o(.text)
    NMI_Handler                              0x08006e95   Thumb Code     2  stm32f4xx_it.o(.text)
    HardFault_Handler                        0x08006e97   Thumb Code     2  stm32f4xx_it.o(.text)
    MemManage_Handler                        0x08006e99   Thumb Code     2  stm32f4xx_it.o(.text)
    BusFault_Handler                         0x08006e9b   Thumb Code     2  stm32f4xx_it.o(.text)
    UsageFault_Handler                       0x08006e9d   Thumb Code     2  stm32f4xx_it.o(.text)
    SVC_Handler                              0x08006e9f   Thumb Code     2  stm32f4xx_it.o(.text)
    DebugMon_Handler                         0x08006ea1   Thumb Code     2  stm32f4xx_it.o(.text)
    PendSV_Handler                           0x08006ea3   Thumb Code     2  stm32f4xx_it.o(.text)
    SysTick_Handler                          0x08006ea7   Thumb Code     8  stm32f4xx_it.o(.text)
    SystemInit                               0x08006f53   Thumb Code    74  system_stm32f4xx.o(.text)
    SystemCoreClockUpdate                    0x08006f9d   Thumb Code   108  system_stm32f4xx.o(.text)
    malloc                                   0x08007031   Thumb Code    94  h1_alloc.o(.text)
    free                                     0x0800708f   Thumb Code    78  h1_free.o(.text)
    __aeabi_llsl                             0x080070dd   Thumb Code     0  llshl.o(.text)
    _ll_shift_l                              0x080070dd   Thumb Code    38  llshl.o(.text)
    __2sprintf                               0x08007105   Thumb Code    34  noretval__2sprintf.o(.text)
    _printf_pre_padding                      0x0800712d   Thumb Code    44  _printf_pad.o(.text)
    _printf_post_padding                     0x08007159   Thumb Code    34  _printf_pad.o(.text)
    _printf_int_dec                          0x0800717d   Thumb Code   104  _printf_dec.o(.text)
    __printf                                 0x080071f5   Thumb Code   308  __printf_flags_wp.o(.text)
    __use_two_region_memory                  0x0800732d   Thumb Code     2  heapauxi.o(.text)
    __rt_heap_escrow                         0x0800732f   Thumb Code     2  heapauxi.o(.text)
    __rt_heap_expand                         0x08007331   Thumb Code     2  heapauxi.o(.text)
    __rt_heap_descriptor                     0x08007335   Thumb Code     8  rt_heap_descriptor_intlibspace.o(.text)
    __use_no_heap                            0x0800733d   Thumb Code     2  hguard.o(.text)
    __heap$guard                             0x0800733f   Thumb Code     2  hguard.o(.text)
    _terminate_user_alloc                    0x08007341   Thumb Code     2  init_alloc.o(.text)
    _init_user_alloc                         0x08007343   Thumb Code     2  init_alloc.o(.text)
    __Heap_Full                              0x08007345   Thumb Code    34  init_alloc.o(.text)
    __Heap_Broken                            0x08007367   Thumb Code     6  init_alloc.o(.text)
    _init_alloc                              0x0800736d   Thumb Code    94  init_alloc.o(.text)
    __Heap_Initialize                        0x080073cb   Thumb Code    10  h1_init.o(.text)
    __Heap_DescSize                          0x080073d5   Thumb Code     4  h1_init.o(.text)
    _printf_int_common                       0x080073d9   Thumb Code   178  _printf_intcommon.o(.text)
    __lib_sel_fp_printf                      0x0800748b   Thumb Code     2  _printf_fp_dec.o(.text)
    _printf_fp_dec_real                      0x08007639   Thumb Code   620  _printf_fp_dec.o(.text)
    _printf_char_common                      0x080078af   Thumb Code    32  _printf_char_common.o(.text)
    _sputc                                   0x080078d5   Thumb Code    10  _sputc.o(.text)
    __user_libspace                          0x080078e1   Thumb Code     8  libspace.o(.text)
    __user_perproc_libspace                  0x080078e1   Thumb Code     0  libspace.o(.text)
    __user_perthread_libspace                0x080078e1   Thumb Code     0  libspace.o(.text)
    __rt_locale                              0x080078e9   Thumb Code     8  rt_locale_intlibspace.o(.text)
    __Heap_ProvideMemory                     0x080078f1   Thumb Code    52  h1_extend.o(.text)
    _ll_udiv10                               0x08007925   Thumb Code   138  lludiv10.o(.text)
    _printf_fp_infnan                        0x080079b1   Thumb Code   112  _printf_fp_infnan.o(.text)
    _btod_etento                             0x08007a31   Thumb Code   216  bigflt0.o(.text)
    __rt_SIGRTMEM                            0x08007b0d   Thumb Code    14  defsig_rtmem_outer.o(.text)
    __I$use$semihosting                      0x08007b1b   Thumb Code     0  use_no_semi.o(.text)
    __use_no_semihosting_swi                 0x08007b1b   Thumb Code     2  use_no_semi.o(.text)
    __semihosting_library_function           0x08007b1d   Thumb Code     0  indicate_semi.o(.text)
    __user_setup_stackheap                   0x08007b1d   Thumb Code    74  sys_stackheap_outer.o(.text)
    exit                                     0x08007b67   Thumb Code    18  exit.o(.text)
    __sig_exit                               0x08007b79   Thumb Code    10  defsig_exit.o(.text)
    __rt_SIGRTMEM_inner                      0x08007b85   Thumb Code    22  defsig_rtmem_inner.o(.text)
    strcmp                                   0x08007bd5   Thumb Code   128  strcmpv7m.o(.text)
    _sys_exit                                0x08007c55   Thumb Code     8  sys_exit.o(.text)
    __default_signal_display                 0x08007c61   Thumb Code    50  defsig_general.o(.text)
    _ttywrch                                 0x08007c93   Thumb Code    14  sys_wrch.o(.text)
    _btod_d2e                                0x08007ca1   Thumb Code    62  btod.o(CL$$btod_d2e)
    _d2e_denorm_low                          0x08007cdf   Thumb Code    70  btod.o(CL$$btod_d2e_denorm_low)
    _d2e_norm_op1                            0x08007d25   Thumb Code    96  btod.o(CL$$btod_d2e_norm_op1)
    __btod_div_common                        0x08007d85   Thumb Code   696  btod.o(CL$$btod_div_common)
    _e2e                                     0x080080bd   Thumb Code   198  btod.o(CL$$btod_e2e)
    _btod_ediv                               0x08008183   Thumb Code    40  btod.o(CL$$btod_ediv)
    _btod_emul                               0x080081ab   Thumb Code    40  btod.o(CL$$btod_emul)
    __btod_mult_common                       0x080081d3   Thumb Code   580  btod.o(CL$$btod_mult_common)
    __ARM_fpclassify                         0x08008417   Thumb Code    48  fpclassify.o(i.__ARM_fpclassify)
    _is_digit                                0x08008447   Thumb Code    14  __printf_wp.o(i._is_digit)
    _get_lc_numeric                          0x08008455   Thumb Code    44  lc_numeric_c.o(locale$$code)
    __aeabi_d2f                              0x08008481   Thumb Code     0  d2f.o(x$fpl$d2f)
    _d2f                                     0x08008481   Thumb Code    98  d2f.o(x$fpl$d2f)
    __aeabi_dadd                             0x080084e5   Thumb Code     0  daddsub_clz.o(x$fpl$dadd)
    _dadd                                    0x080084e5   Thumb Code   332  daddsub_clz.o(x$fpl$dadd)
    __aeabi_dmul                             0x08008635   Thumb Code     0  dmul.o(x$fpl$dmul)
    _dmul                                    0x08008635   Thumb Code   332  dmul.o(x$fpl$dmul)
    __fpl_dnaninf                            0x08008789   Thumb Code   156  dnaninf.o(x$fpl$dnaninf)
    __fpl_dretinf                            0x08008825   Thumb Code    12  dretinf.o(x$fpl$dretinf)
    __aeabi_dsub                             0x08008831   Thumb Code     0  daddsub_clz.o(x$fpl$dsub)
    _dsub                                    0x08008831   Thumb Code   464  daddsub_clz.o(x$fpl$dsub)
    __aeabi_f2d                              0x08008a05   Thumb Code     0  f2d.o(x$fpl$f2d)
    _f2d                                     0x08008a05   Thumb Code    86  f2d.o(x$fpl$f2d)
    __fpl_fnaninf                            0x08008a5b   Thumb Code   140  fnaninf.o(x$fpl$fnaninf)
    _fp_init                                 0x08008ae7   Thumb Code    10  fpinit.o(x$fpl$fpinit)
    __fplib_config_fpu_vfp                   0x08008aef   Thumb Code     0  fpinit.o(x$fpl$fpinit)
    __fplib_config_pureend_doubles           0x08008aef   Thumb Code     0  fpinit.o(x$fpl$fpinit)
    __fpl_fretinf                            0x08008af1   Thumb Code    10  fretinf.o(x$fpl$fretinf)
    _printf_fp_dec                           0x08008afb   Thumb Code     4  printf1.o(x$fpl$printf1)
    TM_Font7x10                              0x08008afe   Data        1900  tm_stm32f4_fonts.o(.constdata)
    __I$use$fp                               0x08008afe   Number         0  usenofp.o(x$fpl$usenofp)
    TM_Font11x18                             0x0800926a   Data        3420  tm_stm32f4_fonts.o(.constdata)
    TM_Font16x26                             0x08009fc6   Data        4940  tm_stm32f4_fonts.o(.constdata)
    Region$$Table$$Base                      0x0800b6ec   Number         0  anon$$obj.o(Region$$Table)
    Region$$Table$$Limit                     0x0800b70c   Number         0  anon$$obj.o(Region$$Table)
    TM_DELAY_Initialized                     0x20000010   Data           1  tm_stm32f4_delay.o(.data)
    TM_Time                                  0x20000014   Data           4  tm_stm32f4_delay.o(.data)
    TM_Time2                                 0x20000018   Data           4  tm_stm32f4_delay.o(.data)
    mult                                     0x2000001c   Data           4  tm_stm32f4_delay.o(.data)
    TM_Font_7x10                             0x20000020   Data           8  tm_stm32f4_fonts.o(.data)
    TM_Font_11x18                            0x20000028   Data           8  tm_stm32f4_fonts.o(.data)
    TM_Font_16x26                            0x20000030   Data           8  tm_stm32f4_fonts.o(.data)
    ILI9341_x                                0x20000038   Data           2  tm_stm32f4_ili9341.o(.data)
    ILI9341_y                                0x2000003a   Data           2  tm_stm32f4_ili9341.o(.data)
    ILI9341_Opts                             0x2000003c   Data           6  tm_stm32f4_ili9341.o(.data)
    Digolechars                              0x20000042   Data         264  tm_stm32f4_ili9341.o(.data)
    TM_RTC_Status                            0x200001dc   Data           4  tm_stm32f4_rtc.o(.data)
    RTC_TimeStruct                           0x200001e0   Data           4  tm_stm32f4_rtc.o(.data)
    RTC_DateStruct                           0x200001e4   Data           4  tm_stm32f4_rtc.o(.data)
    NVIC_InitStruct                          0x200001e8   Data           4  tm_stm32f4_rtc.o(.data)
    EXTI_InitStruct                          0x200001ec   Data           8  tm_stm32f4_rtc.o(.data)
    TM_RTC_Months                            0x200001f4   Data          24  tm_stm32f4_rtc.o(.data)
    Namb                                     0x2000020c   Data           1  main.o(.data)
    Menu                                     0x2000020d   Data           1  main.o(.data)
    Needles                                  0x2000020e   Data           1  main.o(.data)
    FreqForDispley                           0x2000020f   Data           1  main.o(.data)
    Timer                                    0x20000210   Data           4  main.o(.data)
    TimerFull                                0x20000214   Data           4  main.o(.data)
    FREQ_Popravka1                           0x20000218   Data           4  main.o(.data)
    FREQ_Popravka2                           0x2000021c   Data           4  main.o(.data)
    SystemCoreClock                          0x20000220   Data           4  system_stm32f4xx.o(.data)
    AHBPrescTable                            0x20000224   Data          16  system_stm32f4xx.o(.data)
    RTC_InitStruct                           0x200002a0   Data          12  tm_stm32f4_rtc.o(.bss)
    __libspace_start                         0x200002ac   Data          96  libspace.o(.bss)
    __temporary_stack_top$libspace           0x2000030c   Data           0  libspace.o(.bss)



==============================================================================

Memory Map of the image

  Image Entry point : 0x08000189

  Load Region LR_IROM1 (Base: 0x08000000, Size: 0x0000b95c, Max: 0x00080000, ABSOLUTE, COMPRESSED[0x0000b8a4])

    Execution Region ER_IROM1 (Base: 0x08000000, Size: 0x0000b728, Max: 0x00080000, ABSOLUTE)

    Base Addr    Size         Type   Attr      Idx    E Section Name        Object

    0x08000000   0x00000188   Data   RO            3    RESET               startup_stm32f407xx.o
    0x08000188   0x00000008   Code   RO          243  * !!!main             c_w.l(__main.o)
    0x08000190   0x00000034   Code   RO          435    !!!scatter          c_w.l(__scatter.o)
    0x080001c4   0x0000005a   Code   RO          434    !!dczerorl2         c_w.l(__dczerorl2.o)
    0x0800021e   0x00000002   PAD
    0x08000220   0x0000001c   Code   RO          436    !!handler_zi        c_w.l(__scatter_zi.o)
    0x0800023c   0x00000000   Code   RO          240    .ARM.Collect$$_printf_percent$$00000000  c_w.l(_printf_percent.o)
    0x0800023c   0x00000006   Code   RO          239    .ARM.Collect$$_printf_percent$$00000003  c_w.l(_printf_f.o)
    0x08000242   0x00000006   Code   RO          238    .ARM.Collect$$_printf_percent$$00000009  c_w.l(_printf_d.o)
    0x08000248   0x00000004   Code   RO          270    .ARM.Collect$$_printf_percent$$00000017  c_w.l(_printf_percent_end.o)
    0x0800024c   0x00000002   Code   RO          389    .ARM.Collect$$libinit$$00000000  c_w.l(libinit.o)
    0x0800024e   0x00000004   Code   RO          273    .ARM.Collect$$libinit$$00000001  c_w.l(libinit2.o)
    0x08000252   0x00000000   Code   RO          276    .ARM.Collect$$libinit$$00000004  c_w.l(libinit2.o)
    0x08000252   0x00000008   Code   RO          277    .ARM.Collect$$libinit$$00000005  c_w.l(libinit2.o)
    0x0800025a   0x00000000   Code   RO          279    .ARM.Collect$$libinit$$0000000A  c_w.l(libinit2.o)
    0x0800025a   0x00000000   Code   RO          281    .ARM.Collect$$libinit$$0000000C  c_w.l(libinit2.o)
    0x0800025a   0x00000000   Code   RO          283    .ARM.Collect$$libinit$$0000000E  c_w.l(libinit2.o)
    0x0800025a   0x00000006   Code   RO          284    .ARM.Collect$$libinit$$0000000F  c_w.l(libinit2.o)
    0x08000260   0x00000000   Code   RO          286    .ARM.Collect$$libinit$$00000011  c_w.l(libinit2.o)
    0x08000260   0x00000000   Code   RO          288    .ARM.Collect$$libinit$$00000013  c_w.l(libinit2.o)
    0x08000260   0x00000000   Code   RO          290    .ARM.Collect$$libinit$$00000015  c_w.l(libinit2.o)
    0x08000260   0x0000000a   Code   RO          291    .ARM.Collect$$libinit$$00000016  c_w.l(libinit2.o)
    0x0800026a   0x00000000   Code   RO          292    .ARM.Collect$$libinit$$00000017  c_w.l(libinit2.o)
    0x0800026a   0x00000000   Code   RO          294    .ARM.Collect$$libinit$$00000019  c_w.l(libinit2.o)
    0x0800026a   0x00000000   Code   RO          296    .ARM.Collect$$libinit$$0000001B  c_w.l(libinit2.o)
    0x0800026a   0x00000000   Code   RO          298    .ARM.Collect$$libinit$$0000001D  c_w.l(libinit2.o)
    0x0800026a   0x00000000   Code   RO          300    .ARM.Collect$$libinit$$0000001F  c_w.l(libinit2.o)
    0x0800026a   0x00000000   Code   RO          302    .ARM.Collect$$libinit$$00000021  c_w.l(libinit2.o)
    0x0800026a   0x00000000   Code   RO          304    .ARM.Collect$$libinit$$00000023  c_w.l(libinit2.o)
    0x0800026a   0x00000000   Code   RO          306    .ARM.Collect$$libinit$$00000025  c_w.l(libinit2.o)
    0x0800026a   0x00000000   Code   RO          310    .ARM.Collect$$libinit$$0000002C  c_w.l(libinit2.o)
    0x0800026a   0x00000000   Code   RO          312    .ARM.Collect$$libinit$$0000002E  c_w.l(libinit2.o)
    0x0800026a   0x00000000   Code   RO          314    .ARM.Collect$$libinit$$00000030  c_w.l(libinit2.o)
    0x0800026a   0x00000000   Code   RO          316    .ARM.Collect$$libinit$$00000032  c_w.l(libinit2.o)
    0x0800026a   0x00000002   Code   RO          317    .ARM.Collect$$libinit$$00000033  c_w.l(libinit2.o)
    0x0800026c   0x00000002   Code   RO          431    .ARM.Collect$$libshutdown$$00000000  c_w.l(libshutdown.o)
    0x0800026e   0x00000000   Code   RO          398    .ARM.Collect$$libshutdown$$00000002  c_w.l(libshutdown2.o)
    0x0800026e   0x00000000   Code   RO          400    .ARM.Collect$$libshutdown$$00000004  c_w.l(libshutdown2.o)
    0x0800026e   0x00000000   Code   RO          403    .ARM.Collect$$libshutdown$$00000007  c_w.l(libshutdown2.o)
    0x0800026e   0x00000000   Code   RO          406    .ARM.Collect$$libshutdown$$0000000A  c_w.l(libshutdown2.o)
    0x0800026e   0x00000000   Code   RO          408    .ARM.Collect$$libshutdown$$0000000C  c_w.l(libshutdown2.o)
    0x0800026e   0x00000000   Code   RO          411    .ARM.Collect$$libshutdown$$0000000F  c_w.l(libshutdown2.o)
    0x0800026e   0x00000002   Code   RO          412    .ARM.Collect$$libshutdown$$00000010  c_w.l(libshutdown2.o)
    0x08000270   0x00000000   Code   RO          252    .ARM.Collect$$rtentry$$00000000  c_w.l(__rtentry.o)
    0x08000270   0x00000000   Code   RO          327    .ARM.Collect$$rtentry$$00000002  c_w.l(__rtentry2.o)
    0x08000270   0x00000006   Code   RO          339    .ARM.Collect$$rtentry$$00000004  c_w.l(__rtentry4.o)
    0x08000276   0x00000000   Code   RO          329    .ARM.Collect$$rtentry$$00000009  c_w.l(__rtentry2.o)
    0x08000276   0x00000004   Code   RO          330    .ARM.Collect$$rtentry$$0000000A  c_w.l(__rtentry2.o)
    0x0800027a   0x00000000   Code   RO          332    .ARM.Collect$$rtentry$$0000000C  c_w.l(__rtentry2.o)
    0x0800027a   0x00000008   Code   RO          333    .ARM.Collect$$rtentry$$0000000D  c_w.l(__rtentry2.o)
    0x08000282   0x00000002   Code   RO          391    .ARM.Collect$$rtexit$$00000000  c_w.l(rtexit.o)
    0x08000284   0x00000000   Code   RO          415    .ARM.Collect$$rtexit$$00000002  c_w.l(rtexit2.o)
    0x08000284   0x00000004   Code   RO          416    .ARM.Collect$$rtexit$$00000003  c_w.l(rtexit2.o)
    0x08000288   0x00000006   Code   RO          417    .ARM.Collect$$rtexit$$00000004  c_w.l(rtexit2.o)
    0x0800028e   0x00000002   PAD
    0x08000290   0x00000000   Code   RO          345    .emb_text           c_w.l(maybetermalloc1.o)
    0x08000290   0x00000040   Code   RO            4    .text               startup_stm32f407xx.o
    0x080002d0   0x000000b0   Code   RO            8    .text               misc.o
    0x08000380   0x00000484   Code   RO           12    .text               stm32f4xx_rcc.o
    0x08000804   0x0000020c   Code   RO           17    .text               stm32f4xx_gpio.o
    0x08000a10   0x00000320   Code   RO           21    .text               stm32f4xx_dma.o
    0x08000d30   0x0000032c   Code   RO           29    .text               stm32f4xx_spi.o
    0x0800105c   0x00000a54   Code   RO           33    .text               stm32f4xx_rtc.o
    0x08001ab0   0x00000354   Code   RO           37    .text               stm32f4xx_adc.o
    0x08001e04   0x00000154   Code   RO           41    .text               stm32f4xx_dac.o
    0x08001f58   0x000009dc   Code   RO           45    .text               stm32f4xx_tim.o
    0x08002934   0x00000180   Code   RO           53    .text               tm_stm32f4_delay.o
    0x08002ab4   0x00000ba0   Code   RO           70    .text               tm_stm32f4_ili9341.o
    0x08003654   0x00000640   Code   RO           77    .text               tm_stm32f4_spi.o
    0x08003c94   0x0000029c   Code   RO           86    .text               tm_stm32f4_gpio.o
    0x08003f30   0x000002e8   Code   RO           91    .text               tm_stm32f4_spi_dma.o
    0x08004218   0x000001f4   Code   RO           97    .text               tm_stm32f4_dma.o
    0x0800440c   0x000008fc   Code   RO          107    .text               tm_stm32f4_rtc.o
    0x08004d08   0x0000033c   Code   RO          113    .text               tm_stm32f4_adc.o
    0x08005044   0x0000007c   Code   RO          117    .text               tm_stm32f4_dac.o
    0x080050c0   0x0000097c   Code   RO          121    .text               tm_stm32f4_pwm.o
    0x08005a3c   0x00000304   Code   RO          125    .text               tm_stm32f4_timer_properties.o
    0x08005d40   0x00001154   Code   RO          129    .text               main.o
    0x08006e94   0x0000001a   Code   RO          179    .text               stm32f4xx_it.o
    0x08006eae   0x00000002   PAD
    0x08006eb0   0x00000180   Code   RO          183    .text               system_stm32f4xx.o
    0x08007030   0x0000005e   Code   RO          189    .text               c_w.l(h1_alloc.o)
    0x0800708e   0x0000004e   Code   RO          190    .text               c_w.l(h1_free.o)
    0x080070dc   0x00000026   Code   RO          219    .text               c_w.l(llshl.o)
    0x08007102   0x00000002   PAD
    0x08007104   0x00000028   Code   RO          221    .text               c_w.l(noretval__2sprintf.o)
    0x0800712c   0x0000004e   Code   RO          223    .text               c_w.l(_printf_pad.o)
    0x0800717a   0x00000002   PAD
    0x0800717c   0x00000078   Code   RO          224    .text               c_w.l(_printf_dec.o)
    0x080071f4   0x00000138   Code   RO          233    .text               c_w.l(__printf_flags_wp.o)
    0x0800732c   0x00000006   Code   RO          242    .text               c_w.l(heapauxi.o)
    0x08007332   0x00000002   PAD
    0x08007334   0x00000008   Code   RO          255    .text               c_w.l(rt_heap_descriptor_intlibspace.o)
    0x0800733c   0x00000004   Code   RO          256    .text               c_w.l(hguard.o)
    0x08007340   0x0000008a   Code   RO          257    .text               c_w.l(init_alloc.o)
    0x080073ca   0x0000000e   Code   RO          259    .text               c_w.l(h1_init.o)
    0x080073d8   0x000000b2   Code   RO          266    .text               c_w.l(_printf_intcommon.o)
    0x0800748a   0x0000041a   Code   RO          267    .text               c_w.l(_printf_fp_dec.o)
    0x080078a4   0x00000030   Code   RO          268    .text               c_w.l(_printf_char_common.o)
    0x080078d4   0x0000000a   Code   RO          269    .text               c_w.l(_sputc.o)
    0x080078de   0x00000002   PAD
    0x080078e0   0x00000008   Code   RO          324    .text               c_w.l(libspace.o)
    0x080078e8   0x00000008   Code   RO          343    .text               c_w.l(rt_locale_intlibspace.o)
    0x080078f0   0x00000034   Code   RO          347    .text               c_w.l(h1_extend.o)
    0x08007924   0x0000008a   Code   RO          349    .text               c_w.l(lludiv10.o)
    0x080079ae   0x00000002   PAD
    0x080079b0   0x00000080   Code   RO          350    .text               c_w.l(_printf_fp_infnan.o)
    0x08007a30   0x000000dc   Code   RO          352    .text               c_w.l(bigflt0.o)
    0x08007b0c   0x0000000e   Code   RO          367    .text               c_w.l(defsig_rtmem_outer.o)
    0x08007b1a   0x00000002   Code   RO          375    .text               c_w.l(use_no_semi.o)
    0x08007b1c   0x00000000   Code   RO          376    .text               c_w.l(indicate_semi.o)
    0x08007b1c   0x0000004a   Code   RO          377    .text               c_w.l(sys_stackheap_outer.o)
    0x08007b66   0x00000012   Code   RO          380    .text               c_w.l(exit.o)
    0x08007b78   0x0000000a   Code   RO          381    .text               c_w.l(defsig_exit.o)
    0x08007b82   0x00000002   PAD
    0x08007b84   0x00000050   Code   RO          382    .text               c_w.l(defsig_rtmem_inner.o)
    0x08007bd4   0x00000080   Code   RO          383    .text               c_w.l(strcmpv7m.o)
    0x08007c54   0x0000000c   Code   RO          390    .text               c_w.l(sys_exit.o)
    0x08007c60   0x00000032   Code   RO          396    .text               c_w.l(defsig_general.o)
    0x08007c92   0x0000000e   Code   RO          413    .text               c_w.l(sys_wrch.o)
    0x08007ca0   0x0000003e   Code   RO          354    CL$$btod_d2e        c_w.l(btod.o)
    0x08007cde   0x00000046   Code   RO          356    CL$$btod_d2e_denorm_low  c_w.l(btod.o)
    0x08007d24   0x00000060   Code   RO          355    CL$$btod_d2e_norm_op1  c_w.l(btod.o)
    0x08007d84   0x00000338   Code   RO          364    CL$$btod_div_common  c_w.l(btod.o)
    0x080080bc   0x000000c6   Code   RO          361    CL$$btod_e2e        c_w.l(btod.o)
    0x08008182   0x00000028   Code   RO          358    CL$$btod_ediv       c_w.l(btod.o)
    0x080081aa   0x00000028   Code   RO          357    CL$$btod_emul       c_w.l(btod.o)
    0x080081d2   0x00000244   Code   RO          363    CL$$btod_mult_common  c_w.l(btod.o)
    0x08008416   0x00000030   Code   RO          374    i.__ARM_fpclassify  m_wm.l(fpclassify.o)
    0x08008446   0x0000000e   Code   RO          232    i._is_digit         c_w.l(__printf_wp.o)
    0x08008454   0x0000002c   Code   RO          366    locale$$code        c_w.l(lc_numeric_c.o)
    0x08008480   0x00000062   Code   RO          244    x$fpl$d2f           fz_wm.l(d2f.o)
    0x080084e2   0x00000002   PAD
    0x080084e4   0x00000150   Code   RO          245    x$fpl$dadd          fz_wm.l(daddsub_clz.o)
    0x08008634   0x00000154   Code   RO          248    x$fpl$dmul          fz_wm.l(dmul.o)
    0x08008788   0x0000009c   Code   RO          318    x$fpl$dnaninf       fz_wm.l(dnaninf.o)
    0x08008824   0x0000000c   Code   RO          319    x$fpl$dretinf       fz_wm.l(dretinf.o)
    0x08008830   0x000001d4   Code   RO          247    x$fpl$dsub          fz_wm.l(daddsub_clz.o)
    0x08008a04   0x00000056   Code   RO          249    x$fpl$f2d           fz_wm.l(f2d.o)
    0x08008a5a   0x0000008c   Code   RO          320    x$fpl$fnaninf       fz_wm.l(fnaninf.o)
    0x08008ae6   0x0000000a   Code   RO          372    x$fpl$fpinit        fz_wm.l(fpinit.o)
    0x08008af0   0x0000000a   Code   RO          321    x$fpl$fretinf       fz_wm.l(fretinf.o)
    0x08008afa   0x00000004   Code   RO          250    x$fpl$printf1       fz_wm.l(printf1.o)
    0x08008afe   0x00000000   Code   RO          322    x$fpl$usenofp       fz_wm.l(usenofp.o)
    0x08008afe   0x0000076c   Data   RO           61    .constdata          tm_stm32f4_fonts.o
    0x0800926a   0x00000d5c   Data   RO           62    .constdata          tm_stm32f4_fonts.o
    0x08009fc6   0x0000134c   Data   RO           63    .constdata          tm_stm32f4_fonts.o
    0x0800b312   0x00000320   Data   RO           71    .constdata          tm_stm32f4_ili9341.o
    0x0800b632   0x00000014   Data   RO           98    .constdata          tm_stm32f4_dma.o
    0x0800b646   0x00000011   Data   RO          234    .constdata          c_w.l(__printf_flags_wp.o)
    0x0800b657   0x00000001   PAD
    0x0800b658   0x00000094   Data   RO          353    .constdata          c_w.l(bigflt0.o)
    0x0800b6ec   0x00000020   Data   RO          432    Region$$Table       anon$$obj.o
    0x0800b70c   0x0000001c   Data   RO          365    locale$$data        c_w.l(lc_numeric_c.o)


    Execution Region RW_IRAM1 (Base: 0x20000000, Size: 0x00000910, Max: 0x00020000, ABSOLUTE, COMPRESSED[0x0000017c])

    Base Addr    Size         Type   Attr      Idx    E Section Name        Object

    0x20000000   0x00000010   Data   RW           13    .data               stm32f4xx_rcc.o
    0x20000010   0x00000010   Data   RW           56    .data               tm_stm32f4_delay.o
    0x20000020   0x00000008   Data   RW           64    .data               tm_stm32f4_fonts.o
    0x20000028   0x00000008   Data   RW           65    .data               tm_stm32f4_fonts.o
    0x20000030   0x00000008   Data   RW           66    .data               tm_stm32f4_fonts.o
    0x20000038   0x00000112   Data   RW           72    .data               tm_stm32f4_ili9341.o
    0x2000014a   0x00000002   PAD
    0x2000014c   0x00000090   Data   RW           93    .data               tm_stm32f4_spi_dma.o
    0x200001dc   0x00000030   Data   RW          109    .data               tm_stm32f4_rtc.o
    0x2000020c   0x00000014   Data   RW          170    .data               main.o
    0x20000220   0x00000014   Data   RW          184    .data               system_stm32f4xx.o
    0x20000234   0x00000018   Zero   RW           54    .bss                tm_stm32f4_delay.o
    0x2000024c   0x00000016   Zero   RW           87    .bss                tm_stm32f4_gpio.o
    0x20000262   0x00000002   PAD
    0x20000264   0x0000003c   Zero   RW           92    .bss                tm_stm32f4_spi_dma.o
    0x200002a0   0x0000000c   Zero   RW          108    .bss                tm_stm32f4_rtc.o
    0x200002ac   0x00000060   Zero   RW          325    .bss                c_w.l(libspace.o)
    0x2000030c   0x00000004   PAD
    0x20000310   0x00000200   Zero   RW            2    HEAP                startup_stm32f407xx.o
    0x20000510   0x00000400   Zero   RW            1    STACK               startup_stm32f407xx.o


==============================================================================

Image component sizes


      Code (inc. data)   RO Data    RW Data    ZI Data      Debug   Object Name

      4436        588          0         20          0          0   main.o
       176         12          0          0          0          0   misc.o
        64         26        392          0       1536          0   startup_stm32f407xx.o
       852         20          0          0          0          0   stm32f4xx_adc.o
       340          4          0          0          0          0   stm32f4xx_dac.o
       800         32          0          0          0          0   stm32f4xx_dma.o
       524         44          0          0          0          0   stm32f4xx_gpio.o
        26          0          0          0          0          0   stm32f4xx_it.o
      1156         52          0         16          0          0   stm32f4xx_rcc.o
      2644         48          0          0          0          0   stm32f4xx_rtc.o
       812         36          0          0          0          0   stm32f4xx_spi.o
      2524         52          0          0          0          0   stm32f4xx_tim.o
       384         40          0         20          0          0   system_stm32f4xx.o
       828         32          0          0          0          0   tm_stm32f4_adc.o
       124         12          0          0          0          0   tm_stm32f4_dac.o
       384         20          0         16         24          0   tm_stm32f4_delay.o
       500         16         20          0          0          0   tm_stm32f4_dma.o
         0          0      10260         24          0          0   tm_stm32f4_fonts.o
       668         14          0          0         22          0   tm_stm32f4_gpio.o
      2976         32        800        274          0          0   tm_stm32f4_ili9341.o
      2428        124          0          0          0          0   tm_stm32f4_pwm.o
      2300         40          0         48         12          0   tm_stm32f4_rtc.o
      1600         78          0          0          0          0   tm_stm32f4_spi.o
       744         40          0        144         60          0   tm_stm32f4_spi_dma.o
       772         76          0          0          0          0   tm_stm32f4_timer_properties.o

    ----------------------------------------------------------------------
     28064       1438      11504        564       1656          0   Object Totals
         0          0         32          0          0          0   (incl. Generated)
         2          0          0          2          2          0   (incl. Padding)

    ----------------------------------------------------------------------

      Code (inc. data)   RO Data    RW Data    ZI Data      Debug   Library Member Name

        90          0          0          0          0          0   __dczerorl2.o
         8          0          0          0          0          0   __main.o
       312          4         17          0          0          0   __printf_flags_wp.o
        14          0          0          0          0          0   __printf_wp.o
         0          0          0          0          0          0   __rtentry.o
        12          0          0          0          0          0   __rtentry2.o
         6          0          0          0          0          0   __rtentry4.o
        52          8          0          0          0          0   __scatter.o
        28          0          0          0          0          0   __scatter_zi.o
        48          6          0          0          0          0   _printf_char_common.o
         6          0          0          0          0          0   _printf_d.o
       120         16          0          0          0          0   _printf_dec.o
         6          0          0          0          0          0   _printf_f.o
      1050          0          0          0          0          0   _printf_fp_dec.o
       128         16          0          0          0          0   _printf_fp_infnan.o
       178          0          0          0          0          0   _printf_intcommon.o
        78          0          0          0          0          0   _printf_pad.o
         0          0          0          0          0          0   _printf_percent.o
         4          0          0          0          0          0   _printf_percent_end.o
        10          0          0          0          0          0   _sputc.o
       220          4        148          0          0          0   bigflt0.o
      1910        128          0          0          0          0   btod.o
        10          0          0          0          0          0   defsig_exit.o
        50          0          0          0          0          0   defsig_general.o
        80         58          0          0          0          0   defsig_rtmem_inner.o
        14          0          0          0          0          0   defsig_rtmem_outer.o
        18          0          0          0          0          0   exit.o
        94          0          0          0          0          0   h1_alloc.o
        52          0          0          0          0          0   h1_extend.o
        78          0          0          0          0          0   h1_free.o
        14          0          0          0          0          0   h1_init.o
         6          0          0          0          0          0   heapauxi.o
         4          0          0          0          0          0   hguard.o
         0          0          0          0          0          0   indicate_semi.o
       138          0          0          0          0          0   init_alloc.o
        44         10         28          0          0          0   lc_numeric_c.o
         2          0          0          0          0          0   libinit.o
        30          0          0          0          0          0   libinit2.o
         2          0          0          0          0          0   libshutdown.o
         2          0          0          0          0          0   libshutdown2.o
         8          4          0          0         96          0   libspace.o
        38          0          0          0          0          0   llshl.o
       138          0          0          0          0          0   lludiv10.o
         0          0          0          0          0          0   maybetermalloc1.o
        40          6          0          0          0          0   noretval__2sprintf.o
         8          4          0          0          0          0   rt_heap_descriptor_intlibspace.o
         8          4          0          0          0          0   rt_locale_intlibspace.o
         2          0          0          0          0          0   rtexit.o
        10          0          0          0          0          0   rtexit2.o
       128          0          0          0          0          0   strcmpv7m.o
        12          4          0          0          0          0   sys_exit.o
        74          0          0          0          0          0   sys_stackheap_outer.o
        14          0          0          0          0          0   sys_wrch.o
         2          0          0          0          0          0   use_no_semi.o
        98          4          0          0          0          0   d2f.o
       804         16          0          0          0          0   daddsub_clz.o
       340         12          0          0          0          0   dmul.o
       156          4          0          0          0          0   dnaninf.o
        12          0          0          0          0          0   dretinf.o
        86          4          0          0          0          0   f2d.o
       140          4          0          0          0          0   fnaninf.o
        10          0          0          0          0          0   fpinit.o
        10          0          0          0          0          0   fretinf.o
         4          0          0          0          0          0   printf1.o
         0          0          0          0          0          0   usenofp.o
        48          0          0          0          0          0   fpclassify.o

    ----------------------------------------------------------------------
      7126        316        194          0        100          0   Library Totals
        18          0          1          0          4          0   (incl. Padding)

    ----------------------------------------------------------------------

      Code (inc. data)   RO Data    RW Data    ZI Data      Debug   Library Name

      5400        272        193          0         96          0   c_w.l
      1660         44          0          0          0          0   fz_wm.l
        48          0          0          0          0          0   m_wm.l

    ----------------------------------------------------------------------
      7126        316        194          0        100          0   Library Totals

    ----------------------------------------------------------------------

==============================================================================


      Code (inc. data)   RO Data    RW Data    ZI Data      Debug   

     35190       1754      11698        564       1756          0   Grand Totals
     35190       1754      11698        380       1756          0   ELF Image Totals (compressed)
     35190       1754      11698        380          0          0   ROM Totals

==============================================================================

    Total RO  Size (Code + RO Data)                46888 (  45.79kB)
    Total RW  Size (RW Data + ZI Data)              2320 (   2.27kB)
    Total ROM Size (Code + RO Data + RW Data)      47268 (  46.16kB)

==============================================================================

