<html>
<body>
<pre>
<h1>µVision Build Log</h1>
<h2>Tool Versions:</h2>
IDE-Version: µVision V5.17.0.0
Copyright (C) 2015 ARM Ltd and ARM Germany GmbH. All rights reserved.
License Information: Ice Wind, HOME, LIC=S5IHL-0PBWX-RDZK3-APZ2W-KIDF1-V05PG
 
Tool Versions:
Toolchain:       MDK-ARM Professional  Version: 5.17
Toolchain Path:  D:\Keil_v5\ARM\ARMCC\Bin
C Compiler:      Armcc.exe V5.06 update 1 (build 61)
Assembler:       Armasm.exe V5.06 update 1 (build 61)
Linker/Locator:  ArmLink.exe V5.06 update 1 (build 61)
Library Manager: ArmAr.exe V5.06 update 1 (build 61)
Hex Converter:   FromElf.exe V5.06 update 1 (build 61)
CPU DLL:         SARMCM3.DLL V5.17
Dialog DLL:      DCM.DLL V1.13.4.0
Target DLL:      STLink\ST-LINKIII-KEIL_SWO.dll V2.0.18.0
Dialog DLL:      TCM.DLL V1.14.6.0
 
<h2>Project:</h2>
D:\Keil_v5\STM32F407_PK\PK_V09_03_MOD_50_V03\project.uvprojx
Project File Date:  05/11/2019

<h2>Output:</h2>
*** Using Compiler 'V5.06 update 1 (build 61)', folder: 'D:\Keil_v5\ARM\ARMCC\Bin'
Rebuild target 'STM32F407'
assembling startup_stm32f407xx.s...
compiling misc.c...
compiling stm32f4xx_rcc.c...
compiling stm32f4xx_gpio.c...
compiling stm32f4xx_dma.c...
compiling stm32f4xx_i2c.c...
compiling stm32f4xx_spi.c...
compiling stm32f4xx_rtc.c...
compiling stm32f4xx_adc.c...
compiling stm32f4xx_dac.c...
compiling stm32f4xx_flash.c...
compiling tm_stm32f4_delay.c...
compiling stm32f4xx_tim.c...
compiling tm_stm32f4_fonts.c...
compiling tm_stm32f4_spi.c...
compiling tm_stm32f4_ili9341.c...
compiling tm_stm32f4_i2c.c...
compiling tm_stm32f4_gpio.c...
compiling tm_stm32f4_spi_dma.c...
compiling tm_stm32f4_dma.c...
compiling tm_stm32f4_button.c...
compiling tm_stm32f4_rtc.c...
compiling tm_stm32f4_adc.c...
compiling tm_stm32f4_dac.c...
compiling tm_stm32f4_timer_properties.c...
compiling tm_stm32f4_pwm.c...
compiling main.c...
User\main.c(405): warning:  #1035-D: single-precision operand implicitly converted to double-precision
  	FREQ_Popravka1 = (kf * 0.001)-0.005;
User\main.c(433): warning:  #1035-D: single-precision operand implicitly converted to double-precision
  	FREQ_Popravka2 = (kf * 0.001)-0.005;
User\main.c(663): warning:  #550-D: variable "IN_FREQ" was set but never used
  				IN_FREQ,IN_FREQ_2;
User\main.c(663): warning:  #550-D: variable "IN_FREQ_2" was set but never used
  				IN_FREQ,IN_FREQ_2;
User\main.c(729): warning:  #550-D: variable "IN_FREQ" was set but never used
  	float IN_FREQ,IN_FREQ_2;
User\main.c(729): warning:  #550-D: variable "IN_FREQ_2" was set but never used
  	float IN_FREQ,IN_FREQ_2;
User\main.c(807): warning:  #550-D: variable "n" was set but never used
  uint32_t n;
User\main.c: 7 warnings, 0 errors
compiling stm32f4xx_it.c...
compiling system_stm32f4xx.c...
linking...
Program Size: Code=35190 RO-data=11698 RW-data=564 ZI-data=1756  
FromELF: creating hex file...
".\Targets\STM32F407\project.axf" - 0 Error(s), 7 Warning(s).

<h2>Collection of Component include folders:</h2>
  D:\Keil_v5\STM32F407_PK\PK_V09_03_MOD_50_V03\RTE
  d:\Keil_v5\ARM\PACK\Keil\STM32F4xx_DFP\2.7.0\Drivers\CMSIS\Device\ST\STM32F4xx\Include

<h2>Collection of Component Files used:</h2>
Build Time Elapsed:  00:00:03
</pre>
</body>
</html>
