Component: ARM Compiler 5.06 update 6 (build 750) Tool: armlink [4d35ed]

==============================================================================

Section Cross References

    startup_stm32f407xx.o(STACK) refers (Special) to heapauxi.o(.text) for __use_two_region_memory
    startup_stm32f407xx.o(HEAP) refers (Special) to heapauxi.o(.text) for __use_two_region_memory
    startup_stm32f407xx.o(RESET) refers (Special) to heapauxi.o(.text) for __use_two_region_memory
    startup_stm32f407xx.o(RESET) refers to startup_stm32f407xx.o(STACK) for __initial_sp
    startup_stm32f407xx.o(RESET) refers to startup_stm32f407xx.o(.text) for Reset_Handler
    startup_stm32f407xx.o(RESET) refers to stm32f4xx_it.o(.text) for NMI_Handler
    startup_stm32f407xx.o(RESET) refers to tm_stm32f4_rtc.o(.text) for RTC_WKUP_IRQHandler
    startup_stm32f407xx.o(RESET) refers to tm_stm32f4_dma.o(.text) for DMA1_Stream0_IRQHandler
    startup_stm32f407xx.o(.text) refers (Special) to heapauxi.o(.text) for __use_two_region_memory
    startup_stm32f407xx.o(.text) refers to system_stm32f4xx.o(.text) for SystemInit
    startup_stm32f407xx.o(.text) refers to __main.o(!!!main) for __main
    startup_stm32f407xx.o(.text) refers to startup_stm32f407xx.o(HEAP) for Heap_Mem
    startup_stm32f407xx.o(.text) refers to startup_stm32f407xx.o(STACK) for Stack_Mem
    stm32f4xx_rcc.o(.text) refers to stm32f4xx_rcc.o(.data) for .data
    stm32f4xx_gpio.o(.text) refers to stm32f4xx_rcc.o(.text) for RCC_AHB1PeriphResetCmd
    stm32f4xx_i2c.o(.text) refers to stm32f4xx_rcc.o(.text) for RCC_APB1PeriphResetCmd
    stm32f4xx_spi.o(.text) refers to stm32f4xx_rcc.o(.text) for RCC_APB1PeriphResetCmd
    stm32f4xx_adc.o(.text) refers to stm32f4xx_rcc.o(.text) for RCC_APB2PeriphResetCmd
    stm32f4xx_dac.o(.text) refers to stm32f4xx_rcc.o(.text) for RCC_APB1PeriphResetCmd
    stm32f4xx_tim.o(.text) refers to stm32f4xx_rcc.o(.text) for RCC_APB2PeriphResetCmd
    tm_stm32f4_delay.o(.text) refers to h1_alloc.o(.text) for malloc
    tm_stm32f4_delay.o(.text) refers to h1_free.o(.text) for free
    tm_stm32f4_delay.o(.text) refers to tm_stm32f4_delay.o(.data) for .data
    tm_stm32f4_delay.o(.text) refers to tm_stm32f4_delay.o(.bss) for .bss
    tm_stm32f4_delay.o(.text) refers to system_stm32f4xx.o(.data) for SystemCoreClock
    tm_stm32f4_fonts.o(.text) refers to strlen.o(.text) for strlen
    tm_stm32f4_fonts.o(.data) refers to tm_stm32f4_fonts.o(.constdata) for TM_Font7x10
    tm_stm32f4_fonts.o(.data) refers to tm_stm32f4_fonts.o(.constdata) for TM_Font11x18
    tm_stm32f4_fonts.o(.data) refers to tm_stm32f4_fonts.o(.constdata) for TM_Font16x26
    tm_stm32f4_ili9341.o(.text) refers to stm32f4xx_gpio.o(.text) for GPIO_ResetBits
    tm_stm32f4_ili9341.o(.text) refers to tm_stm32f4_spi.o(.text) for TM_SPI_SetDataSize
    tm_stm32f4_ili9341.o(.text) refers to tm_stm32f4_spi_dma.o(.text) for TM_SPI_DMA_SendHalfWord
    tm_stm32f4_ili9341.o(.text) refers to tm_stm32f4_gpio.o(.text) for TM_GPIO_Init
    tm_stm32f4_ili9341.o(.text) refers to tm_stm32f4_ili9341.o(.data) for .data
    tm_stm32f4_ili9341.o(.text) refers to tm_stm32f4_delay.o(.data) for mult
    tm_stm32f4_ili9341.o(.text) refers to llshl.o(.text) for __aeabi_llsl
    tm_stm32f4_ili9341.o(.text) refers to tm_stm32f4_ili9341.o(.constdata) for .constdata
    tm_stm32f4_spi.o(.text) refers to tm_stm32f4_gpio.o(.text) for TM_GPIO_InitAlternate
    tm_stm32f4_spi.o(.text) refers to stm32f4xx_spi.o(.text) for SPI_StructInit
    tm_stm32f4_spi.o(.text) refers to stm32f4xx_rcc.o(.text) for RCC_GetClocksFreq
    tm_stm32f4_i2c.o(.text) refers to tm_stm32f4_gpio.o(.text) for TM_GPIO_InitAlternate
    tm_stm32f4_i2c.o(.text) refers to stm32f4xx_i2c.o(.text) for I2C_Init
    tm_stm32f4_i2c.o(.text) refers to tm_stm32f4_i2c.o(.data) for .data
    tm_stm32f4_gpio.o(.text) refers to tm_stm32f4_gpio.o(.bss) for .bss
    tm_stm32f4_spi_dma.o(.text) refers to stm32f4xx_dma.o(.text) for DMA_DeInit
    tm_stm32f4_spi_dma.o(.text) refers to tm_stm32f4_dma.o(.text) for TM_DMA_ClearFlag
    tm_stm32f4_spi_dma.o(.text) refers to tm_stm32f4_spi_dma.o(.data) for .data
    tm_stm32f4_spi_dma.o(.text) refers to tm_stm32f4_spi_dma.o(.bss) for .bss
    tm_stm32f4_dma.o(.text) refers to misc.o(.text) for NVIC_Init
    tm_stm32f4_dma.o(.text) refers to tm_stm32f4_dma.o(.constdata) for .constdata
    tm_stm32f4_button.o(.text) refers to tm_stm32f4_delay.o(.text) for TM_DELAY_Init
    tm_stm32f4_button.o(.text) refers to h1_alloc.o(.text) for malloc
    tm_stm32f4_button.o(.text) refers to tm_stm32f4_gpio.o(.text) for TM_GPIO_Init
    tm_stm32f4_button.o(.text) refers to tm_stm32f4_button.o(.bss) for .bss
    tm_stm32f4_button.o(.text) refers to tm_stm32f4_delay.o(.data) for TM_Time
    tm_stm32f4_rtc.o(.text) refers to stm32f4xx_rtc.o(.text) for RTC_Init
    tm_stm32f4_rtc.o(.text) refers to stm32f4xx_rcc.o(.text) for RCC_LSICmd
    tm_stm32f4_rtc.o(.text) refers to tm_stm32f4_rtc.o(.data) for .data
[...]
    __rt_lib_init_lc_monetary_1              0x08000261   Thumb Code     0  libinit2.o(.ARM.Collect$$libinit$$00000015)
    __rt_lib_init_lc_numeric_2               0x08000261   Thumb Code     0  libinit2.o(.ARM.Collect$$libinit$$00000016)
    __rt_lib_init_alloca_1                   0x0800026b   Thumb Code     0  libinit2.o(.ARM.Collect$$libinit$$0000002E)
    __rt_lib_init_argv_1                     0x0800026b   Thumb Code     0  libinit2.o(.ARM.Collect$$libinit$$0000002C)
    __rt_lib_init_atexit_1                   0x0800026b   Thumb Code     0  libinit2.o(.ARM.Collect$$libinit$$0000001B)
    __rt_lib_init_clock_1                    0x0800026b   Thumb Code     0  libinit2.o(.ARM.Collect$$libinit$$00000021)
    __rt_lib_init_cpp_1                      0x0800026b   Thumb Code     0  libinit2.o(.ARM.Collect$$libinit$$00000032)
    __rt_lib_init_exceptions_1               0x0800026b   Thumb Code     0  libinit2.o(.ARM.Collect$$libinit$$00000030)
    __rt_lib_init_fp_trap_1                  0x0800026b   Thumb Code     0  libinit2.o(.ARM.Collect$$libinit$$0000001F)
    __rt_lib_init_getenv_1                   0x0800026b   Thumb Code     0  libinit2.o(.ARM.Collect$$libinit$$00000023)
    __rt_lib_init_lc_numeric_1               0x0800026b   Thumb Code     0  libinit2.o(.ARM.Collect$$libinit$$00000017)
    __rt_lib_init_lc_time_1                  0x0800026b   Thumb Code     0  libinit2.o(.ARM.Collect$$libinit$$00000019)
    __rt_lib_init_return                     0x0800026b   Thumb Code     0  libinit2.o(.ARM.Collect$$libinit$$00000033)
    __rt_lib_init_signal_1                   0x0800026b   Thumb Code     0  libinit2.o(.ARM.Collect$$libinit$$0000001D)
    __rt_lib_init_stdio_1                    0x0800026b   Thumb Code     0  libinit2.o(.ARM.Collect$$libinit$$00000025)
    __rt_lib_shutdown                        0x0800026d   Thumb Code     0  libshutdown.o(.ARM.Collect$$libshutdown$$00000000)
    __rt_lib_shutdown_cpp_1                  0x0800026f   Thumb Code     0  libshutdown2.o(.ARM.Collect$$libshutdown$$00000002)
    __rt_lib_shutdown_fp_trap_1              0x0800026f   Thumb Code     0  libshutdown2.o(.ARM.Collect$$libshutdown$$00000007)
    __rt_lib_shutdown_heap_1                 0x0800026f   Thumb Code     0  libshutdown2.o(.ARM.Collect$$libshutdown$$0000000F)
    __rt_lib_shutdown_return                 0x0800026f   Thumb Code     0  libshutdown2.o(.ARM.Collect$$libshutdown$$00000010)
    __rt_lib_shutdown_signal_1               0x0800026f   Thumb Code     0  libshutdown2.o(.ARM.Collect$$libshutdown$$0000000A)
    __rt_lib_shutdown_stdio_1                0x0800026f   Thumb Code     0  libshutdown2.o(.ARM.Collect$$libshutdown$$00000004)
    __rt_lib_shutdown_user_alloc_1           0x0800026f   Thumb Code     0  libshutdown2.o(.ARM.Collect$$libshutdown$$0000000C)
    __rt_entry                               0x08000271   Thumb Code     0  __rtentry.o(.ARM.Collect$$rtentry$$00000000)
    __rt_entry_presh_1                       0x08000271   Thumb Code     0  __rtentry2.o(.ARM.Collect$$rtentry$$00000002)
    __rt_entry_sh                            0x08000271   Thumb Code     0  __rtentry4.o(.ARM.Collect$$rtentry$$00000004)
    __rt_entry_li                            0x08000277   Thumb Code     0  __rtentry2.o(.ARM.Collect$$rtentry$$0000000A)
    __rt_entry_postsh_1                      0x08000277   Thumb Code     0  __rtentry2.o(.ARM.Collect$$rtentry$$00000009)
    __rt_entry_main                          0x0800027b   Thumb Code     0  __rtentry2.o(.ARM.Collect$$rtentry$$0000000D)
    __rt_entry_postli_1                      0x0800027b   Thumb Code     0  __rtentry2.o(.ARM.Collect$$rtentry$$0000000C)
    __rt_exit                                0x08000283   Thumb Code     0  rtexit.o(.ARM.Collect$$rtexit$$00000000)
    __rt_exit_ls                             0x08000285   Thumb Code     0  rtexit2.o(.ARM.Collect$$rtexit$$00000003)
    __rt_exit_prels_1                        0x08000285   Thumb Code     0  rtexit2.o(.ARM.Collect$$rtexit$$00000002)
    __rt_exit_exit                           0x08000289   Thumb Code     0  rtexit2.o(.ARM.Collect$$rtexit$$00000004)
    Reset_Handler                            0x08000291   Thumb Code     8  startup_stm32f407xx.o(.text)
    _maybe_terminate_alloc                   0x08000291   Thumb Code     0  maybetermalloc1.o(.emb_text)
    ADC_IRQHandler                           0x080002ab   Thumb Code     0  startup_stm32f407xx.o(.text)
    CAN1_RX0_IRQHandler                      0x080002ab   Thumb Code     0  startup_stm32f407xx.o(.text)
    CAN1_RX1_IRQHandler                      0x080002ab   Thumb Code     0  startup_stm32f407xx.o(.text)
    CAN1_SCE_IRQHandler                      0x080002ab   Thumb Code     0  startup_stm32f407xx.o(.text)
    CAN1_TX_IRQHandler                       0x080002ab   Thumb Code     0  startup_stm32f407xx.o(.text)
    CAN2_RX0_IRQHandler                      0x080002ab   Thumb Code     0  startup_stm32f407xx.o(.text)
    CAN2_RX1_IRQHandler                      0x080002ab   Thumb Code     0  startup_stm32f407xx.o(.text)
    CAN2_SCE_IRQHandler                      0x080002ab   Thumb Code     0  startup_stm32f407xx.o(.text)
    CAN2_TX_IRQHandler                       0x080002ab   Thumb Code     0  startup_stm32f407xx.o(.text)
    DCMI_IRQHandler                          0x080002ab   Thumb Code     0  startup_stm32f407xx.o(.text)
    ETH_IRQHandler                           0x080002ab   Thumb Code     0  startup_stm32f407xx.o(.text)
    ETH_WKUP_IRQHandler                      0x080002ab   Thumb Code     0  startup_stm32f407xx.o(.text)
    EXTI0_IRQHandler                         0x080002ab   Thumb Code     0  startup_stm32f407xx.o(.text)
    EXTI15_10_IRQHandler                     0x080002ab   Thumb Code     0  startup_stm32f407xx.o(.text)
    EXTI1_IRQHandler                         0x080002ab   Thumb Code     0  startup_stm32f407xx.o(.text)
    EXTI2_IRQHandler                         0x080002ab   Thumb Code     0  startup_stm32f407xx.o(.text)
    EXTI3_IRQHandler                         0x080002ab   Thumb Code     0  startup_stm32f407xx.o(.text)
    EXTI4_IRQHandler                         0x080002ab   Thumb Code     0  startup_stm32f407xx.o(.text)
    EXTI9_5_IRQHandler                       0x080002ab   Thumb Code     0  startup_stm32f407xx.o(.text)
    FLASH_IRQHandler                         0x080002ab   Thumb Code     0  startup_stm32f407xx.o(.text)
    FMC_IRQHandler                           0x080002ab   Thumb Code     0  startup_stm32f407xx.o(.text)
    FPU_IRQHandler                           0x080002ab   Thumb Code     0  startup_stm32f407xx.o(.text)
    HASH_RNG_IRQHandler                      0x080002ab   Thumb Code     0  startup_stm32f407xx.o(.text)
    I2C1_ER_IRQHandler                       0x080002ab   Thumb Code     0  startup_stm32f407xx.o(.text)
    I2C1_EV_IRQHandler                       0x080002ab   Thumb Code     0  startup_stm32f407xx.o(.text)
    I2C2_ER_IRQHandler                       0x080002ab   Thumb Code     0  startup_stm32f407xx.o(.text)
    I2C2_EV_IRQHandler                       0x080002ab   Thumb Code     0  startup_stm32f407xx.o(.text)
    I2C3_ER_IRQHandler                       0x080002ab   Thumb Code     0  startup_stm32f407xx.o(.text)
    I2C3_EV_IRQHandler                       0x080002ab   Thumb Code     0  startup_stm32f407xx.o(.text)
    OTG_FS_IRQHandler                        0x080002ab   Thumb Code     0  startup_stm32f407xx.o(.text)
    OTG_FS_WKUP_IRQHandler                   0x080002ab   Thumb Code     0  startup_stm32f407xx.o(.text)
    OTG_HS_EP1_IN_IRQHandler                 0x080002ab   Thumb Code     0  startup_stm32f407xx.o(.text)
    OTG_HS_EP1_OUT_IRQHandler                0x080002ab   Thumb Code     0  startup_stm32f407xx.o(.text)
    OTG_HS_IRQHandler                        0x080002ab   Thumb Code     0  startup_stm32f407xx.o(.text)
    OTG_HS_WKUP_IRQHandler                   0x080002ab   Thumb Code     0  startup_stm32f407xx.o(.text)
    PVD_IRQHandler                           0x080002ab   Thumb Code     0  startup_stm32f407xx.o(.text)
    RCC_IRQHandler                           0x080002ab   Thumb Code     0  startup_stm32f407xx.o(.text)
    SDIO_IRQHandler                          0x080002ab   Thumb Code     0  startup_stm32f407xx.o(.text)
    SPI1_IRQHandler                          0x080002ab   Thumb Code     0  startup_stm32f407xx.o(.text)
    SPI2_IRQHandler                          0x080002ab   Thumb Code     0  startup_stm32f407xx.o(.text)
    SPI3_IRQHandler                          0x080002ab   Thumb Code     0  startup_stm32f407xx.o(.text)
    TAMP_STAMP_IRQHandler                    0x080002ab   Thumb Code     0  startup_stm32f407xx.o(.text)
    TIM1_BRK_TIM9_IRQHandler                 0x080002ab   Thumb Code     0  startup_stm32f407xx.o(.text)
    TIM1_CC_IRQHandler                       0x080002ab   Thumb Code     0  startup_stm32f407xx.o(.text)
    TIM1_TRG_COM_TIM11_IRQHandler            0x080002ab   Thumb Code     0  startup_stm32f407xx.o(.text)
    TIM1_UP_TIM10_IRQHandler                 0x080002ab   Thumb Code     0  startup_stm32f407xx.o(.text)
    TIM2_IRQHandler                          0x080002ab   Thumb Code     0  startup_stm32f407xx.o(.text)
    TIM3_IRQHandler                          0x080002ab   Thumb Code     0  startup_stm32f407xx.o(.text)
    TIM4_IRQHandler                          0x080002ab   Thumb Code     0  startup_stm32f407xx.o(.text)
    TIM5_IRQHandler                          0x080002ab   Thumb Code     0  startup_stm32f407xx.o(.text)
    TIM6_DAC_IRQHandler                      0x080002ab   Thumb Code     0  startup_stm32f407xx.o(.text)
    TIM7_IRQHandler                          0x080002ab   Thumb Code     0  startup_stm32f407xx.o(.text)
    TIM8_BRK_TIM12_IRQHandler                0x080002ab   Thumb Code     0  startup_stm32f407xx.o(.text)
    TIM8_CC_IRQHandler                       0x080002ab   Thumb Code     0  startup_stm32f407xx.o(.text)
    TIM8_TRG_COM_TIM14_IRQHandler            0x080002ab   Thumb Code     0  startup_stm32f407xx.o(.text)
    TIM8_UP_TIM13_IRQHandler                 0x080002ab   Thumb Code     0  startup_stm32f407xx.o(.text)
    UART4_IRQHandler                         0x080002ab   Thumb Code     0  startup_stm32f407xx.o(.text)
    UART5_IRQHandler                         0x080002ab   Thumb Code     0  startup_stm32f407xx.o(.text)
    USART1_IRQHandler                        0x080002ab   Thumb Code     0  startup_stm32f407xx.o(.text)
    USART2_IRQHandler                        0x080002ab   Thumb Code     0  startup_stm32f407xx.o(.text)
    USART3_IRQHandler                        0x080002ab   Thumb Code     0  startup_stm32f407xx.o(.text)
    USART6_IRQHandler                        0x080002ab   Thumb Code     0  startup_stm32f407xx.o(.text)
    WWDG_IRQHandler                          0x080002ab   Thumb Code     0  startup_stm32f407xx.o(.text)
    __user_initial_stackheap                 0x080002ad   Thumb Code     0  startup_stm32f407xx.o(.text)
    NVIC_PriorityGroupConfig                 0x080002d1   Thumb Code    10  misc.o(.text)
    NVIC_Init                                0x080002db   Thumb Code    96  misc.o(.text)
    NVIC_SetVectorTable                      0x0800033b   Thumb Code    14  misc.o(.text)
    NVIC_SystemLPConfig                      0x08000349   Thumb Code    20  misc.o(.text)
    SysTick_CLKSourceConfig                  0x0800035d   Thumb Code    24  misc.o(.text)
    RCC_DeInit                               0x08000381   Thumb Code    68  stm32f4xx_rcc.o(.text)
    RCC_HSEConfig                            0x080003c5   Thumb Code    12  stm32f4xx_rcc.o(.text)
    RCC_GetFlagStatus                        0x080003d1   Thumb Code    46  stm32f4xx_rcc.o(.text)
    RCC_WaitForHSEStartUp                    0x080003ff   Thumb Code    44  stm32f4xx_rcc.o(.text)
    RCC_AdjustHSICalibrationValue            0x0800042b   Thumb Code    16  stm32f4xx_rcc.o(.text)
    RCC_HSICmd                               0x0800043b   Thumb Code     6  stm32f4xx_rcc.o(.text)
    RCC_LSEConfig                            0x08000441   Thumb Code    24  stm32f4xx_rcc.o(.text)
    RCC_LSICmd                               0x08000459   Thumb Code     6  stm32f4xx_rcc.o(.text)
    RCC_PLLConfig                            0x0800045f   Thumb Code    32  stm32f4xx_rcc.o(.text)
    RCC_PLLCmd                               0x0800047f   Thumb Code     6  stm32f4xx_rcc.o(.text)
    RCC_PLLI2SConfig                         0x08000485   Thumb Code    14  stm32f4xx_rcc.o(.text)
    RCC_PLLI2SCmd                            0x08000493   Thumb Code     6  stm32f4xx_rcc.o(.text)
    RCC_PLLSAIConfig                         0x08000499   Thumb Code    18  stm32f4xx_rcc.o(.text)
    RCC_PLLSAICmd                            0x080004ab   Thumb Code     6  stm32f4xx_rcc.o(.text)
    RCC_ClockSecuritySystemCmd               0x080004b1   Thumb Code     6  stm32f4xx_rcc.o(.text)
    RCC_MCO1Config                           0x080004b7   Thumb Code    18  stm32f4xx_rcc.o(.text)
    RCC_MCO2Config                           0x080004c9   Thumb Code    18  stm32f4xx_rcc.o(.text)
    RCC_SYSCLKConfig                         0x080004db   Thumb Code    16  stm32f4xx_rcc.o(.text)
    RCC_GetSYSCLKSource                      0x080004eb   Thumb Code    12  stm32f4xx_rcc.o(.text)
    RCC_HCLKConfig                           0x080004f7   Thumb Code    16  stm32f4xx_rcc.o(.text)
    RCC_PCLK1Config                          0x08000507   Thumb Code    16  stm32f4xx_rcc.o(.text)
    RCC_PCLK2Config                          0x08000517   Thumb Code    18  stm32f4xx_rcc.o(.text)
    RCC_GetClocksFreq                        0x08000529   Thumb Code   134  stm32f4xx_rcc.o(.text)
    RCC_RTCCLKConfig                         0x080005af   Thumb Code    42  stm32f4xx_rcc.o(.text)
    RCC_RTCCLKCmd                            0x080005d9   Thumb Code     8  stm32f4xx_rcc.o(.text)
    RCC_BackupResetCmd                       0x080005e1   Thumb Code     8  stm32f4xx_rcc.o(.text)
    RCC_I2SCLKConfig                         0x080005e9   Thumb Code     8  stm32f4xx_rcc.o(.text)
    RCC_SAIBlockACLKConfig                   0x080005f1   Thumb Code    16  stm32f4xx_rcc.o(.text)
    RCC_SAIBlockBCLKConfig                   0x08000601   Thumb Code    16  stm32f4xx_rcc.o(.text)
    RCC_SAIPLLI2SClkDivConfig                0x08000611   Thumb Code    18  stm32f4xx_rcc.o(.text)
    RCC_SAIPLLSAIClkDivConfig                0x08000623   Thumb Code    24  stm32f4xx_rcc.o(.text)
    RCC_LTDCCLKDivConfig                     0x0800063b   Thumb Code    16  stm32f4xx_rcc.o(.text)
    RCC_TIMCLKPresConfig                     0x0800064b   Thumb Code     8  stm32f4xx_rcc.o(.text)
    RCC_AHB1PeriphClockCmd                   0x08000653   Thumb Code    20  stm32f4xx_rcc.o(.text)
    RCC_AHB2PeriphClockCmd                   0x08000667   Thumb Code    20  stm32f4xx_rcc.o(.text)
    RCC_AHB3PeriphClockCmd                   0x0800067b   Thumb Code    20  stm32f4xx_rcc.o(.text)
    RCC_APB1PeriphClockCmd                   0x0800068f   Thumb Code    20  stm32f4xx_rcc.o(.text)
    RCC_APB2PeriphClockCmd                   0x080006a3   Thumb Code    20  stm32f4xx_rcc.o(.text)
    RCC_AHB1PeriphResetCmd                   0x080006b7   Thumb Code    20  stm32f4xx_rcc.o(.text)
    RCC_AHB2PeriphResetCmd                   0x080006cb   Thumb Code    20  stm32f4xx_rcc.o(.text)
    RCC_AHB3PeriphResetCmd                   0x080006df   Thumb Code    20  stm32f4xx_rcc.o(.text)
    RCC_APB1PeriphResetCmd                   0x080006f3   Thumb Code    20  stm32f4xx_rcc.o(.text)
    RCC_APB2PeriphResetCmd                   0x08000707   Thumb Code    20  stm32f4xx_rcc.o(.text)
    RCC_AHB1PeriphClockLPModeCmd             0x0800071b   Thumb Code    20  stm32f4xx_rcc.o(.text)
    RCC_AHB2PeriphClockLPModeCmd             0x0800072f   Thumb Code    20  stm32f4xx_rcc.o(.text)
    RCC_AHB3PeriphClockLPModeCmd             0x08000743   Thumb Code    20  stm32f4xx_rcc.o(.text)
    RCC_APB1PeriphClockLPModeCmd             0x08000757   Thumb Code    68  stm32f4xx_rcc.o(.text)
    RCC_APB2PeriphClockLPModeCmd             0x0800079b   Thumb Code    18  stm32f4xx_rcc.o(.text)
    RCC_LSEModeConfig                        0x080007ad   Thumb Code    24  stm32f4xx_rcc.o(.text)
    RCC_ITConfig                             0x080007c5   Thumb Code    20  stm32f4xx_rcc.o(.text)
    RCC_ClearFlag                            0x080007d9   Thumb Code    14  stm32f4xx_rcc.o(.text)
    RCC_GetITStatus                          0x080007e7   Thumb Code    18  stm32f4xx_rcc.o(.text)
    RCC_ClearITPendingBit                    0x080007f9   Thumb Code     8  stm32f4xx_rcc.o(.text)
    GPIO_DeInit                              0x08000805   Thumb Code   216  stm32f4xx_gpio.o(.text)
    GPIO_Init                                0x080008dd   Thumb Code   120  stm32f4xx_gpio.o(.text)
    GPIO_StructInit                          0x08000955   Thumb Code    18  stm32f4xx_gpio.o(.text)
    GPIO_PinLockConfig                       0x08000967   Thumb Code    24  stm32f4xx_gpio.o(.text)
    GPIO_ReadInputDataBit                    0x0800097f   Thumb Code    14  stm32f4xx_gpio.o(.text)
    GPIO_ReadInputData                       0x0800098d   Thumb Code     6  stm32f4xx_gpio.o(.text)
    GPIO_ReadOutputDataBit                   0x08000993   Thumb Code    14  stm32f4xx_gpio.o(.text)
    GPIO_ReadOutputData                      0x080009a1   Thumb Code     6  stm32f4xx_gpio.o(.text)
    GPIO_SetBits                             0x080009a7   Thumb Code     4  stm32f4xx_gpio.o(.text)
    GPIO_ResetBits                           0x080009ab   Thumb Code     4  stm32f4xx_gpio.o(.text)
    GPIO_WriteBit                            0x080009af   Thumb Code    10  stm32f4xx_gpio.o(.text)
    GPIO_Write                               0x080009b9   Thumb Code     4  stm32f4xx_gpio.o(.text)
    GPIO_ToggleBits                          0x080009bd   Thumb Code     8  stm32f4xx_gpio.o(.text)
    GPIO_PinAFConfig                         0x080009c5   Thumb Code    32  stm32f4xx_gpio.o(.text)
    DMA_DeInit                               0x08000a11   Thumb Code   272  stm32f4xx_dma.o(.text)
    DMA_Init                                 0x08000b21   Thumb Code    80  stm32f4xx_dma.o(.text)
    DMA_StructInit                           0x08000b71   Thumb Code    34  stm32f4xx_dma.o(.text)
    DMA_Cmd                                  0x08000b93   Thumb Code    20  stm32f4xx_dma.o(.text)
    DMA_PeriphIncOffsetSizeConfig            0x08000ba7   Thumb Code    20  stm32f4xx_dma.o(.text)
    DMA_FlowControllerConfig                 0x08000bbb   Thumb Code    20  stm32f4xx_dma.o(.text)
    DMA_SetCurrDataCounter                   0x08000bcf   Thumb Code     4  stm32f4xx_dma.o(.text)
    DMA_GetCurrDataCounter                   0x08000bd3   Thumb Code     6  stm32f4xx_dma.o(.text)
    DMA_DoubleBufferModeConfig               0x08000bd9   Thumb Code    22  stm32f4xx_dma.o(.text)
    DMA_DoubleBufferModeCmd                  0x08000bef   Thumb Code    20  stm32f4xx_dma.o(.text)
    DMA_MemoryTargetConfig                   0x08000c03   Thumb Code    10  stm32f4xx_dma.o(.text)
    DMA_GetCurrentMemoryTarget               0x08000c0d   Thumb Code    14  stm32f4xx_dma.o(.text)
    DMA_GetCmdStatus                         0x08000c1b   Thumb Code    14  stm32f4xx_dma.o(.text)
    DMA_GetFIFOStatus                        0x08000c29   Thumb Code     8  stm32f4xx_dma.o(.text)
    DMA_GetFlagStatus                        0x08000c31   Thumb Code    42  stm32f4xx_dma.o(.text)
    DMA_ClearFlag                            0x08000c5b   Thumb Code    34  stm32f4xx_dma.o(.text)
    DMA_ITConfig                             0x08000c7d   Thumb Code    44  stm32f4xx_dma.o(.text)
    DMA_GetITStatus                          0x08000ca9   Thumb Code    70  stm32f4xx_dma.o(.text)
    DMA_ClearITPendingBit                    0x08000cef   Thumb Code    34  stm32f4xx_dma.o(.text)
    SPI_I2S_DeInit                           0x08000d31   Thumb Code   108  stm32f4xx_spi.o(.text)
    SPI_Init                                 0x08000d9d   Thumb Code    56  stm32f4xx_spi.o(.text)
    I2S_Init                                 0x08000dd5   Thumb Code   198  stm32f4xx_spi.o(.text)
    SPI_StructInit                           0x08000e9b   Thumb Code    24  stm32f4xx_spi.o(.text)
    I2S_StructInit                           0x08000eb3   Thumb Code    18  stm32f4xx_spi.o(.text)
    SPI_Cmd                                  0x08000ec5   Thumb Code    20  stm32f4xx_spi.o(.text)
    I2S_Cmd                                  0x08000ed9   Thumb Code    20  stm32f4xx_spi.o(.text)
    SPI_DataSizeConfig                       0x08000eed   Thumb Code    16  stm32f4xx_spi.o(.text)
    SPI_BiDirectionalLineConfig              0x08000efd   Thumb Code    22  stm32f4xx_spi.o(.text)
    SPI_NSSInternalSoftwareConfig            0x08000f13   Thumb Code    24  stm32f4xx_spi.o(.text)
    SPI_SSOutputCmd                          0x08000f2b   Thumb Code    20  stm32f4xx_spi.o(.text)
    SPI_TIModeCmd                            0x08000f3f   Thumb Code    20  stm32f4xx_spi.o(.text)
    I2S_FullDuplexConfig                     0x08000f53   Thumb Code    58  stm32f4xx_spi.o(.text)
    SPI_I2S_ReceiveData                      0x08000f8d   Thumb Code     4  stm32f4xx_spi.o(.text)
    SPI_I2S_SendData                         0x08000f91   Thumb Code     4  stm32f4xx_spi.o(.text)
    SPI_CalculateCRC                         0x08000f95   Thumb Code    20  stm32f4xx_spi.o(.text)
    SPI_TransmitCRC                          0x08000fa9   Thumb Code    10  stm32f4xx_spi.o(.text)
    SPI_GetCRC                               0x08000fb3   Thumb Code    12  stm32f4xx_spi.o(.text)
    SPI_GetCRCPolynomial                     0x08000fbf   Thumb Code     4  stm32f4xx_spi.o(.text)
    SPI_I2S_DMACmd                           0x08000fc3   Thumb Code    16  stm32f4xx_spi.o(.text)
    SPI_I2S_ITConfig                         0x08000fd3   Thumb Code    24  stm32f4xx_spi.o(.text)
    SPI_I2S_GetFlagStatus                    0x08000feb   Thumb Code    14  stm32f4xx_spi.o(.text)
    SPI_I2S_ClearFlag                        0x08000ff9   Thumb Code     6  stm32f4xx_spi.o(.text)
    SPI_I2S_GetITStatus                      0x08000fff   Thumb Code    44  stm32f4xx_spi.o(.text)
    SPI_I2S_ClearITPendingBit                0x0800102b   Thumb Code    14  stm32f4xx_spi.o(.text)
    RTC_WaitForSynchro                       0x0800105d   Thumb Code    70  stm32f4xx_rtc.o(.text)
    RTC_EnterInitMode                        0x080010a3   Thumb Code    58  stm32f4xx_rtc.o(.text)
    RTC_DeInit                               0x080010dd   Thumb Code   168  stm32f4xx_rtc.o(.text)
    RTC_ExitInitMode                         0x08001185   Thumb Code    14  stm32f4xx_rtc.o(.text)
    RTC_Init                                 0x08001193   Thumb Code    74  stm32f4xx_rtc.o(.text)
    RTC_StructInit                           0x080011dd   Thumb Code    14  stm32f4xx_rtc.o(.text)
    RTC_WriteProtectionCmd                   0x080011eb   Thumb Code    18  stm32f4xx_rtc.o(.text)
    RTC_RefClockCmd                          0x080011fd   Thumb Code    56  stm32f4xx_rtc.o(.text)
    RTC_BypassShadowCmd                      0x08001235   Thumb Code    38  stm32f4xx_rtc.o(.text)
    RTC_SetTime                              0x0800125b   Thumb Code   148  stm32f4xx_rtc.o(.text)
    RTC_TimeStructInit                       0x080012ef   Thumb Code    12  stm32f4xx_rtc.o(.text)
    RTC_GetTime                              0x080012fb   Thumb Code    70  stm32f4xx_rtc.o(.text)
    RTC_GetSubSecond                         0x08001341   Thumb Code    14  stm32f4xx_rtc.o(.text)
    RTC_SetDate                              0x0800134f   Thumb Code   142  stm32f4xx_rtc.o(.text)
    RTC_DateStructInit                       0x080013dd   Thumb Code    14  stm32f4xx_rtc.o(.text)
    RTC_GetDate                              0x080013eb   Thumb Code    66  stm32f4xx_rtc.o(.text)
    RTC_SetAlarm                             0x0800142d   Thumb Code   184  stm32f4xx_rtc.o(.text)
    RTC_AlarmStructInit                      0x080014e5   Thumb Code    20  stm32f4xx_rtc.o(.text)
    RTC_GetAlarm                             0x080014f9   Thumb Code   104  stm32f4xx_rtc.o(.text)
    RTC_AlarmCmd                             0x08001561   Thumb Code    78  stm32f4xx_rtc.o(.text)
    RTC_AlarmSubSecondConfig                 0x080015af   Thumb Code    38  stm32f4xx_rtc.o(.text)
    RTC_GetAlarmSubSecond                    0x080015d5   Thumb Code    24  stm32f4xx_rtc.o(.text)
    RTC_WakeUpClockConfig                    0x080015ed   Thumb Code    34  stm32f4xx_rtc.o(.text)
    RTC_SetWakeUpCounter                     0x0800160f   Thumb Code    22  stm32f4xx_rtc.o(.text)
    RTC_GetWakeUpCounter                     0x08001625   Thumb Code    10  stm32f4xx_rtc.o(.text)
    RTC_WakeUpCmd                            0x0800162f   Thumb Code    84  stm32f4xx_rtc.o(.text)
    RTC_DayLightSavingConfig                 0x08001683   Thumb Code    38  stm32f4xx_rtc.o(.text)
    RTC_GetStoreOperation                    0x080016a9   Thumb Code    12  stm32f4xx_rtc.o(.text)
    RTC_OutputConfig                         0x080016b5   Thumb Code    38  stm32f4xx_rtc.o(.text)
    RTC_CoarseCalibConfig                    0x080016db   Thumb Code    46  stm32f4xx_rtc.o(.text)
    RTC_CoarseCalibCmd                       0x08001709   Thumb Code    56  stm32f4xx_rtc.o(.text)
    RTC_CalibOutputCmd                       0x08001741   Thumb Code    38  stm32f4xx_rtc.o(.text)
    RTC_CalibOutputConfig                    0x08001767   Thumb Code    34  stm32f4xx_rtc.o(.text)
    RTC_SmoothCalibConfig                    0x08001789   Thumb Code    70  stm32f4xx_rtc.o(.text)
    RTC_TimeStampCmd                         0x080017cf   Thumb Code    42  stm32f4xx_rtc.o(.text)
    RTC_GetTimeStamp                         0x080017f9   Thumb Code   130  stm32f4xx_rtc.o(.text)
    RTC_GetTimeStampSubSecond                0x0800187b   Thumb Code     8  stm32f4xx_rtc.o(.text)
    RTC_TamperTriggerConfig                  0x08001883   Thumb Code    24  stm32f4xx_rtc.o(.text)
    RTC_TamperCmd                            0x0800189b   Thumb Code    28  stm32f4xx_rtc.o(.text)
    RTC_TamperFilterConfig                   0x080018b7   Thumb Code    18  stm32f4xx_rtc.o(.text)
    RTC_TamperSamplingFreqConfig             0x080018c9   Thumb Code    18  stm32f4xx_rtc.o(.text)
    RTC_TamperPinsPrechargeDuration          0x080018db   Thumb Code    18  stm32f4xx_rtc.o(.text)
    RTC_TimeStampOnTamperDetectionCmd        0x080018ed   Thumb Code    22  stm32f4xx_rtc.o(.text)
    RTC_TamperPullUpCmd                      0x08001903   Thumb Code    22  stm32f4xx_rtc.o(.text)
    RTC_WriteBackupRegister                  0x08001919   Thumb Code    16  stm32f4xx_rtc.o(.text)
    RTC_ReadBackupRegister                   0x08001929   Thumb Code    16  stm32f4xx_rtc.o(.text)
    RTC_TamperPinSelection                   0x08001939   Thumb Code    18  stm32f4xx_rtc.o(.text)
    RTC_TimeStampPinSelection                0x0800194b   Thumb Code    18  stm32f4xx_rtc.o(.text)
    RTC_OutputTypeConfig                     0x0800195d   Thumb Code    18  stm32f4xx_rtc.o(.text)
    RTC_SynchroShiftConfig                   0x0800196f   Thumb Code    84  stm32f4xx_rtc.o(.text)
    RTC_ITConfig                             0x080019c3   Thumb Code    60  stm32f4xx_rtc.o(.text)
    RTC_GetFlagStatus                        0x080019ff   Thumb Code    22  stm32f4xx_rtc.o(.text)
    RTC_ClearFlag                            0x08001a15   Thumb Code    24  stm32f4xx_rtc.o(.text)
    RTC_GetITStatus                          0x08001a2d   Thumb Code    54  stm32f4xx_rtc.o(.text)
    RTC_ClearITPendingBit                    0x08001a63   Thumb Code    24  stm32f4xx_rtc.o(.text)
    TIM_DeInit                               0x08001ab1   Thumb Code   284  stm32f4xx_tim.o(.text)
    TIM_TimeBaseInit                         0x08001bcd   Thumb Code    96  stm32f4xx_tim.o(.text)
    TIM_TimeBaseStructInit                   0x08001c2d   Thumb Code    18  stm32f4xx_tim.o(.text)
    TIM_PrescalerConfig                      0x08001c3f   Thumb Code     6  stm32f4xx_tim.o(.text)
    TIM_CounterModeConfig                    0x08001c45   Thumb Code    12  stm32f4xx_tim.o(.text)
    TIM_SetCounter                           0x08001c51   Thumb Code     4  stm32f4xx_tim.o(.text)
    TIM_SetAutoreload                        0x08001c55   Thumb Code     4  stm32f4xx_tim.o(.text)
    TIM_GetCounter                           0x08001c59   Thumb Code     4  stm32f4xx_tim.o(.text)
    TIM_GetPrescaler                         0x08001c5d   Thumb Code     4  stm32f4xx_tim.o(.text)
    TIM_UpdateDisableConfig                  0x08001c61   Thumb Code    20  stm32f4xx_tim.o(.text)
    TIM_UpdateRequestConfig                  0x08001c75   Thumb Code    20  stm32f4xx_tim.o(.text)
    TIM_ARRPreloadConfig                     0x08001c89   Thumb Code    20  stm32f4xx_tim.o(.text)
    TIM_SelectOnePulseMode                   0x08001c9d   Thumb Code    16  stm32f4xx_tim.o(.text)
    TIM_SetClockDivision                     0x08001cad   Thumb Code    16  stm32f4xx_tim.o(.text)
    TIM_Cmd                                  0x08001cbd   Thumb Code    20  stm32f4xx_tim.o(.text)
    TIM_OC1Init                              0x08001cd1   Thumb Code    88  stm32f4xx_tim.o(.text)
    TIM_OC2Init                              0x08001d29   Thumb Code   120  stm32f4xx_tim.o(.text)
    TIM_OC3Init                              0x08001da1   Thumb Code   116  stm32f4xx_tim.o(.text)
    TIM_OC4Init                              0x08001e15   Thumb Code    88  stm32f4xx_tim.o(.text)
    TIM_OCStructInit                         0x08001e6d   Thumb Code    20  stm32f4xx_tim.o(.text)
    TIM_SelectOCxM                           0x08001e81   Thumb Code   130  stm32f4xx_tim.o(.text)
    TIM_SetCompare1                          0x08001f03   Thumb Code     4  stm32f4xx_tim.o(.text)
    TIM_SetCompare2                          0x08001f07   Thumb Code     4  stm32f4xx_tim.o(.text)
    TIM_SetCompare3                          0x08001f0b   Thumb Code     4  stm32f4xx_tim.o(.text)
    TIM_SetCompare4                          0x08001f0f   Thumb Code     4  stm32f4xx_tim.o(.text)
    TIM_ForcedOC1Config                      0x08001f13   Thumb Code    12  stm32f4xx_tim.o(.text)
    TIM_ForcedOC2Config                      0x08001f1f   Thumb Code    20  stm32f4xx_tim.o(.text)
    TIM_ForcedOC3Config                      0x08001f33   Thumb Code    12  stm32f4xx_tim.o(.text)
    TIM_ForcedOC4Config                      0x08001f3f   Thumb Code    20  stm32f4xx_tim.o(.text)
    TIM_OC1PreloadConfig                     0x08001f53   Thumb Code    12  stm32f4xx_tim.o(.text)
    TIM_OC2PreloadConfig                     0x08001f5f   Thumb Code    20  stm32f4xx_tim.o(.text)
    TIM_OC3PreloadConfig                     0x08001f73   Thumb Code    12  stm32f4xx_tim.o(.text)
    TIM_OC4PreloadConfig                     0x08001f7f   Thumb Code    20  stm32f4xx_tim.o(.text)
    TIM_OC1FastConfig                        0x08001f93   Thumb Code    12  stm32f4xx_tim.o(.text)
    TIM_OC2FastConfig                        0x08001f9f   Thumb Code    20  stm32f4xx_tim.o(.text)
    TIM_OC3FastConfig                        0x08001fb3   Thumb Code    12  stm32f4xx_tim.o(.text)
    TIM_OC4FastConfig                        0x08001fbf   Thumb Code    20  stm32f4xx_tim.o(.text)
    TIM_ClearOC1Ref                          0x08001fd3   Thumb Code    12  stm32f4xx_tim.o(.text)
    TIM_ClearOC2Ref                          0x08001fdf   Thumb Code    20  stm32f4xx_tim.o(.text)
    TIM_ClearOC3Ref                          0x08001ff3   Thumb Code    12  stm32f4xx_tim.o(.text)
    TIM_ClearOC4Ref                          0x08001fff   Thumb Code    20  stm32f4xx_tim.o(.text)
    TIM_OC1PolarityConfig                    0x08002013   Thumb Code    12  stm32f4xx_tim.o(.text)
    TIM_OC1NPolarityConfig                   0x0800201f   Thumb Code    12  stm32f4xx_tim.o(.text)
    TIM_OC2PolarityConfig                    0x0800202b   Thumb Code    20  stm32f4xx_tim.o(.text)
    TIM_OC2NPolarityConfig                   0x0800203f   Thumb Code    20  stm32f4xx_tim.o(.text)
    TIM_OC3PolarityConfig                    0x08002053   Thumb Code    20  stm32f4xx_tim.o(.text)
    TIM_OC3NPolarityConfig                   0x08002067   Thumb Code    20  stm32f4xx_tim.o(.text)
    TIM_OC4PolarityConfig                    0x0800207b   Thumb Code    20  stm32f4xx_tim.o(.text)
    TIM_CCxCmd                               0x0800208f   Thumb Code    22  stm32f4xx_tim.o(.text)
    TIM_CCxNCmd                              0x080020a5   Thumb Code    22  stm32f4xx_tim.o(.text)
    TIM_SetIC4Prescaler                      0x080020bb   Thumb Code    24  stm32f4xx_tim.o(.text)
    TIM_SetIC3Prescaler                      0x080020d3   Thumb Code    16  stm32f4xx_tim.o(.text)
    TIM_SetIC2Prescaler                      0x080020e3   Thumb Code    24  stm32f4xx_tim.o(.text)
    TIM_SetIC1Prescaler                      0x08002131   Thumb Code    16  stm32f4xx_tim.o(.text)
    TIM_ICInit                               0x08002141   Thumb Code   164  stm32f4xx_tim.o(.text)
    TIM_ICStructInit                         0x080021e5   Thumb Code    16  stm32f4xx_tim.o(.text)
    TIM_PWMIConfig                           0x080021f5   Thumb Code   104  stm32f4xx_tim.o(.text)
    TIM_GetCapture1                          0x0800225d   Thumb Code     4  stm32f4xx_tim.o(.text)
    TIM_GetCapture2                          0x08002261   Thumb Code     4  stm32f4xx_tim.o(.text)
    TIM_GetCapture3                          0x08002265   Thumb Code     4  stm32f4xx_tim.o(.text)
    TIM_GetCapture4                          0x08002269   Thumb Code     4  stm32f4xx_tim.o(.text)
    TIM_BDTRConfig                           0x0800226d   Thumb Code    34  stm32f4xx_tim.o(.text)
    TIM_BDTRStructInit                       0x0800228f   Thumb Code    18  stm32f4xx_tim.o(.text)
    TIM_CtrlPWMOutputs                       0x080022a1   Thumb Code    22  stm32f4xx_tim.o(.text)
    TIM_SelectCOM                            0x080022b7   Thumb Code    20  stm32f4xx_tim.o(.text)
    TIM_CCPreloadControl                     0x080022cb   Thumb Code    20  stm32f4xx_tim.o(.text)
    TIM_ITConfig                             0x080022df   Thumb Code    16  stm32f4xx_tim.o(.text)
    TIM_GenerateEvent                        0x080022ef   Thumb Code     4  stm32f4xx_tim.o(.text)
    TIM_GetFlagStatus                        0x080022f3   Thumb Code    14  stm32f4xx_tim.o(.text)
    TIM_ClearFlag                            0x08002301   Thumb Code     6  stm32f4xx_tim.o(.text)
    TIM_GetITStatus                          0x08002307   Thumb Code    24  stm32f4xx_tim.o(.text)
    TIM_ClearITPendingBit                    0x0800231f   Thumb Code     6  stm32f4xx_tim.o(.text)
    TIM_DMAConfig                            0x08002325   Thumb Code     8  stm32f4xx_tim.o(.text)
    TIM_DMACmd                               0x0800232d   Thumb Code    16  stm32f4xx_tim.o(.text)
    TIM_SelectCCDMA                          0x0800233d   Thumb Code    20  stm32f4xx_tim.o(.text)
    TIM_InternalClockConfig                  0x08002351   Thumb Code    10  stm32f4xx_tim.o(.text)
    TIM_SelectInputTrigger                   0x0800235b   Thumb Code    12  stm32f4xx_tim.o(.text)
    TIM_ITRxExternalClockConfig              0x08002367   Thumb Code    18  stm32f4xx_tim.o(.text)
    TIM_TIxExternalClockConfig               0x08002379   Thumb Code    46  stm32f4xx_tim.o(.text)
    TIM_ETRConfig                            0x080023a7   Thumb Code    24  stm32f4xx_tim.o(.text)
    TIM_ETRClockMode1Config                  0x080023bf   Thumb Code    18  stm32f4xx_tim.o(.text)
    TIM_ETRClockMode2Config                  0x080023d1   Thumb Code    18  stm32f4xx_tim.o(.text)
    TIM_SelectOutputTrigger                  0x080023e3   Thumb Code    16  stm32f4xx_tim.o(.text)
    TIM_SelectSlaveMode                      0x080023f3   Thumb Code    16  stm32f4xx_tim.o(.text)
    TIM_SelectMasterSlaveMode                0x08002403   Thumb Code    16  stm32f4xx_tim.o(.text)
    TIM_EncoderInterfaceConfig               0x08002413   Thumb Code    50  stm32f4xx_tim.o(.text)
    TIM_SelectHallSensor                     0x08002445   Thumb Code    20  stm32f4xx_tim.o(.text)
    TIM_RemapConfig                          0x08002459   Thumb Code     6  stm32f4xx_tim.o(.text)
    FLASH_SetLatency                         0x0800248d   Thumb Code     6  stm32f4xx_flash.o(.text)
    FLASH_PrefetchBufferCmd                  0x08002493   Thumb Code    22  stm32f4xx_flash.o(.text)
    FLASH_InstructionCacheCmd                0x080024a9   Thumb Code    22  stm32f4xx_flash.o(.text)
    FLASH_DataCacheCmd                       0x080024bf   Thumb Code    22  stm32f4xx_flash.o(.text)
    FLASH_InstructionCacheReset              0x080024d5   Thumb Code    12  stm32f4xx_flash.o(.text)
    FLASH_DataCacheReset                     0x080024e1   Thumb Code    12  stm32f4xx_flash.o(.text)
    FLASH_Unlock                             0x080024ed   Thumb Code    24  stm32f4xx_flash.o(.text)
    FLASH_Lock                               0x08002505   Thumb Code    14  stm32f4xx_flash.o(.text)
    FLASH_GetStatus                          0x08002513   Thumb Code    58  stm32f4xx_flash.o(.text)
    FLASH_WaitForLastOperation               0x0800254d   Thumb Code    30  stm32f4xx_flash.o(.text)
    FLASH_EraseSector                        0x0800256b   Thumb Code   106  stm32f4xx_flash.o(.text)
    FLASH_EraseAllSectors                    0x080025d5   Thumb Code    88  stm32f4xx_flash.o(.text)
    FLASH_EraseAllBank1Sectors               0x0800262d   Thumb Code    88  stm32f4xx_flash.o(.text)
    FLASH_EraseAllBank2Sectors               0x08002685   Thumb Code    88  stm32f4xx_flash.o(.text)
    FLASH_ProgramDoubleWord                  0x080026dd   Thumb Code    62  stm32f4xx_flash.o(.text)
    FLASH_ProgramWord                        0x0800271b   Thumb Code    58  stm32f4xx_flash.o(.text)
    FLASH_ProgramHalfWord                    0x08002755   Thumb Code    58  stm32f4xx_flash.o(.text)
    FLASH_ProgramByte                        0x0800278f   Thumb Code    54  stm32f4xx_flash.o(.text)
    FLASH_OB_Unlock                          0x080027c5   Thumb Code    24  stm32f4xx_flash.o(.text)
    FLASH_OB_Lock                            0x080027dd   Thumb Code    14  stm32f4xx_flash.o(.text)
    FLASH_OB_WRPConfig                       0x080027eb   Thumb Code    32  stm32f4xx_flash.o(.text)
    FLASH_OB_WRP1Config                      0x0800280b   Thumb Code    32  stm32f4xx_flash.o(.text)
    FLASH_OB_PCROPSelectionConfig            0x0800282b   Thumb Code    16  stm32f4xx_flash.o(.text)
    FLASH_OB_PCROPConfig                     0x0800283b   Thumb Code    32  stm32f4xx_flash.o(.text)
    FLASH_OB_PCROP1Config                    0x0800285b   Thumb Code    52  stm32f4xx_flash.o(.text)
    FLASH_OB_RDPConfig                       0x0800288f   Thumb Code    18  stm32f4xx_flash.o(.text)
    FLASH_OB_UserConfig                      0x080028a1   Thumb Code    36  stm32f4xx_flash.o(.text)
    FLASH_OB_BootConfig                      0x080028c5   Thumb Code    20  stm32f4xx_flash.o(.text)
    FLASH_OB_BORConfig                       0x080028d9   Thumb Code    20  stm32f4xx_flash.o(.text)
    FLASH_OB_Launch                          0x080028ed   Thumb Code    14  stm32f4xx_flash.o(.text)
    FLASH_OB_GetUser                         0x080028fb   Thumb Code    12  stm32f4xx_flash.o(.text)
    FLASH_OB_GetWRP                          0x08002907   Thumb Code     8  stm32f4xx_flash.o(.text)
    FLASH_OB_GetWRP1                         0x0800290f   Thumb Code     8  stm32f4xx_flash.o(.text)
    FLASH_OB_GetPCROP                        0x08002917   Thumb Code     8  stm32f4xx_flash.o(.text)
    FLASH_OB_GetPCROP1                       0x0800291f   Thumb Code     8  stm32f4xx_flash.o(.text)
    FLASH_OB_GetRDP                          0x08002927   Thumb Code    14  stm32f4xx_flash.o(.text)
    FLASH_OB_GetBOR                          0x08002935   Thumb Code    12  stm32f4xx_flash.o(.text)
    FLASH_ITConfig                           0x08002941   Thumb Code    20  stm32f4xx_flash.o(.text)
    FLASH_GetFlagStatus                      0x08002955   Thumb Code    18  stm32f4xx_flash.o(.text)
    FLASH_ClearFlag                          0x08002967   Thumb Code     8  stm32f4xx_flash.o(.text)
    TimingDelay_Decrement                    0x08002975   Thumb Code    88  tm_stm32f4_delay.o(.text)
    TM_DELAY_Init                            0x080029cd   Thumb Code    60  tm_stm32f4_delay.o(.text)
    TM_DELAY_EnableDelayTimer                0x08002a09   Thumb Code    22  tm_stm32f4_delay.o(.text)
    TM_DELAY_DisableDelayTimer               0x08002a1f   Thumb Code    14  tm_stm32f4_delay.o(.text)
    TM_DELAY_TimerCreate                     0x08002a2d   Thumb Code    68  tm_stm32f4_delay.o(.text)
    TM_DELAY_TimerDelete                     0x08002a71   Thumb Code    86  tm_stm32f4_delay.o(.text)
    TM_DELAY_TimerStop                       0x08002ac7   Thumb Code     6  tm_stm32f4_delay.o(.text)
    TM_DELAY_TimerStart                      0x08002acd   Thumb Code     6  tm_stm32f4_delay.o(.text)
    TM_DELAY_TimerReset                      0x08002ad3   Thumb Code     6  tm_stm32f4_delay.o(.text)
    TM_DELAY_TimerAutoReload                 0x08002ad9   Thumb Code     4  tm_stm32f4_delay.o(.text)
    TM_DELAY_TimerAutoReloadValue            0x08002add   Thumb Code     4  tm_stm32f4_delay.o(.text)
    TM_ILI9341_SendCommand                   0x08002b1f   Thumb Code    42  tm_stm32f4_ili9341.o(.text)
    TM_ILI9341_SendData                      0x08002b49   Thumb Code    42  tm_stm32f4_ili9341.o(.text)
    TM_ILI9341_SetCursorPosition             0x08002b73   Thumb Code    74  tm_stm32f4_ili9341.o(.text)
    TM_ILI9341_INT_Fill                      0x08002bbd   Thumb Code   142  tm_stm32f4_ili9341.o(.text)
    TM_ILI9341_Fill                          0x08002c4b   Thumb Code    26  tm_stm32f4_ili9341.o(.text)
    TM_ILI9341_InitLCD                       0x08002c65   Thumb Code   622  tm_stm32f4_ili9341.o(.text)
    TM_ILI9341_Init                          0x08002ed3   Thumb Code   132  tm_stm32f4_ili9341.o(.text)
    TM_ILI9341_DisplayOn                     0x08002f57   Thumb Code     4  tm_stm32f4_ili9341.o(.text)
    TM_ILI9341_DisplayOff                    0x08002f5b   Thumb Code     4  tm_stm32f4_ili9341.o(.text)
    TM_ILI9341_DrawPixel                     0x08002f5f   Thumb Code    34  tm_stm32f4_ili9341.o(.text)
    TM_ILI9341_Delay                         0x08002f81   Thumb Code    16  tm_stm32f4_ili9341.o(.text)
    TM_ILI9341_Rotate                        0x08002f91   Thumb Code    78  tm_stm32f4_ili9341.o(.text)
    TM_ILI9341_Putc                          0x08002fdf   Thumb Code   152  tm_stm32f4_ili9341.o(.text)
    TM_ILI9341_Puts                          0x08003077   Thumb Code    86  tm_stm32f4_ili9341.o(.text)
    TM_ILI9341_GetStringSize                 0x080030cd   Thumb Code    28  tm_stm32f4_ili9341.o(.text)
    SendChar                                 0x080030e9   Thumb Code   400  tm_stm32f4_ili9341.o(.text)
    SendString                               0x08003279   Thumb Code   144  tm_stm32f4_ili9341.o(.text)
    TM_ILI9341_DrawLine                      0x08003309   Thumb Code   228  tm_stm32f4_ili9341.o(.text)
    TM_ILI9341_DrawRectangle                 0x080033ed   Thumb Code    68  tm_stm32f4_ili9341.o(.text)
    TM_ILI9341_DrawFilledRectangle           0x08003431   Thumb Code    44  tm_stm32f4_ili9341.o(.text)
    TM_ILI9341_DrawCircle                    0x0800345d   Thumb Code   268  tm_stm32f4_ili9341.o(.text)
    TM_ILI9341_DrawFilledCircle              0x08003569   Thumb Code   248  tm_stm32f4_ili9341.o(.text)
    TM_SPI_InitCustomPinsCallback            0x08003695   Thumb Code     2  tm_stm32f4_spi.o(.text)
    TM_SPI6_INT_InitPins                     0x08003697   Thumb Code    42  tm_stm32f4_spi.o(.text)
    TM_SPI5_INT_InitPins                     0x080036c1   Thumb Code    76  tm_stm32f4_spi.o(.text)
    TM_SPI4_INT_InitPins                     0x0800370d   Thumb Code    60  tm_stm32f4_spi.o(.text)
    TM_SPI3_INT_InitPins                     0x08003749   Thumb Code    60  tm_stm32f4_spi.o(.text)
    TM_SPI2_INT_InitPins                     0x08003785   Thumb Code    90  tm_stm32f4_spi.o(.text)
    TM_SPI1_INT_InitPins                     0x080037df   Thumb Code    58  tm_stm32f4_spi.o(.text)
    TM_SPI_Init                              0x0800393b   Thumb Code   136  tm_stm32f4_spi.o(.text)
    TM_SPI_InitWithMode                      0x080039c3   Thumb Code   134  tm_stm32f4_spi.o(.text)
    TM_SPI_InitFull                          0x08003a49   Thumb Code   200  tm_stm32f4_spi.o(.text)
    TM_SPI_GetPrescalerFromMaxFrequency      0x08003b11   Thumb Code    78  tm_stm32f4_spi.o(.text)
    TM_SPI_SetDataSize                       0x08003b5f   Thumb Code    44  tm_stm32f4_spi.o(.text)
    TM_SPI_SendMulti                         0x08003b8b   Thumb Code    52  tm_stm32f4_spi.o(.text)
    TM_SPI_WriteMulti                        0x08003bbf   Thumb Code    50  tm_stm32f4_spi.o(.text)
    TM_SPI_ReadMulti                         0x08003bf1   Thumb Code    50  tm_stm32f4_spi.o(.text)
    TM_SPI_SendMulti16                       0x08003c23   Thumb Code    56  tm_stm32f4_spi.o(.text)
    TM_SPI_WriteMulti16                      0x08003c5b   Thumb Code    52  tm_stm32f4_spi.o(.text)
    TM_SPI_ReadMulti16                       0x08003c8f   Thumb Code    52  tm_stm32f4_spi.o(.text)
    TM_GPIO_GetPortSource                    0x08003cd5   Thumb Code    10  tm_stm32f4_gpio.o(.text)
    TM_GPIO_INT_Init                         0x08003cdf   Thumb Code   130  tm_stm32f4_gpio.o(.text)
    TM_GPIO_INT_EnableClock                  0x08003d61   Thumb Code    20  tm_stm32f4_gpio.o(.text)
    TM_GPIO_Init                             0x08003d75   Thumb Code    34  tm_stm32f4_gpio.o(.text)
    TM_GPIO_InitAlternate                    0x08003d97   Thumb Code    92  tm_stm32f4_gpio.o(.text)
    TM_GPIO_DeInit                           0x08003df3   Thumb Code    66  tm_stm32f4_gpio.o(.text)
    TM_GPIO_SetPinAsInput                    0x08003e35   Thumb Code    38  tm_stm32f4_gpio.o(.text)
    TM_GPIO_SetPinAsOutput                   0x08003e5b   Thumb Code    46  tm_stm32f4_gpio.o(.text)
    TM_GPIO_SetPinAsAnalog                   0x08003e89   Thumb Code    38  tm_stm32f4_gpio.o(.text)
    TM_GPIO_SetPinAsAlternate                0x08003eaf   Thumb Code    48  tm_stm32f4_gpio.o(.text)
    TM_GPIO_SetPullResistor                  0x08003edf   Thumb Code    46  tm_stm32f4_gpio.o(.text)
    TM_GPIO_Lock                             0x08003f0d   Thumb Code    16  tm_stm32f4_gpio.o(.text)
    TM_GPIO_GetPinSource                     0x08003f1d   Thumb Code    18  tm_stm32f4_gpio.o(.text)
    TM_GPIO_INT_DisableClock                 0x08003f2f   Thumb Code    20  tm_stm32f4_gpio.o(.text)
    TM_GPIO_GetUsedPins                      0x08003f43   Thumb Code    14  tm_stm32f4_gpio.o(.text)
    TM_GPIO_GetFreePins                      0x08003f51   Thumb Code    18  tm_stm32f4_gpio.o(.text)
    TM_SPI_DMA_Init                          0x08003faf   Thumb Code    74  tm_stm32f4_spi_dma.o(.text)
    TM_SPI_DMA_InitWithStreamAndChannel      0x08003ff9   Thumb Code    30  tm_stm32f4_spi_dma.o(.text)
    TM_SPI_DMA_Deinit                        0x08004017   Thumb Code    24  tm_stm32f4_spi_dma.o(.text)
    TM_SPI_DMA_Transmit                      0x0800402f   Thumb Code   210  tm_stm32f4_spi_dma.o(.text)
    TM_SPI_DMA_SendByte                      0x08004101   Thumb Code    94  tm_stm32f4_spi_dma.o(.text)
    TM_SPI_DMA_SendHalfWord                  0x0800415f   Thumb Code   102  tm_stm32f4_spi_dma.o(.text)
    TM_SPI_DMA_Working                       0x080041c5   Thumb Code    40  tm_stm32f4_spi_dma.o(.text)
    TM_SPI_DMA_GetStreamTX                   0x080041ed   Thumb Code    10  tm_stm32f4_spi_dma.o(.text)
    TM_SPI_DMA_GetStreamRX                   0x080041f7   Thumb Code    10  tm_stm32f4_spi_dma.o(.text)
    TM_SPI_DMA_EnableInterrupts              0x08004201   Thumb Code    24  tm_stm32f4_spi_dma.o(.text)
    TM_SPI_DMA_DisableInterrupts             0x08004219   Thumb Code    24  tm_stm32f4_spi_dma.o(.text)
    TM_DMA_ClearFlag                         0x08004259   Thumb Code    52  tm_stm32f4_dma.o(.text)
    TM_DMA_ClearFlags                        0x0800428d   Thumb Code     4  tm_stm32f4_dma.o(.text)
    TM_DMA_GetFlags                          0x08004291   Thumb Code    52  tm_stm32f4_dma.o(.text)
    TM_DMA_EnableInterrupts                  0x080042c5   Thumb Code    94  tm_stm32f4_dma.o(.text)
    TM_DMA_DisableInterrupts                 0x08004323   Thumb Code    76  tm_stm32f4_dma.o(.text)
    TM_DMA_TransferCompleteHandler           0x0800436f   Thumb Code     2  tm_stm32f4_dma.o(.text)
    TM_DMA_HalfTransferCompleteHandler       0x08004371   Thumb Code     2  tm_stm32f4_dma.o(.text)
    TM_DMA_TransferErrorHandler              0x08004373   Thumb Code     2  tm_stm32f4_dma.o(.text)
    TM_DMA_DirectModeErrorHandler            0x08004375   Thumb Code     2  tm_stm32f4_dma.o(.text)
    TM_DMA_FIFOErrorHandler                  0x08004377   Thumb Code     2  tm_stm32f4_dma.o(.text)
    DMA1_Stream0_IRQHandler                  0x080043df   Thumb Code     6  tm_stm32f4_dma.o(.text)
    DMA1_Stream1_IRQHandler                  0x080043e5   Thumb Code     6  tm_stm32f4_dma.o(.text)
    DMA1_Stream2_IRQHandler                  0x080043eb   Thumb Code     6  tm_stm32f4_dma.o(.text)
    DMA1_Stream3_IRQHandler                  0x080043f1   Thumb Code     6  tm_stm32f4_dma.o(.text)
    DMA1_Stream4_IRQHandler                  0x080043f7   Thumb Code     6  tm_stm32f4_dma.o(.text)
    DMA1_Stream5_IRQHandler                  0x080043fd   Thumb Code     6  tm_stm32f4_dma.o(.text)
    DMA1_Stream6_IRQHandler                  0x08004403   Thumb Code     6  tm_stm32f4_dma.o(.text)
    DMA1_Stream7_IRQHandler                  0x08004409   Thumb Code     6  tm_stm32f4_dma.o(.text)
    DMA2_Stream0_IRQHandler                  0x0800440f   Thumb Code     4  tm_stm32f4_dma.o(.text)
    DMA2_Stream1_IRQHandler                  0x08004413   Thumb Code     6  tm_stm32f4_dma.o(.text)
    DMA2_Stream2_IRQHandler                  0x08004419   Thumb Code     6  tm_stm32f4_dma.o(.text)
    DMA2_Stream3_IRQHandler                  0x0800441f   Thumb Code     6  tm_stm32f4_dma.o(.text)
    DMA2_Stream4_IRQHandler                  0x08004425   Thumb Code     6  tm_stm32f4_dma.o(.text)
    DMA2_Stream5_IRQHandler                  0x0800442b   Thumb Code     6  tm_stm32f4_dma.o(.text)
    DMA2_Stream6_IRQHandler                  0x08004431   Thumb Code     6  tm_stm32f4_dma.o(.text)
    DMA2_Stream7_IRQHandler                  0x08004437   Thumb Code     6  tm_stm32f4_dma.o(.text)
    TM_RTC_SetDateTime                       0x0800444d   Thumb Code   470  tm_stm32f4_rtc.o(.text)
    TM_RTC_Config                            0x08004623   Thumb Code    92  tm_stm32f4_rtc.o(.text)
    TM_RTC_GetUnixTimeStamp                  0x0800467f   Thumb Code   180  tm_stm32f4_rtc.o(.text)
    TM_RTC_GetDateTime                       0x08004733   Thumb Code    92  tm_stm32f4_rtc.o(.text)
    TM_RTC_Init                              0x0800478f   Thumb Code   166  tm_stm32f4_rtc.o(.text)
    TM_RTC_SetDateTimeString                 0x08004835   Thumb Code   312  tm_stm32f4_rtc.o(.text)
    TM_RTC_GetDaysInMonth                    0x0800496d   Thumb Code    88  tm_stm32f4_rtc.o(.text)
    TM_RTC_GetDaysInYear                     0x080049c5   Thumb Code    46  tm_stm32f4_rtc.o(.text)
    TM_RTC_Interrupts                        0x080049f3   Thumb Code   234  tm_stm32f4_rtc.o(.text)
    TM_RTC_GetDateTimeFromUnix               0x08004add   Thumb Code   210  tm_stm32f4_rtc.o(.text)
    TM_RTC_DisableAlarm                      0x08004baf   Thumb Code   102  tm_stm32f4_rtc.o(.text)
    TM_RTC_SetAlarm                          0x08004c15   Thumb Code   156  tm_stm32f4_rtc.o(.text)
    TM_RTC_WriteBackupRegister               0x08004cb1   Thumb Code    16  tm_stm32f4_rtc.o(.text)
    TM_RTC_ReadBackupRegister                0x08004cc1   Thumb Code    20  tm_stm32f4_rtc.o(.text)
    TM_RTC_RequestHandler                    0x08004cd5   Thumb Code     2  tm_stm32f4_rtc.o(.text)
    TM_RTC_AlarmAHandler                     0x08004cd7   Thumb Code     2  tm_stm32f4_rtc.o(.text)
    TM_RTC_AlarmBHandler                     0x08004cd9   Thumb Code     2  tm_stm32f4_rtc.o(.text)
    RTC_WKUP_IRQHandler                      0x08004cdb   Thumb Code    34  tm_stm32f4_rtc.o(.text)
    RTC_Alarm_IRQHandler                     0x08004cfd   Thumb Code    56  tm_stm32f4_rtc.o(.text)
    TM_PWM_InitTimer                         0x08004d49   Thumb Code   232  tm_stm32f4_pwm.o(.text)
    TM_PWM_INT_InitTIM14Pins                 0x08004e31   Thumb Code    58  tm_stm32f4_pwm.o(.text)
    TM_PWM_INT_InitTIM13Pins                 0x08004e6b   Thumb Code    58  tm_stm32f4_pwm.o(.text)
    TM_PWM_INT_InitTIM12Pins                 0x08004ea5   Thumb Code   106  tm_stm32f4_pwm.o(.text)
    TM_PWM_INT_InitTIM11Pins                 0x08004f0f   Thumb Code    58  tm_stm32f4_pwm.o(.text)
    TM_PWM_INT_InitTIM10Pins                 0x08004f49   Thumb Code    58  tm_stm32f4_pwm.o(.text)
    TM_PWM_INT_InitTIM9Pins                  0x08004f83   Thumb Code    98  tm_stm32f4_pwm.o(.text)
    TM_PWM_INT_InitTIM8Pins                  0x08004fe5   Thumb Code   170  tm_stm32f4_pwm.o(.text)
    TM_PWM_INT_InitTIM5Pins                  0x0800508f   Thumb Code   218  tm_stm32f4_pwm.o(.text)
    TM_PWM_INT_InitTIM4Pins                  0x08005169   Thumb Code   174  tm_stm32f4_pwm.o(.text)
    TM_PWM_INT_InitTIM3Pins                  0x08005217   Thumb Code   210  tm_stm32f4_pwm.o(.text)
    TM_PWM_INT_InitTIM2Pins                  0x080052e9   Thumb Code   186  tm_stm32f4_pwm.o(.text)
    TM_PWM_INT_InitTIM1Pins                  0x080053a3   Thumb Code   208  tm_stm32f4_pwm.o(.text)
    TM_PWM_InitChannel                       0x08005473   Thumb Code   152  tm_stm32f4_pwm.o(.text)
    TM_PWM_SetChannel                        0x0800550b   Thumb Code   320  tm_stm32f4_pwm.o(.text)
    TM_PWM_SetChannelPercent                 0x0800564b   Thumb Code    72  tm_stm32f4_pwm.o(.text)
    TM_PWM_SetChannelMicros                  0x08005693   Thumb Code    40  tm_stm32f4_pwm.o(.text)
    TM_TIMER_PROPERTIES_GetTimerProperties   0x080056c5   Thumb Code   138  tm_stm32f4_timer_properties.o(.text)
    TM_TIMER_PROPERTIES_GenerateDataForWorkingFrequency 0x0800574f   Thumb Code   146  tm_stm32f4_timer_properties.o(.text)
    TM_TIMER_PROPERTIES_EnableClock          0x080057e1   Thumb Code   206  tm_stm32f4_timer_properties.o(.text)
    TM_TIMER_PROPERTIES_DisableClock         0x080058af   Thumb Code   206  tm_stm32f4_timer_properties.o(.text)
    WriteFlash                               0x080059c9   Thumb Code    14  main.o(.text)
    TIMERS_Init                              0x080059d7   Thumb Code   726  main.o(.text)
    SetCH_ALL                                0x08005cad   Thumb Code   486  main.o(.text)
    StartPage                                0x08005e93   Thumb Code   684  main.o(.text)
    FreqSendDisplay                          0x0800613f   Thumb Code    58  main.o(.text)
    InitBUTT                                 0x08006179   Thumb Code    46  main.o(.text)
    main                                     0x080061a7   Thumb Code  1004  main.o(.text)
    NMI_Handler                              0x080065c9   Thumb Code     2  stm32f4xx_it.o(.text)
    HardFault_Handler                        0x080065cb   Thumb Code     2  stm32f4xx_it.o(.text)
    MemManage_Handler                        0x080065cd   Thumb Code     2  stm32f4xx_it.o(.text)
    BusFault_Handler                         0x080065cf   Thumb Code     2  stm32f4xx_it.o(.text)
    UsageFault_Handler                       0x080065d1   Thumb Code     2  stm32f4xx_it.o(.text)
    SVC_Handler                              0x080065d3   Thumb Code     2  stm32f4xx_it.o(.text)
    DebugMon_Handler                         0x080065d5   Thumb Code     2  stm32f4xx_it.o(.text)
    PendSV_Handler                           0x080065d7   Thumb Code     2  stm32f4xx_it.o(.text)
    SysTick_Handler                          0x080065db   Thumb Code     8  stm32f4xx_it.o(.text)
    SystemInit                               0x08006687   Thumb Code    74  system_stm32f4xx.o(.text)
    SystemCoreClockUpdate                    0x080066d1   Thumb Code   108  system_stm32f4xx.o(.text)
    malloc                                   0x08006765   Thumb Code    94  h1_alloc.o(.text)
    free                                     0x080067c3   Thumb Code    78  h1_free.o(.text)
    __aeabi_llsl                             0x08006811   Thumb Code     0  llshl.o(.text)
    _ll_shift_l                              0x08006811   Thumb Code    38  llshl.o(.text)
    __2sprintf                               0x08006839   Thumb Code    34  noretval__2sprintf.o(.text)
    _printf_int_dec                          0x08006861   Thumb Code   104  _printf_dec.o(.text)
    __printf                                 0x080068d9   Thumb Code   270  __printf_wp.o(.text)
    __use_two_region_memory                  0x080069e7   Thumb Code     2  heapauxi.o(.text)
    __rt_heap_escrow                         0x080069e9   Thumb Code     2  heapauxi.o(.text)
    __rt_heap_expand                         0x080069eb   Thumb Code     2  heapauxi.o(.text)
    __rt_heap_descriptor                     0x080069ed   Thumb Code     8  rt_heap_descriptor_intlibspace.o(.text)
    __use_no_heap                            0x080069f5   Thumb Code     2  hguard.o(.text)
    __heap$guard                             0x080069f7   Thumb Code     2  hguard.o(.text)
    _terminate_user_alloc                    0x080069f9   Thumb Code     2  init_alloc.o(.text)
    _init_user_alloc                         0x080069fb   Thumb Code     2  init_alloc.o(.text)
    __Heap_Full                              0x080069fd   Thumb Code    34  init_alloc.o(.text)
    __Heap_Broken                            0x08006a1f   Thumb Code     6  init_alloc.o(.text)
    _init_alloc                              0x08006a25   Thumb Code    94  init_alloc.o(.text)
    __Heap_Initialize                        0x08006a83   Thumb Code    10  h1_init.o(.text)
    __Heap_DescSize                          0x08006a8d   Thumb Code     4  h1_init.o(.text)
    _printf_int_common                       0x08006a91   Thumb Code   178  _printf_intcommon.o(.text)
    __lib_sel_fp_printf                      0x08006b43   Thumb Code     2  _printf_fp_dec.o(.text)
    _printf_fp_dec_real                      0x08006cf5   Thumb Code   620  _printf_fp_dec.o(.text)
    _printf_char_common                      0x08006f6b   Thumb Code    32  _printf_char_common.o(.text)
    _sputc                                   0x08006f91   Thumb Code    10  _sputc.o(.text)
    __user_libspace                          0x08006f9d   Thumb Code     8  libspace.o(.text)
    __user_perproc_libspace                  0x08006f9d   Thumb Code     0  libspace.o(.text)
    __user_perthread_libspace                0x08006f9d   Thumb Code     0  libspace.o(.text)
    __rt_locale                              0x08006fa5   Thumb Code     8  rt_locale_intlibspace.o(.text)
    __Heap_ProvideMemory                     0x08006fad   Thumb Code    52  h1_extend.o(.text)
    _ll_udiv10                               0x08006fe1   Thumb Code   138  lludiv10.o(.text)
    _printf_fp_infnan                        0x0800706d   Thumb Code   112  _printf_fp_infnan.o(.text)
    _btod_etento                             0x080070ed   Thumb Code   224  bigflt0.o(.text)
    __rt_SIGRTMEM                            0x080071d1   Thumb Code    14  defsig_rtmem_outer.o(.text)
    __I$use$semihosting                      0x080071df   Thumb Code     0  use_no_semi.o(.text)
    __use_no_semihosting_swi                 0x080071df   Thumb Code     2  use_no_semi.o(.text)
    __semihosting_library_function           0x080071e1   Thumb Code     0  indicate_semi.o(.text)
    __user_setup_stackheap                   0x080071e1   Thumb Code    74  sys_stackheap_outer.o(.text)
    exit                                     0x0800722b   Thumb Code    18  exit.o(.text)
    __sig_exit                               0x0800723d   Thumb Code    10  defsig_exit.o(.text)
    __rt_SIGRTMEM_inner                      0x08007249   Thumb Code    22  defsig_rtmem_inner.o(.text)
    strcmp                                   0x08007299   Thumb Code   128  strcmpv7m.o(.text)
    _sys_exit                                0x08007319   Thumb Code     8  sys_exit.o(.text)
    __default_signal_display                 0x08007325   Thumb Code    50  defsig_general.o(.text)
    _ttywrch                                 0x08007357   Thumb Code    14  sys_wrch.o(.text)
    _btod_d2e                                0x08007365   Thumb Code    62  btod.o(CL$$btod_d2e)
    _d2e_denorm_low                          0x080073a3   Thumb Code    70  btod.o(CL$$btod_d2e_denorm_low)
    _d2e_norm_op1                            0x080073e9   Thumb Code    96  btod.o(CL$$btod_d2e_norm_op1)
    __btod_div_common                        0x08007449   Thumb Code   696  btod.o(CL$$btod_div_common)
    _e2e                                     0x08007781   Thumb Code   220  btod.o(CL$$btod_e2e)
    _btod_ediv                               0x0800785d   Thumb Code    42  btod.o(CL$$btod_ediv)
    _btod_emul                               0x08007887   Thumb Code    42  btod.o(CL$$btod_emul)
    __btod_mult_common                       0x080078b1   Thumb Code   580  btod.o(CL$$btod_mult_common)
    __ARM_fpclassify                         0x08007af5   Thumb Code    48  fpclassify.o(i.__ARM_fpclassify)
    _is_digit                                0x08007b25   Thumb Code    14  __printf_wp.o(i._is_digit)
    _get_lc_numeric                          0x08007b35   Thumb Code    44  lc_numeric_c.o(locale$$code)
    __fpl_dretinf                            0x08007b61   Thumb Code    12  dretinf.o(x$fpl$dretinf)
    __aeabi_f2d                              0x08007b6d   Thumb Code     0  f2d.o(x$fpl$f2d)
    _f2d                                     0x08007b6d   Thumb Code    86  f2d.o(x$fpl$f2d)
    __fpl_fnaninf                            0x08007bc3   Thumb Code   140  fnaninf.o(x$fpl$fnaninf)
    _fp_init                                 0x08007c4f   Thumb Code    10  fpinit.o(x$fpl$fpinit)
    __fplib_config_fpu_vfp                   0x08007c57   Thumb Code     0  fpinit.o(x$fpl$fpinit)
    __fplib_config_pureend_doubles           0x08007c57   Thumb Code     0  fpinit.o(x$fpl$fpinit)
    _printf_fp_dec                           0x08007c59   Thumb Code     4  printf1.o(x$fpl$printf1)
    TM_Font11x18                             0x08007c5c   Data        3420  tm_stm32f4_fonts.o(.constdata)
    __I$use$fp                               0x08007c5c   Number         0  usenofp.o(x$fpl$usenofp)
    Region$$Table$$Base                      0x08008d80   Number         0  anon$$obj.o(Region$$Table)
    Region$$Table$$Limit                     0x08008da0   Number         0  anon$$obj.o(Region$$Table)
    TM_DELAY_Initialized                     0x20000010   Data           1  tm_stm32f4_delay.o(.data)
    TM_Time                                  0x20000014   Data           4  tm_stm32f4_delay.o(.data)
    TM_Time2                                 0x20000018   Data           4  tm_stm32f4_delay.o(.data)
    mult                                     0x2000001c   Data           4  tm_stm32f4_delay.o(.data)
    TM_Font_11x18                            0x20000020   Data           8  tm_stm32f4_fonts.o(.data)
    ILI9341_x                                0x20000028   Data           2  tm_stm32f4_ili9341.o(.data)
    ILI9341_y                                0x2000002a   Data           2  tm_stm32f4_ili9341.o(.data)
    ILI9341_Opts                             0x2000002c   Data           6  tm_stm32f4_ili9341.o(.data)
    Digolechars                              0x20000032   Data         264  tm_stm32f4_ili9341.o(.data)
    TM_RTC_Status                            0x200001cc   Data           4  tm_stm32f4_rtc.o(.data)
    RTC_TimeStruct                           0x200001d0   Data           4  tm_stm32f4_rtc.o(.data)
    RTC_DateStruct                           0x200001d4   Data           4  tm_stm32f4_rtc.o(.data)
    NVIC_InitStruct                          0x200001d8   Data           4  tm_stm32f4_rtc.o(.data)
    EXTI_InitStruct                          0x200001dc   Data           8  tm_stm32f4_rtc.o(.data)
    TM_RTC_Months                            0x200001e4   Data          24  tm_stm32f4_rtc.o(.data)
    MENU                                     0x200001fc   Data           1  main.o(.data)
    STEP                                     0x200001fe   Data           2  main.o(.data)
    STEPd                                    0x20000200   Data           2  main.o(.data)
    STEPf                                    0x20000202   Data           2  main.o(.data)
    DUT1                                     0x20000204   Data           2  main.o(.data)
    DUT2                                     0x20000206   Data           2  main.o(.data)
    DUT3                                     0x20000208   Data           2  main.o(.data)
    DUT4                                     0x2000020a   Data           2  main.o(.data)
    PHAS1                                    0x2000020c   Data           2  main.o(.data)
    PHAS2                                    0x2000020e   Data           2  main.o(.data)
    PHAS3                                    0x20000210   Data           2  main.o(.data)
    DUTY1                                    0x20000214   Data           4  main.o(.data)
    DUTY2                                    0x20000218   Data           4  main.o(.data)
    DUTY3                                    0x2000021c   Data           4  main.o(.data)
    DUTY4                                    0x20000220   Data           4  main.o(.data)
    PHASE1                                   0x20000224   Data           4  main.o(.data)
    PHASE2                                   0x20000228   Data           4  main.o(.data)
    PHASE3                                   0x2000022c   Data           4  main.o(.data)
    DUTx                                     0x20000230   Data           4  main.o(.data)
    PHASEs                                   0x20000234   Data           4  main.o(.data)
    FREQ                                     0x20000238   Data           4  main.o(.data)
    SystemCoreClock                          0x2000023c   Data           4  system_stm32f4xx.o(.data)
    AHBPrescTable                            0x20000240   Data          16  system_stm32f4xx.o(.data)
    RTC_InitStruct                           0x200002bc   Data          12  tm_stm32f4_rtc.o(.bss)
    TIM_OC                                   0x200002c8   Data          20  main.o(.bss)
    TIM1_Data                                0x200002dc   Data          40  main.o(.bss)
    TIM2_Data                                0x20000304   Data          40  main.o(.bss)
    TIM3_Data                                0x2000032c   Data          40  main.o(.bss)
    TIM4_Data                                0x20000354   Data          40  main.o(.bss)
    TIM5_Data                                0x2000037c   Data          40  main.o(.bss)
    __libspace_start                         0x200003a4   Data          96  libspace.o(.bss)
    __temporary_stack_top$libspace           0x20000404   Data           0  libspace.o(.bss)



==============================================================================

Memory Map of the image

  Image Entry point : 0x08000189

  Load Region LR_IROM1 (Base: 0x08000000, Size: 0x0000900c, Max: 0x00080000, ABSOLUTE, COMPRESSED[0x00008f3c])

    Execution Region ER_IROM1 (Exec base: 0x08000000, Load base: 0x08000000, Size: 0x00008dbc, Max: 0x00080000, ABSOLUTE)

    Exec Addr    Load Addr    Size         Type   Attr      Idx    E Section Name        Object

    0x08000000   0x08000000   0x00000188   Data   RO            3    RESET               startup_stm32f407xx.o
    0x08000188   0x08000188   0x00000008   Code   RO          209  * !!!main             c_w.l(__main.o)
    0x08000190   0x08000190   0x00000034   Code   RO          394    !!!scatter          c_w.l(__scatter.o)
    0x080001c4   0x080001c4   0x0000005a   Code   RO          393    !!dczerorl2         c_w.l(__dczerorl2.o)
    0x0800021e   0x0800021e   0x00000002   PAD
    0x08000220   0x08000220   0x0000001c   Code   RO          395    !!handler_zi        c_w.l(__scatter_zi.o)
    0x0800023c   0x0800023c   0x00000000   Code   RO          206    .ARM.Collect$$_printf_percent$$00000000  c_w.l(_printf_percent.o)
    0x0800023c   0x0800023c   0x00000006   Code   RO          205    .ARM.Collect$$_printf_percent$$00000003  c_w.l(_printf_f.o)
    0x08000242   0x08000242   0x00000006   Code   RO          204    .ARM.Collect$$_printf_percent$$00000009  c_w.l(_printf_d.o)
    0x08000248   0x08000248   0x00000004   Code   RO          231    .ARM.Collect$$_printf_percent$$00000017  c_w.l(_printf_percent_end.o)
    0x0800024c   0x0800024c   0x00000002   Code   RO          348    .ARM.Collect$$libinit$$00000000  c_w.l(libinit.o)
    0x0800024e   0x0800024e   0x00000004   Code   RO          234    .ARM.Collect$$libinit$$00000001  c_w.l(libinit2.o)
    0x08000252   0x08000252   0x00000000   Code   RO          237    .ARM.Collect$$libinit$$00000004  c_w.l(libinit2.o)
    0x08000252   0x08000252   0x00000008   Code   RO          238    .ARM.Collect$$libinit$$00000005  c_w.l(libinit2.o)
    0x0800025a   0x0800025a   0x00000000   Code   RO          240    .ARM.Collect$$libinit$$0000000A  c_w.l(libinit2.o)
    0x0800025a   0x0800025a   0x00000000   Code   RO          242    .ARM.Collect$$libinit$$0000000C  c_w.l(libinit2.o)
    0x0800025a   0x0800025a   0x00000000   Code   RO          244    .ARM.Collect$$libinit$$0000000E  c_w.l(libinit2.o)
    0x0800025a   0x0800025a   0x00000006   Code   RO          245    .ARM.Collect$$libinit$$0000000F  c_w.l(libinit2.o)
    0x08000260   0x08000260   0x00000000   Code   RO          247    .ARM.Collect$$libinit$$00000011  c_w.l(libinit2.o)
    0x08000260   0x08000260   0x00000000   Code   RO          249    .ARM.Collect$$libinit$$00000013  c_w.l(libinit2.o)
    0x08000260   0x08000260   0x00000000   Code   RO          251    .ARM.Collect$$libinit$$00000015  c_w.l(libinit2.o)
    0x08000260   0x08000260   0x0000000a   Code   RO          252    .ARM.Collect$$libinit$$00000016  c_w.l(libinit2.o)
    0x0800026a   0x0800026a   0x00000000   Code   RO          253    .ARM.Collect$$libinit$$00000017  c_w.l(libinit2.o)
    0x0800026a   0x0800026a   0x00000000   Code   RO          255    .ARM.Collect$$libinit$$00000019  c_w.l(libinit2.o)
    0x0800026a   0x0800026a   0x00000000   Code   RO          257    .ARM.Collect$$libinit$$0000001B  c_w.l(libinit2.o)
    0x0800026a   0x0800026a   0x00000000   Code   RO          259    .ARM.Collect$$libinit$$0000001D  c_w.l(libinit2.o)
    0x0800026a   0x0800026a   0x00000000   Code   RO          261    .ARM.Collect$$libinit$$0000001F  c_w.l(libinit2.o)
    0x0800026a   0x0800026a   0x00000000   Code   RO          263    .ARM.Collect$$libinit$$00000021  c_w.l(libinit2.o)
    0x0800026a   0x0800026a   0x00000000   Code   RO          265    .ARM.Collect$$libinit$$00000023  c_w.l(libinit2.o)
    0x0800026a   0x0800026a   0x00000000   Code   RO          267    .ARM.Collect$$libinit$$00000025  c_w.l(libinit2.o)
    0x0800026a   0x0800026a   0x00000000   Code   RO          271    .ARM.Collect$$libinit$$0000002C  c_w.l(libinit2.o)
    0x0800026a   0x0800026a   0x00000000   Code   RO          273    .ARM.Collect$$libinit$$0000002E  c_w.l(libinit2.o)
    0x0800026a   0x0800026a   0x00000000   Code   RO          275    .ARM.Collect$$libinit$$00000030  c_w.l(libinit2.o)
    0x0800026a   0x0800026a   0x00000000   Code   RO          277    .ARM.Collect$$libinit$$00000032  c_w.l(libinit2.o)
    0x0800026a   0x0800026a   0x00000002   Code   RO          278    .ARM.Collect$$libinit$$00000033  c_w.l(libinit2.o)
    0x0800026c   0x0800026c   0x00000002   Code   RO          390    .ARM.Collect$$libshutdown$$00000000  c_w.l(libshutdown.o)
    0x0800026e   0x0800026e   0x00000000   Code   RO          357    .ARM.Collect$$libshutdown$$00000002  c_w.l(libshutdown2.o)
    0x0800026e   0x0800026e   0x00000000   Code   RO          359    .ARM.Collect$$libshutdown$$00000004  c_w.l(libshutdown2.o)
    0x0800026e   0x0800026e   0x00000000   Code   RO          362    .ARM.Collect$$libshutdown$$00000007  c_w.l(libshutdown2.o)
    0x0800026e   0x0800026e   0x00000000   Code   RO          365    .ARM.Collect$$libshutdown$$0000000A  c_w.l(libshutdown2.o)
    0x0800026e   0x0800026e   0x00000000   Code   RO          367    .ARM.Collect$$libshutdown$$0000000C  c_w.l(libshutdown2.o)
    0x0800026e   0x0800026e   0x00000000   Code   RO          370    .ARM.Collect$$libshutdown$$0000000F  c_w.l(libshutdown2.o)
    0x0800026e   0x0800026e   0x00000002   Code   RO          371    .ARM.Collect$$libshutdown$$00000010  c_w.l(libshutdown2.o)
    0x08000270   0x08000270   0x00000000   Code   RO          213    .ARM.Collect$$rtentry$$00000000  c_w.l(__rtentry.o)
    0x08000270   0x08000270   0x00000000   Code   RO          286    .ARM.Collect$$rtentry$$00000002  c_w.l(__rtentry2.o)
    0x08000270   0x08000270   0x00000006   Code   RO          298    .ARM.Collect$$rtentry$$00000004  c_w.l(__rtentry4.o)
    0x08000276   0x08000276   0x00000000   Code   RO          288    .ARM.Collect$$rtentry$$00000009  c_w.l(__rtentry2.o)
    0x08000276   0x08000276   0x00000004   Code   RO          289    .ARM.Collect$$rtentry$$0000000A  c_w.l(__rtentry2.o)
    0x0800027a   0x0800027a   0x00000000   Code   RO          291    .ARM.Collect$$rtentry$$0000000C  c_w.l(__rtentry2.o)
    0x0800027a   0x0800027a   0x00000008   Code   RO          292    .ARM.Collect$$rtentry$$0000000D  c_w.l(__rtentry2.o)
    0x08000282   0x08000282   0x00000002   Code   RO          350    .ARM.Collect$$rtexit$$00000000  c_w.l(rtexit.o)
    0x08000284   0x08000284   0x00000000   Code   RO          374    .ARM.Collect$$rtexit$$00000002  c_w.l(rtexit2.o)
    0x08000284   0x08000284   0x00000004   Code   RO          375    .ARM.Collect$$rtexit$$00000003  c_w.l(rtexit2.o)
    0x08000288   0x08000288   0x00000006   Code   RO          376    .ARM.Collect$$rtexit$$00000004  c_w.l(rtexit2.o)
    0x0800028e   0x0800028e   0x00000002   PAD
    0x08000290   0x08000290   0x00000000   Code   RO          304    .emb_text           c_w.l(maybetermalloc1.o)
    0x08000290   0x08000290   0x00000040   Code   RO            4    .text               startup_stm32f407xx.o
    0x080002d0   0x080002d0   0x000000b0   Code   RO            8    .text               misc.o
    0x08000380   0x08000380   0x00000484   Code   RO           12    .text               stm32f4xx_rcc.o
    0x08000804   0x08000804   0x0000020c   Code   RO           17    .text               stm32f4xx_gpio.o
    0x08000a10   0x08000a10   0x00000320   Code   RO           21    .text               stm32f4xx_dma.o
    0x08000d30   0x08000d30   0x0000032c   Code   RO           29    .text               stm32f4xx_spi.o
    0x0800105c   0x0800105c   0x00000a54   Code   RO           33    .text               stm32f4xx_rtc.o
    0x08001ab0   0x08001ab0   0x000009dc   Code   RO           45    .text               stm32f4xx_tim.o
    0x0800248c   0x0800248c   0x000004e8   Code   RO           49    .text               stm32f4xx_flash.o
    0x08002974   0x08002974   0x00000180   Code   RO           53    .text               tm_stm32f4_delay.o
    0x08002af4   0x08002af4   0x00000ba0   Code   RO           70    .text               tm_stm32f4_ili9341.o
    0x08003694   0x08003694   0x00000640   Code   RO           77    .text               tm_stm32f4_spi.o
    0x08003cd4   0x08003cd4   0x0000029c   Code   RO           86    .text               tm_stm32f4_gpio.o
    0x08003f70   0x08003f70   0x000002e8   Code   RO           91    .text               tm_stm32f4_spi_dma.o
    0x08004258   0x08004258   0x000001f4   Code   RO           97    .text               tm_stm32f4_dma.o
    0x0800444c   0x0800444c   0x000008fc   Code   RO          107    .text               tm_stm32f4_rtc.o
    0x08004d48   0x08004d48   0x0000097c   Code   RO          121    .text               tm_stm32f4_pwm.o
    0x080056c4   0x080056c4   0x00000304   Code   RO          125    .text               tm_stm32f4_timer_properties.o
    0x080059c8   0x080059c8   0x00000c00   Code   RO          134    .text               main.o
    0x080065c8   0x080065c8   0x0000001a   Code   RO          146    .text               stm32f4xx_it.o
    0x080065e2   0x080065e2   0x00000002   PAD
    0x080065e4   0x080065e4   0x00000180   Code   RO          150    .text               system_stm32f4xx.o
    0x08006764   0x08006764   0x0000005e   Code   RO          156    .text               c_w.l(h1_alloc.o)
    0x080067c2   0x080067c2   0x0000004e   Code   RO          157    .text               c_w.l(h1_free.o)
    0x08006810   0x08006810   0x00000026   Code   RO          186    .text               c_w.l(llshl.o)
    0x08006836   0x08006836   0x00000002   PAD
    0x08006838   0x08006838   0x00000028   Code   RO          188    .text               c_w.l(noretval__2sprintf.o)
    0x08006860   0x08006860   0x00000078   Code   RO          190    .text               c_w.l(_printf_dec.o)
    0x080068d8   0x080068d8   0x0000010e   Code   RO          196    .text               c_w.l(__printf_wp.o)
    0x080069e6   0x080069e6   0x00000006   Code   RO          208    .text               c_w.l(heapauxi.o)
    0x080069ec   0x080069ec   0x00000008   Code   RO          216    .text               c_w.l(rt_heap_descriptor_intlibspace.o)
    0x080069f4   0x080069f4   0x00000004   Code   RO          217    .text               c_w.l(hguard.o)
    0x080069f8   0x080069f8   0x0000008a   Code   RO          218    .text               c_w.l(init_alloc.o)
    0x08006a82   0x08006a82   0x0000000e   Code   RO          220    .text               c_w.l(h1_init.o)
    0x08006a90   0x08006a90   0x000000b2   Code   RO          227    .text               c_w.l(_printf_intcommon.o)
    0x08006b42   0x08006b42   0x0000041e   Code   RO          228    .text               c_w.l(_printf_fp_dec.o)
    0x08006f60   0x08006f60   0x00000030   Code   RO          229    .text               c_w.l(_printf_char_common.o)
    0x08006f90   0x08006f90   0x0000000a   Code   RO          230    .text               c_w.l(_sputc.o)
    0x08006f9a   0x08006f9a   0x00000002   PAD
    0x08006f9c   0x08006f9c   0x00000008   Code   RO          283    .text               c_w.l(libspace.o)
    0x08006fa4   0x08006fa4   0x00000008   Code   RO          302    .text               c_w.l(rt_locale_intlibspace.o)
    0x08006fac   0x08006fac   0x00000034   Code   RO          306    .text               c_w.l(h1_extend.o)
    0x08006fe0   0x08006fe0   0x0000008a   Code   RO          308    .text               c_w.l(lludiv10.o)
    0x0800706a   0x0800706a   0x00000002   PAD
    0x0800706c   0x0800706c   0x00000080   Code   RO          309    .text               c_w.l(_printf_fp_infnan.o)
    0x080070ec   0x080070ec   0x000000e4   Code   RO          311    .text               c_w.l(bigflt0.o)
    0x080071d0   0x080071d0   0x0000000e   Code   RO          326    .text               c_w.l(defsig_rtmem_outer.o)
    0x080071de   0x080071de   0x00000002   Code   RO          334    .text               c_w.l(use_no_semi.o)
    0x080071e0   0x080071e0   0x00000000   Code   RO          335    .text               c_w.l(indicate_semi.o)
    0x080071e0   0x080071e0   0x0000004a   Code   RO          336    .text               c_w.l(sys_stackheap_outer.o)
    0x0800722a   0x0800722a   0x00000012   Code   RO          339    .text               c_w.l(exit.o)
    0x0800723c   0x0800723c   0x0000000a   Code   RO          340    .text               c_w.l(defsig_exit.o)
    0x08007246   0x08007246   0x00000002   PAD
    0x08007248   0x08007248   0x00000050   Code   RO          341    .text               c_w.l(defsig_rtmem_inner.o)
    0x08007298   0x08007298   0x00000080   Code   RO          342    .text               c_w.l(strcmpv7m.o)
    0x08007318   0x08007318   0x0000000c   Code   RO          349    .text               c_w.l(sys_exit.o)
    0x08007324   0x08007324   0x00000032   Code   RO          355    .text               c_w.l(defsig_general.o)
    0x08007356   0x08007356   0x0000000e   Code   RO          372    .text               c_w.l(sys_wrch.o)
    0x08007364   0x08007364   0x0000003e   Code   RO          313    CL$$btod_d2e        c_w.l(btod.o)
    0x080073a2   0x080073a2   0x00000046   Code   RO          315    CL$$btod_d2e_denorm_low  c_w.l(btod.o)
    0x080073e8   0x080073e8   0x00000060   Code   RO          314    CL$$btod_d2e_norm_op1  c_w.l(btod.o)
    0x08007448   0x08007448   0x00000338   Code   RO          323    CL$$btod_div_common  c_w.l(btod.o)
    0x08007780   0x08007780   0x000000dc   Code   RO          320    CL$$btod_e2e        c_w.l(btod.o)
    0x0800785c   0x0800785c   0x0000002a   Code   RO          317    CL$$btod_ediv       c_w.l(btod.o)
    0x08007886   0x08007886   0x0000002a   Code   RO          316    CL$$btod_emul       c_w.l(btod.o)
    0x080078b0   0x080078b0   0x00000244   Code   RO          322    CL$$btod_mult_common  c_w.l(btod.o)
    0x08007af4   0x08007af4   0x00000030   Code   RO          333    i.__ARM_fpclassify  m_wm.l(fpclassify.o)
    0x08007b24   0x08007b24   0x0000000e   Code   RO          198    i._is_digit         c_w.l(__printf_wp.o)
    0x08007b32   0x08007b32   0x00000002   PAD
    0x08007b34   0x08007b34   0x0000002c   Code   RO          325    locale$$code        c_w.l(lc_numeric_c.o)
    0x08007b60   0x08007b60   0x0000000c   Code   RO          279    x$fpl$dretinf       fz_wm.l(dretinf.o)
    0x08007b6c   0x08007b6c   0x00000056   Code   RO          210    x$fpl$f2d           fz_wm.l(f2d.o)
    0x08007bc2   0x08007bc2   0x0000008c   Code   RO          280    x$fpl$fnaninf       fz_wm.l(fnaninf.o)
    0x08007c4e   0x08007c4e   0x0000000a   Code   RO          331    x$fpl$fpinit        fz_wm.l(fpinit.o)
    0x08007c58   0x08007c58   0x00000004   Code   RO          211    x$fpl$printf1       fz_wm.l(printf1.o)
    0x08007c5c   0x08007c5c   0x00000000   Code   RO          281    x$fpl$usenofp       fz_wm.l(usenofp.o)
    0x08007c5c   0x08007c5c   0x00000d5c   Data   RO           62    .constdata          tm_stm32f4_fonts.o
    0x080089b8   0x080089b8   0x00000320   Data   RO           71    .constdata          tm_stm32f4_ili9341.o
    0x08008cd8   0x08008cd8   0x00000014   Data   RO           98    .constdata          tm_stm32f4_dma.o
    0x08008cec   0x08008cec   0x00000094   Data   RO          312    .constdata          c_w.l(bigflt0.o)
    0x08008d80   0x08008d80   0x00000020   Data   RO          391    Region$$Table       anon$$obj.o
    0x08008da0   0x08008da0   0x0000001c   Data   RO          324    locale$$data        c_w.l(lc_numeric_c.o)


    Execution Region RW_IRAM1 (Exec base: 0x20000000, Load base: 0x08008dbc, Size: 0x00000a08, Max: 0x00020000, ABSOLUTE, COMPRESSED[0x00000180])

    Exec Addr    Load Addr    Size         Type   Attr      Idx    E Section Name        Object

    0x20000000   COMPRESSED   0x00000010   Data   RW           13    .data               stm32f4xx_rcc.o
    0x20000010   COMPRESSED   0x00000010   Data   RW           56    .data               tm_stm32f4_delay.o
    0x20000020   COMPRESSED   0x00000008   Data   RW           65    .data               tm_stm32f4_fonts.o
    0x20000028   COMPRESSED   0x00000112   Data   RW           72    .data               tm_stm32f4_ili9341.o
    0x2000013a   COMPRESSED   0x00000002   PAD
    0x2000013c   COMPRESSED   0x00000090   Data   RW           93    .data               tm_stm32f4_spi_dma.o
    0x200001cc   COMPRESSED   0x00000030   Data   RW          109    .data               tm_stm32f4_rtc.o
    0x200001fc   COMPRESSED   0x00000040   Data   RW          136    .data               main.o
    0x2000023c   COMPRESSED   0x00000014   Data   RW          151    .data               system_stm32f4xx.o
    0x20000250        -       0x00000018   Zero   RW           54    .bss                tm_stm32f4_delay.o
    0x20000268        -       0x00000016   Zero   RW           87    .bss                tm_stm32f4_gpio.o
    0x2000027e   COMPRESSED   0x00000002   PAD
    0x20000280        -       0x0000003c   Zero   RW           92    .bss                tm_stm32f4_spi_dma.o
    0x200002bc        -       0x0000000c   Zero   RW          108    .bss                tm_stm32f4_rtc.o
    0x200002c8        -       0x000000dc   Zero   RW          135    .bss                main.o
    0x200003a4        -       0x00000060   Zero   RW          284    .bss                c_w.l(libspace.o)
    0x20000404   COMPRESSED   0x00000004   PAD
    0x20000408        -       0x00000200   Zero   RW            2    HEAP                startup_stm32f407xx.o
    0x20000608        -       0x00000400   Zero   RW            1    STACK               startup_stm32f407xx.o


==============================================================================

Image component sizes


      Code (inc. data)   RO Data    RW Data    ZI Data      Debug   Object Name

      3072        290          0         64        220          0   main.o
       176         12          0          0          0          0   misc.o
        64         26        392          0       1536          0   startup_stm32f407xx.o
       800         32          0          0          0          0   stm32f4xx_dma.o
      1256         26          0          0          0          0   stm32f4xx_flash.o
       524         44          0          0          0          0   stm32f4xx_gpio.o
        26          0          0          0          0          0   stm32f4xx_it.o
      1156         52          0         16          0          0   stm32f4xx_rcc.o
      2644         48          0          0          0          0   stm32f4xx_rtc.o
       812         36          0          0          0          0   stm32f4xx_spi.o
      2524         52          0          0          0          0   stm32f4xx_tim.o
       384         40          0         20          0          0   system_stm32f4xx.o
       384         20          0         16         24          0   tm_stm32f4_delay.o
       500         16         20          0          0          0   tm_stm32f4_dma.o
         0          0       3420          8          0          0   tm_stm32f4_fonts.o
       668         14          0          0         22          0   tm_stm32f4_gpio.o
      2976         32        800        274          0          0   tm_stm32f4_ili9341.o
      2428        124          0          0          0          0   tm_stm32f4_pwm.o
      2300         40          0         48         12          0   tm_stm32f4_rtc.o
      1600         78          0          0          0          0   tm_stm32f4_spi.o
       744         40          0        144         60          0   tm_stm32f4_spi_dma.o
       772         76          0          0          0          0   tm_stm32f4_timer_properties.o

    ----------------------------------------------------------------------
     25812       1098       4664        592       1876          0   Object Totals
         0          0         32          0          0          0   (incl. Generated)
         2          0          0          2          2          0   (incl. Padding)

    ----------------------------------------------------------------------

      Code (inc. data)   RO Data    RW Data    ZI Data      Debug   Library Member Name

        90          0          0          0          0          0   __dczerorl2.o
         8          0          0          0          0          0   __main.o
       284          0          0          0          0          0   __printf_wp.o
         0          0          0          0          0          0   __rtentry.o
        12          0          0          0          0          0   __rtentry2.o
         6          0          0          0          0          0   __rtentry4.o
        52          8          0          0          0          0   __scatter.o
        28          0          0          0          0          0   __scatter_zi.o
        48          6          0          0          0          0   _printf_char_common.o
         6          0          0          0          0          0   _printf_d.o
       120         16          0          0          0          0   _printf_dec.o
         6          0          0          0          0          0   _printf_f.o
      1054          0          0          0          0          0   _printf_fp_dec.o
       128         16          0          0          0          0   _printf_fp_infnan.o
       178          0          0          0          0          0   _printf_intcommon.o
         0          0          0          0          0          0   _printf_percent.o
         4          0          0          0          0          0   _printf_percent_end.o
        10          0          0          0          0          0   _sputc.o
       228          4        148          0          0          0   bigflt0.o
      1936        128          0          0          0          0   btod.o
        10          0          0          0          0          0   defsig_exit.o
        50          0          0          0          0          0   defsig_general.o
        80         58          0          0          0          0   defsig_rtmem_inner.o
        14          0          0          0          0          0   defsig_rtmem_outer.o
        18          0          0          0          0          0   exit.o
        94          0          0          0          0          0   h1_alloc.o
        52          0          0          0          0          0   h1_extend.o
        78          0          0          0          0          0   h1_free.o
        14          0          0          0          0          0   h1_init.o
         6          0          0          0          0          0   heapauxi.o
         4          0          0          0          0          0   hguard.o
         0          0          0          0          0          0   indicate_semi.o
       138          0          0          0          0          0   init_alloc.o
        44         10         28          0          0          0   lc_numeric_c.o
         2          0          0          0          0          0   libinit.o
        30          0          0          0          0          0   libinit2.o
         2          0          0          0          0          0   libshutdown.o
         2          0          0          0          0          0   libshutdown2.o
         8          4          0          0         96          0   libspace.o
        38          0          0          0          0          0   llshl.o
       138          0          0          0          0          0   lludiv10.o
         0          0          0          0          0          0   maybetermalloc1.o
        40          6          0          0          0          0   noretval__2sprintf.o
         8          4          0          0          0          0   rt_heap_descriptor_intlibspace.o
         8          4          0          0          0          0   rt_locale_intlibspace.o
         2          0          0          0          0          0   rtexit.o
        10          0          0          0          0          0   rtexit2.o
       128          0          0          0          0          0   strcmpv7m.o
        12          4          0          0          0          0   sys_exit.o
        74          0          0          0          0          0   sys_stackheap_outer.o
        14          0          0          0          0          0   sys_wrch.o
         2          0          0          0          0          0   use_no_semi.o
        12          0          0          0          0          0   dretinf.o
        86          4          0          0          0          0   f2d.o
       140          4          0          0          0          0   fnaninf.o
        10          0          0          0          0          0   fpinit.o
         4          0          0          0          0          0   printf1.o
         0          0          0          0          0          0   usenofp.o
        48          0          0          0          0          0   fpclassify.o

    ----------------------------------------------------------------------
      5632        276        176          0        100          0   Library Totals
        14          0          0          0          4          0   (incl. Padding)

    ----------------------------------------------------------------------

      Code (inc. data)   RO Data    RW Data    ZI Data      Debug   Library Name

      5318        268        176          0         96          0   c_w.l
       252          8          0          0          0          0   fz_wm.l
        48          0          0          0          0          0   m_wm.l

    ----------------------------------------------------------------------
      5632        276        176          0        100          0   Library Totals

    ----------------------------------------------------------------------

==============================================================================


      Code (inc. data)   RO Data    RW Data    ZI Data      Debug   

     31444       1374       4840        592       1976          0   Grand Totals
     31444       1374       4840        384       1976          0   ELF Image Totals (compressed)
     31444       1374       4840        384          0          0   ROM Totals

==============================================================================

    Total RO  Size (Code + RO Data)                36284 (  35.43kB)
    Total RW  Size (RW Data + ZI Data)              2568 (   2.51kB)
    Total ROM Size (Code + RO Data + RW Data)      36668 (  35.81kB)

==============================================================================

